[2025-11-26T01:57:59.249Z] 📝 日誌文件已創建: C:\Users\penny\OneDrive\Desktop\stream-lobby\logs\server-2025-11-26T01-57-59-249Z.log
[2025-11-26T01:57:59.254Z] 
🚀 檢查工具伺服器運行在 http://localhost:3000
[2025-11-26T01:57:59.255Z] ━━━━━━━━━━━━━━━━━━━━━━━━━━━━━━━━━━━━━━
[2025-11-26T01:57:59.256Z] 📋 測試工具 1 (7項測試): http://localhost:3000/
[2025-11-26T01:57:59.256Z] 🎮 測試工具 2 (10項測試): http://localhost:3000/test2.html
[2025-11-26T01:57:59.257Z] ━━━━━━━━━━━━━━━━━━━━━━━━━━━━━━━━━━━━━━
[2025-11-26T01:57:59.259Z] 📝 所有日誌將保存到: C:\Users\penny\OneDrive\Desktop\stream-lobby\logs\server-2025-11-26T01-57-59-249Z.log

[2025-11-26T01:58:21.979Z] 開始執行測試項目 1/10: gVersion 版號測試
[2025-11-26T01:58:21.989Z] 測試項目 1/10 完成
[2025-11-26T01:58:21.990Z] 開始執行測試項目 2/10: Stream n'Spin 彈窗測試
[2025-11-26T01:58:21.992Z] 開始 Stream n'Spin 彈窗測試...
[2025-11-26T01:58:24.936Z] 測試項目 2/10 完成
[2025-11-26T01:58:24.937Z] 開始執行測試項目 3/10: 更名功能測試
[2025-11-26T01:58:24.939Z] 開始更名功能測試 (點擊帳號名稱 -> 開啟視窗 -> 點擊 X 關閉)...
[2025-11-26T01:58:27.406Z] 測試項目 3/10 完成
[2025-11-26T01:58:27.407Z] 開始執行測試項目 4/10: 排序按鈕測試
[2025-11-26T01:58:27.408Z] 開始排序按鈕測試...
[2025-11-26T01:58:33.171Z] 測試項目 4/10 完成
[2025-11-26T01:58:33.172Z] 開始執行測試項目 5/10: Promotion 圖片檢查
[2025-11-26T01:58:33.173Z] 開始 Promotion 圖片檢查...
[2025-11-26T01:58:35.776Z] 測試項目 5/10 完成
[2025-11-26T01:58:35.777Z] 開始執行測試項目 6/10: All Streamers 圖片檢查
[2025-11-26T01:58:35.778Z] 開始 All Streamers 圖片檢查...
[2025-11-26T01:58:37.292Z] 測試項目 6/10 完成
[2025-11-26T01:58:37.294Z] 開始執行測試項目 7/10: All Streamers 排列按鈕測試
[2025-11-26T01:58:37.295Z] 開始 All Streamers 排列按鈕測試...
[2025-11-26T01:58:43.154Z] 測試項目 7/10 完成
[2025-11-26T01:58:43.669Z] 開始執行測試項目 8/10: 直播主介紹卡片點擊測試
[2025-11-26T01:58:43.670Z] 開始直播主介紹卡片點擊測試...
[2025-11-26T01:58:49.689Z] 測試項目 8/10 完成
[2025-11-26T01:58:49.690Z] 開始執行測試項目 9/10: 排行榜檢查
[2025-11-26T01:58:49.691Z] 開始排行榜檢查...
[2025-11-26T01:58:50.879Z] 滾動到 All Times 區域 (y: 340)...
[2025-11-26T01:58:52.393Z] 移動滑鼠到 All Times 區域 (座標: 32, 340)...
[2025-11-26T01:58:53.148Z] 已截圖 All Times 區域: C:\Users\penny\OneDrive\Desktop\stream-lobby\debug\ranking-all-times-2025-11-26T01-58-15-383Z.png
[2025-11-26T01:58:53.150Z] 檢查 All Times 資料...
[2025-11-26T01:58:53.162Z] 滾動到 Weekly Ranking 區域 (y: 412)...
[2025-11-26T01:58:54.679Z] 移動滑鼠到 Weekly Ranking 區域 (座標: 50, 412)...
[2025-11-26T01:58:55.387Z] 已截圖 Weekly Ranking 區域: C:\Users\penny\OneDrive\Desktop\stream-lobby\debug\ranking-weekly-2025-11-26T01-58-15-383Z.png
[2025-11-26T01:58:55.389Z] 檢查 Weekly Ranking 資料...
[2025-11-26T01:58:55.597Z] 測試項目 9/10 完成
[2025-11-26T01:58:55.598Z] 開始執行測試項目 10/10: 直播主照片檢查
[2025-11-26T01:58:55.599Z] 開始直播主照片檢查...
[2025-11-26T01:58:56.784Z] 點擊 Photo 分頁...
[2025-11-26T01:58:56.785Z] 滾動到頁面頂部...
[2025-11-26T01:58:57.819Z] 當前滾動位置: 0px
[2025-11-26T01:58:57.821Z] Photo 分頁位置: x=422, y=511, 中心點: (621, 535.5)
[2025-11-26T01:58:57.822Z] 移動滑鼠到 Photo 分頁中心 (座標: 621, 535.5)...
[2025-11-26T01:58:58.651Z] 執行點擊 Photo 分頁 (座標: 621, 535.5)...
[2025-11-26T01:58:59.659Z] ✓ Photo 分頁已點擊
[2025-11-26T01:59:01.856Z] 點擊照片區域...
[2025-11-26T01:59:02.382Z] 移動滑鼠到照片區域中心 (座標: 245, 395)...
[2025-11-26T01:59:02.906Z] 點擊照片區域 (座標: 245, 395)...
[2025-11-26T01:59:03.715Z] ✓ 照片區域已點擊
[2025-11-26T01:59:05.453Z] 測試項目 10/10 完成
[2025-11-26T01:59:05.454Z] 所有測試項目執行完成
[2025-11-26T01:59:05.454Z] ✅ 所有 10 個測試項目都已執行
