[2025-11-20T03:05:51.709Z] 📝 日誌文件已創建: C:\Users\penny\OneDrive\Desktop\stream-lobby\logs\server-2025-11-20T03-05-51-708Z.log
[2025-11-20T03:05:51.715Z] 
🚀 檢查工具伺服器運行在 http://localhost:3000
[2025-11-20T03:05:51.716Z] ━━━━━━━━━━━━━━━━━━━━━━━━━━━━━━━━━━━━━━
[2025-11-20T03:05:51.717Z] 📋 測試工具 1 (7項測試): http://localhost:3000/
[2025-11-20T03:05:51.719Z] 🎮 測試工具 2 (10項測試): http://localhost:3000/test2.html
[2025-11-20T03:05:51.720Z] ━━━━━━━━━━━━━━━━━━━━━━━━━━━━━━━━━━━━━━
[2025-11-20T03:05:51.721Z] 📝 所有日誌將保存到: C:\Users\penny\OneDrive\Desktop\stream-lobby\logs\server-2025-11-20T03-05-51-708Z.log

[2025-11-20T03:09:20.663Z] 開始 Stream n'Spin 彈窗測試...
[2025-11-20T03:09:23.718Z] 開始更名功能測試 (點擊帳號名稱 -> 開啟視窗 -> 點擊 X 關閉)...
[2025-11-20T03:09:26.155Z] 開始排序按鈕測試...
[2025-11-20T03:09:32.024Z] 開始 Promotion 圖片檢查...
[2025-11-20T03:09:34.489Z] 開始 All Streamers 圖片檢查...
[2025-11-20T03:09:35.995Z] 開始 All Streamers 排列按鈕測試...
[2025-11-20T03:09:41.748Z] 開始直播主介紹卡片點擊測試...
[2025-11-20T03:09:48.237Z] 開始 Lobby 送禮測試...
[2025-11-20T03:09:49.451Z] 禮物按鈕查找結果: {
  "found": true,
  "x": 1047,
  "y": 144,
  "element": "IMG (by selector)",
  "isClickable": true,
  "hasGiftKeyword": true,
  "debug": "使用選擇器找到禮物按鈕"
}
[2025-11-20T03:09:49.454Z] ERROR: 點擊禮物按鈕失敗: {}
[2025-11-20T03:09:49.456Z] ERROR: 無法點擊禮物按鈕，查找結果: {
  "found": true,
  "x": 1047,
  "y": 144,
  "element": "IMG (by selector)",
  "isClickable": true,
  "hasGiftKeyword": true,
  "debug": "使用選擇器找到禮物按鈕"
}
