[2025-11-25T10:20:01.947Z] 📝 日誌文件已創建: C:\Users\penny\OneDrive\Desktop\stream-lobby\logs\server-2025-11-25T10-20-01-946Z.log
[2025-11-25T10:20:01.953Z] 
🚀 檢查工具伺服器運行在 http://localhost:3000
[2025-11-25T10:20:01.954Z] ━━━━━━━━━━━━━━━━━━━━━━━━━━━━━━━━━━━━━━
[2025-11-25T10:20:01.955Z] 📋 測試工具 1 (7項測試): http://localhost:3000/
[2025-11-25T10:20:01.956Z] 🎮 測試工具 2 (10項測試): http://localhost:3000/test2.html
[2025-11-25T10:20:01.957Z] ━━━━━━━━━━━━━━━━━━━━━━━━━━━━━━━━━━━━━━
[2025-11-25T10:20:01.958Z] 📝 所有日誌將保存到: C:\Users\penny\OneDrive\Desktop\stream-lobby\logs\server-2025-11-25T10-20-01-946Z.log

[2025-11-25T10:21:13.701Z] 開始執行測試項目 1/10: gVersion 版號測試
[2025-11-25T10:21:13.709Z] 測試項目 1/10 完成
[2025-11-25T10:21:13.710Z] 開始執行測試項目 2/10: Stream n'Spin 彈窗測試
[2025-11-25T10:21:13.711Z] 開始 Stream n'Spin 彈窗測試...
[2025-11-25T10:21:14.996Z] 測試項目 2/10 完成
[2025-11-25T10:21:14.996Z] 開始執行測試項目 3/10: 更名功能測試
[2025-11-25T10:21:14.997Z] 開始更名功能測試 (點擊帳號名稱 -> 開啟視窗 -> 點擊 X 關閉)...
[2025-11-25T10:21:17.844Z] 測試項目 3/10 完成
[2025-11-25T10:21:17.844Z] 開始執行測試項目 4/8: 排序按鈕測試
[2025-11-25T10:21:17.847Z] 開始排序按鈕測試...
[2025-11-25T10:21:24.162Z] 測試項目 4/10 完成
[2025-11-25T10:21:24.163Z] 開始執行測試項目 5/10: Promotion 圖片檢查
[2025-11-25T10:21:24.164Z] 開始 Promotion 圖片檢查...
[2025-11-25T10:21:26.717Z] 測試項目 5/10 完成
[2025-11-25T10:21:26.719Z] 開始執行測試項目 6/10: All Streamers 圖片檢查
[2025-11-25T10:21:26.722Z] 開始 All Streamers 圖片檢查...
[2025-11-25T10:21:28.296Z] 測試項目 6/10 完成
[2025-11-25T10:21:28.296Z] 開始執行測試項目 7/10: All Streamers 排列按鈕測試
[2025-11-25T10:21:28.298Z] 開始 All Streamers 排列按鈕測試...
[2025-11-25T10:21:34.161Z] 測試項目 7/10 完成
[2025-11-25T10:21:34.672Z] 開始執行測試項目 8/10: 直播主介紹卡片點擊測試
[2025-11-25T10:21:34.673Z] 開始直播主介紹卡片點擊測試...
[2025-11-25T10:21:40.737Z] 測試項目 8/10 完成
[2025-11-25T10:21:40.738Z] 開始執行測試項目 9/10: 排行榜檢查
[2025-11-25T10:21:40.739Z] 開始排行榜檢查...
[2025-11-25T10:21:41.954Z] 滾動到 All Times 區域 (y: 340)...
[2025-11-25T10:21:43.467Z] 移動滑鼠到 All Times 區域 (座標: 32, 340)...
[2025-11-25T10:21:44.228Z] 已截圖 All Times 區域: C:\Users\penny\OneDrive\Desktop\stream-lobby\debug\ranking-all-times-2025-11-25T10-20-41-588Z.png
[2025-11-25T10:21:44.229Z] 檢查 All Times 資料...
[2025-11-25T10:21:44.236Z] All Times 檢查結果: {
  "found": true,
  "hasData": true,
  "textContent": "All Timestrytry01$2,012,000Ash2248$1,110,000Victor8147$601,000",
  "textLength": 62
}
[2025-11-25T10:21:44.241Z] 滾動到 Weekly Ranking 區域 (y: 412)...
[2025-11-25T10:21:45.751Z] 移動滑鼠到 Weekly Ranking 區域 (座標: 50, 412)...
[2025-11-25T10:21:46.460Z] 已截圖 Weekly Ranking 區域: C:\Users\penny\OneDrive\Desktop\stream-lobby\debug\ranking-weekly-2025-11-25T10-20-41-588Z.png
[2025-11-25T10:21:46.461Z] 檢查 Weekly Ranking 資料...
[2025-11-25T10:21:46.465Z] Weekly Ranking 檢查結果: {
  "found": true,
  "hasData": true,
  "textContent": "All Timestrytry01$2,012,000Ash2248$1,110,000Victor8147$601,000",
  "textLength": 62
}
[2025-11-25T10:21:46.683Z] 測試項目 9/10 完成
[2025-11-25T10:21:46.685Z] 開始執行測試項目 10/10: 直播主照片檢查
[2025-11-25T10:21:46.687Z] 開始直播主照片檢查...
[2025-11-25T10:21:47.895Z] 點擊 Photo 分頁...
[2025-11-25T10:21:47.896Z] 滾動到頁面頂部...
[2025-11-25T10:21:48.404Z] 移動滑鼠到 Photo 分頁中心 (座標: 621, 335.5)...
[2025-11-25T10:21:48.927Z] 點擊 Photo 分頁 (座標: 621, 335.5)...
[2025-11-25T10:21:49.737Z] ✓ Photo 分頁已點擊
[2025-11-25T10:21:52.483Z] 點擊照片區域...
[2025-11-25T10:21:52.995Z] 移動滑鼠到照片區域中心 (座標: 245, 395)...
[2025-11-25T10:21:53.523Z] 點擊照片區域 (座標: 245, 395)...
[2025-11-25T10:21:54.334Z] ✓ 照片區域已點擊
[2025-11-25T10:21:56.012Z] 測試項目 10/10 完成
[2025-11-25T10:21:56.013Z] 所有測試項目執行完成
[2025-11-25T10:21:56.013Z] ✅ 所有 10 個測試項目都已執行
