[2025-11-24T08:04:26.296Z] 📝 日誌文件已創建: C:\Users\penny\OneDrive\Desktop\stream-lobby\logs\server-2025-11-24T08-04-26-292Z.log
[2025-11-24T08:04:26.330Z] 
🚀 檢查工具伺服器運行在 http://localhost:3000
[2025-11-24T08:04:26.334Z] ━━━━━━━━━━━━━━━━━━━━━━━━━━━━━━━━━━━━━━
[2025-11-24T08:04:26.340Z] 📋 測試工具 1 (7項測試): http://localhost:3000/
[2025-11-24T08:04:26.346Z] 🎮 測試工具 2 (10項測試): http://localhost:3000/test2.html
[2025-11-24T08:04:26.351Z] ━━━━━━━━━━━━━━━━━━━━━━━━━━━━━━━━━━━━━━
[2025-11-24T08:04:26.356Z] 📝 所有日誌將保存到: C:\Users\penny\OneDrive\Desktop\stream-lobby\logs\server-2025-11-24T08-04-26-292Z.log

[2025-11-24T08:20:59.298Z] 開始執行測試項目 1/9: gVersion 版號測試
[2025-11-24T08:20:59.315Z] 測試項目 1/9 完成
[2025-11-24T08:20:59.317Z] 開始執行測試項目 2/9: Stream n'Spin 彈窗測試
[2025-11-24T08:20:59.321Z] 開始 Stream n'Spin 彈窗測試...
[2025-11-24T08:21:03.086Z] 測試項目 2/9 完成
[2025-11-24T08:21:03.088Z] 開始執行測試項目 3/9: 更名功能測試
[2025-11-24T08:21:03.093Z] 開始更名功能測試 (點擊帳號名稱 -> 開啟視窗 -> 點擊 X 關閉)...
[2025-11-24T08:21:06.403Z] 測試項目 3/9 完成
[2025-11-24T08:21:06.405Z] 開始執行測試項目 4/9: 排序按鈕測試
[2025-11-24T08:21:06.414Z] 開始排序按鈕測試...
[2025-11-24T08:21:13.763Z] 測試項目 4/9 完成
[2025-11-24T08:21:13.766Z] 開始執行測試項目 5/9: Promotion 圖片檢查
[2025-11-24T08:21:13.771Z] 開始 Promotion 圖片檢查...
[2025-11-24T08:21:17.298Z] 測試項目 5/9 完成
[2025-11-24T08:21:17.301Z] 開始執行測試項目 6/9: All Streamers 圖片檢查
[2025-11-24T08:21:17.307Z] 開始 All Streamers 圖片檢查...
[2025-11-24T08:21:19.730Z] 測試項目 6/9 完成
[2025-11-24T08:21:19.735Z] 開始執行測試項目 7/9: All Streamers 排列按鈕測試
[2025-11-24T08:21:19.744Z] 開始 All Streamers 排列按鈕測試...
[2025-11-24T08:21:26.276Z] 測試項目 7/9 完成
[2025-11-24T08:21:26.780Z] 開始執行測試項目 8/9: 直播主介紹卡片點擊測試
[2025-11-24T08:21:26.784Z] 開始直播主介紹卡片點擊測試...
[2025-11-24T08:21:33.721Z] 測試項目 8/9 完成
[2025-11-24T08:21:33.724Z] 所有測試項目執行完成
