[2025-11-27T03:33:23.135Z] 📝 日誌文件已創建: C:\Users\penny\OneDrive\Desktop\stream-lobby\logs\server-2025-11-27T03-33-23-134Z.log
[2025-11-27T03:33:23.142Z] 
🚀 檢查工具伺服器運行在 http://localhost:3000
[2025-11-27T03:33:23.142Z] ━━━━━━━━━━━━━━━━━━━━━━━━━━━━━━━━━━━━━━
[2025-11-27T03:33:23.143Z] 📋 測試工具 1 (7項測試): http://localhost:3000/
[2025-11-27T03:33:23.143Z] 🎮 測試工具 2 (10項測試): http://localhost:3000/test2.html
[2025-11-27T03:33:23.144Z] ━━━━━━━━━━━━━━━━━━━━━━━━━━━━━━━━━━━━━━
[2025-11-27T03:33:23.145Z] 📝 所有日誌將保存到: C:\Users\penny\OneDrive\Desktop\stream-lobby\logs\server-2025-11-27T03-33-23-134Z.log

[2025-11-27T03:34:02.381Z] 開始執行測試項目 1/11: gVersion 版號測試
[2025-11-27T03:34:02.401Z] 測試項目 1/11 完成
[2025-11-27T03:34:02.402Z] 開始執行測試項目 2/11: Stream n'Spin 彈窗測試
[2025-11-27T03:34:02.403Z] 開始 Stream n'Spin 彈窗測試...
[2025-11-27T03:34:05.344Z] 測試項目 2/11 完成
[2025-11-27T03:34:05.345Z] 開始執行測試項目 3/11: 更名功能測試
[2025-11-27T03:34:05.346Z] 開始更名功能測試 (點擊帳號名稱 -> 開啟視窗 -> 點擊 X 關閉)...
[2025-11-27T03:34:06.536Z] 找到輸入框，先清空原本的名字...
[2025-11-27T03:34:07.437Z] 已清空原本名字，截圖: C:\Users\penny\OneDrive\Desktop\stream-lobby\debug\account-name-cleared-2025-11-27T03-33-56-466Z.png
[2025-11-27T03:34:07.438Z] 輸入 IDN...
[2025-11-27T03:34:08.759Z] 已輸入 IDN，截圖: C:\Users\penny\OneDrive\Desktop\stream-lobby\debug\account-name-idn-2025-11-27T03-33-56-466Z.png
[2025-11-27T03:34:08.766Z] ✅ 偵測到錯誤訊息: Chris2370Balance 30,000,000Streaming Now1 viewersgame018 viewersgame026 viewersgame030 viewersgame046 viewersmanagerPromotionAll Streamersgame01game02game03game04game05managermayStream n' Spin×Please enter your nicknameNickname cannot start with "idn"Confirm
[2025-11-27T03:34:08.767Z] 等待 1 秒...
[2025-11-27T03:34:09.769Z] 刪除 IDN...
[2025-11-27T03:34:10.368Z] 已刪除 IDN，截圖: C:\Users\penny\OneDrive\Desktop\stream-lobby\debug\account-name-deleted-idn-2025-11-27T03-33-56-466Z.png
[2025-11-27T03:34:10.369Z] 生成的隨機名字: Kate3820
[2025-11-27T03:34:10.370Z] 輸入隨機名字...
[2025-11-27T03:34:12.100Z] 已輸入隨機名字，截圖: C:\Users\penny\OneDrive\Desktop\stream-lobby\debug\account-name-random-2025-11-27T03-33-56-466Z.png
[2025-11-27T03:34:12.101Z] 尋找 Confirm 按鈕...
[2025-11-27T03:34:12.108Z] 找到 Confirm 按鈕: Confirm
[2025-11-27T03:34:13.315Z] 已點擊 Confirm 按鈕，截圖: C:\Users\penny\OneDrive\Desktop\stream-lobby\debug\account-name-confirmed-2025-11-27T03-33-56-466Z.png
[2025-11-27T03:34:13.320Z] 測試項目 3/11 完成
[2025-11-27T03:34:13.321Z] 開始執行測試項目 4/11: 排序按鈕測試
[2025-11-27T03:34:13.322Z] 開始排序按鈕測試...
[2025-11-27T03:34:16.124Z] 測試項目 4/11 完成
[2025-11-27T03:34:16.124Z] 開始執行測試項目 5/11: Promotion 圖片檢查
[2025-11-27T03:34:16.125Z] 開始 Promotion 圖片檢查...
[2025-11-27T03:34:17.289Z] 測試項目 5/11 完成
[2025-11-27T03:34:17.289Z] 開始執行測試項目 6/11: All Streamers 圖片檢查
[2025-11-27T03:34:17.291Z] 開始 All Streamers 圖片檢查...
[2025-11-27T03:34:18.062Z] 測試項目 6/11 完成
[2025-11-27T03:34:18.063Z] 開始執行測試項目 7/11: All Streamers 排列按鈕測試
[2025-11-27T03:34:18.063Z] 開始 All Streamers 排列按鈕測試...
[2025-11-27T03:34:23.747Z] 測試項目 7/11 完成
[2025-11-27T03:34:24.255Z] 開始執行測試項目 8/11: 直播主介紹卡片點擊測試
[2025-11-27T03:34:24.256Z] 開始直播主介紹卡片點擊測試...
[2025-11-27T03:34:30.280Z] 測試項目 8/12 完成
[2025-11-27T03:34:30.281Z] 開始執行測試項目 9/11: 排行榜檢查
[2025-11-27T03:34:30.281Z] 開始排行榜檢查...
[2025-11-27T03:34:31.491Z] 滾動到 All Times 區域 (y: 340)...
[2025-11-27T03:34:33.000Z] 移動滑鼠到 All Times 區域 (座標: 32, 340)...
[2025-11-27T03:34:33.726Z] 已截圖 All Times 區域: C:\Users\penny\OneDrive\Desktop\stream-lobby\debug\ranking-all-times-2025-11-27T03-33-56-466Z.png
[2025-11-27T03:34:33.727Z] 檢查 All Times 資料...
[2025-11-27T03:34:33.732Z] 滾動到 Weekly Ranking 區域 (y: 412)...
[2025-11-27T03:34:35.245Z] 移動滑鼠到 Weekly Ranking 區域 (座標: 50, 412)...
[2025-11-27T03:34:35.920Z] 已截圖 Weekly Ranking 區域: C:\Users\penny\OneDrive\Desktop\stream-lobby\debug\ranking-weekly-2025-11-27T03-33-56-466Z.png
[2025-11-27T03:34:35.921Z] 檢查 Weekly Ranking 資料...
[2025-11-27T03:34:36.075Z] 測試項目 9/12 完成
[2025-11-27T03:34:36.075Z] 開始執行測試項目 10/11: 直播主照片檢查
[2025-11-27T03:34:36.076Z] 開始直播主照片檢查...
[2025-11-27T03:34:36.151Z] 已點擊 Photo 分頁
[2025-11-27T03:34:36.157Z] 找到 3 張照片（含破圖也算）
[2025-11-27T03:34:36.196Z] 照片統計：總數=3，正常=0，破圖=3（第 1、2、3 張為破圖）
[2025-11-27T03:34:36.262Z] 已點擊第 1 張照片
[2025-11-27T03:34:37.267Z] 偵測到照片大圖彈窗，嘗試關閉...
[2025-11-27T03:34:37.276Z] 照片大圖彈窗已透過 Esc 關閉
[2025-11-27T03:34:37.380Z] 已點擊第 2 張照片
[2025-11-27T03:34:38.395Z] 偵測到照片大圖彈窗，嘗試關閉...
[2025-11-27T03:34:38.403Z] 照片大圖彈窗已透過 Esc 關閉
[2025-11-27T03:34:38.404Z] ❌ 照片異常：共 3 張，正常 0 張，破圖 3 張（第 1、2、3 張為破圖）
[2025-11-27T03:34:38.405Z] 測試項目 10/12 完成
[2025-11-27T03:34:38.406Z] 開始執行測試項目 11/11: 返回按鈕測試
[2025-11-27T03:34:38.409Z] 開始返回按鈕測試...
[2025-11-27T03:34:39.090Z] 截圖（點擊前）: C:\Users\penny\OneDrive\Desktop\stream-lobby\debug\back-button-before-2025-11-27T03-33-56-466Z.png
[2025-11-27T03:34:39.094Z] 找到返回按鈕，位置: {
  "x": 317,
  "y": 48
}
[2025-11-27T03:34:39.096Z] 點擊前的 URL: http://lobby.sns.lab/?isAgentApi=&token=MTc1MDIzMDQzNjE4NzE1MjY0MAMIkDzRGXUmhBsXKIBYqJGDAhctIMbOuBMWixdg
[2025-11-27T03:34:39.113Z] 已點擊返回按鈕，等待頁面載入...
[2025-11-27T03:34:39.115Z] 頁面載入完成 (domcontentloaded)
[2025-11-27T03:34:40.330Z] 截圖（點擊後）: C:\Users\penny\OneDrive\Desktop\stream-lobby\debug\back-button-after-2025-11-27T03-33-56-466Z.png
[2025-11-27T03:34:40.331Z] 點擊後的 URL: http://lobby.sns.lab/?isAgentApi=&token=MTc1MDIzMDQzNjE4NzE1MjY0MAMIkDzRGXUmhBsXKIBYqJGDAhctIMbOuBMWixdg
[2025-11-27T03:34:40.332Z] ⚠️ URL 未改變（可能是 SPA 應用），但仍繼續執行置頂
[2025-11-27T03:34:40.333Z] 滾動到頁面頂部...
[2025-11-27T03:34:41.262Z] 當前滾動位置: 0
[2025-11-27T03:34:41.978Z] 截圖（滾動後）: C:\Users\penny\OneDrive\Desktop\stream-lobby\debug\back-button-scrolled-2025-11-27T03-33-56-466Z.png
[2025-11-27T03:34:41.979Z] 測試項目 11/11 完成
[2025-11-27T03:34:41.979Z] 所有測試項目執行完成
[2025-11-27T03:34:41.980Z] ✅ 所有 11 個測試項目都已執行
