[2025-11-26T10:55:47.631Z] 📝 日誌文件已創建: C:\Users\penny\OneDrive\Desktop\stream-lobby\logs\server-2025-11-26T10-55-47-630Z.log
[2025-11-26T10:55:47.636Z] 
🚀 檢查工具伺服器運行在 http://localhost:3000
[2025-11-26T10:55:47.637Z] ━━━━━━━━━━━━━━━━━━━━━━━━━━━━━━━━━━━━━━
[2025-11-26T10:55:47.637Z] 📋 測試工具 1 (7項測試): http://localhost:3000/
[2025-11-26T10:55:47.638Z] 🎮 測試工具 2 (10項測試): http://localhost:3000/test2.html
[2025-11-26T10:55:47.638Z] ━━━━━━━━━━━━━━━━━━━━━━━━━━━━━━━━━━━━━━
[2025-11-26T10:55:47.639Z] 📝 所有日誌將保存到: C:\Users\penny\OneDrive\Desktop\stream-lobby\logs\server-2025-11-26T10-55-47-630Z.log

[2025-11-26T10:56:24.514Z] 開始執行測試項目 1/10: gVersion 版號測試
[2025-11-26T10:56:24.522Z] 測試項目 1/10 完成
[2025-11-26T10:56:24.523Z] 開始執行測試項目 2/10: Stream n'Spin 彈窗測試
[2025-11-26T10:56:24.525Z] 開始 Stream n'Spin 彈窗測試...
[2025-11-26T10:56:27.513Z] 測試項目 2/10 完成
[2025-11-26T10:56:27.514Z] 開始執行測試項目 3/10: 更名功能測試
[2025-11-26T10:56:27.517Z] 開始更名功能測試 (點擊帳號名稱 -> 開啟視窗 -> 點擊 X 關閉)...
[2025-11-26T10:56:29.972Z] 測試項目 3/10 完成
[2025-11-26T10:56:29.973Z] 開始執行測試項目 4/10: 排序按鈕測試
[2025-11-26T10:56:29.975Z] 開始排序按鈕測試...
[2025-11-26T10:56:32.857Z] 測試項目 4/10 完成
[2025-11-26T10:56:32.858Z] 開始執行測試項目 5/10: Promotion 圖片檢查
[2025-11-26T10:56:32.859Z] 開始 Promotion 圖片檢查...
[2025-11-26T10:56:34.062Z] 測試項目 5/10 完成
[2025-11-26T10:56:34.063Z] 開始執行測試項目 6/10: All Streamers 圖片檢查
[2025-11-26T10:56:34.064Z] 開始 All Streamers 圖片檢查...
[2025-11-26T10:56:34.846Z] 測試項目 6/10 完成
[2025-11-26T10:56:34.846Z] 開始執行測試項目 7/10: All Streamers 排列按鈕測試
[2025-11-26T10:56:34.847Z] 開始 All Streamers 排列按鈕測試...
[2025-11-26T10:56:40.786Z] 測試項目 7/10 完成
[2025-11-26T10:56:41.299Z] 開始執行測試項目 8/10: 直播主介紹卡片點擊測試
[2025-11-26T10:56:41.300Z] 開始直播主介紹卡片點擊測試...
[2025-11-26T10:56:47.381Z] 測試項目 8/10 完成
[2025-11-26T10:56:47.383Z] 開始執行測試項目 9/10: 排行榜檢查
[2025-11-26T10:56:47.387Z] 開始排行榜檢查...
[2025-11-26T10:56:48.648Z] 滾動到 All Times 區域 (y: 340)...
[2025-11-26T10:56:50.169Z] 移動滑鼠到 All Times 區域 (座標: 32, 340)...
[2025-11-26T10:56:50.921Z] 已截圖 All Times 區域: C:\Users\penny\OneDrive\Desktop\stream-lobby\debug\ranking-all-times-2025-11-26T10-56-17-861Z.png
[2025-11-26T10:56:50.922Z] 檢查 All Times 資料...
[2025-11-26T10:56:50.927Z] 滾動到 Weekly Ranking 區域 (y: 412)...
[2025-11-26T10:56:52.441Z] 移動滑鼠到 Weekly Ranking 區域 (座標: 50, 412)...
[2025-11-26T10:56:53.126Z] 已截圖 Weekly Ranking 區域: C:\Users\penny\OneDrive\Desktop\stream-lobby\debug\ranking-weekly-2025-11-26T10-56-17-861Z.png
[2025-11-26T10:56:53.127Z] 檢查 Weekly Ranking 資料...
[2025-11-26T10:56:53.289Z] 測試項目 9/10 完成
[2025-11-26T10:56:53.289Z] 開始執行測試項目 10/10: 直播主照片檢查
[2025-11-26T10:56:53.290Z] 開始直播主照片檢查...
[2025-11-26T10:56:53.353Z] 已點擊 Photo 分頁
[2025-11-26T10:56:53.357Z] 找到 3 張照片（含破圖也算）
[2025-11-26T10:56:53.403Z] 照片統計：總數=3，正常=0，破圖=3（第 1、2、3 張為破圖）
[2025-11-26T10:56:53.474Z] 已點擊第 1 張照片
[2025-11-26T10:56:54.484Z] 偵測到照片大圖彈窗，嘗試關閉...
[2025-11-26T10:56:54.498Z] 照片大圖彈窗已透過 Esc 關閉
[2025-11-26T10:56:54.596Z] 已點擊第 2 張照片
[2025-11-26T10:56:55.613Z] 偵測到照片大圖彈窗，嘗試關閉...
[2025-11-26T10:56:55.622Z] 照片大圖彈窗已透過 Esc 關閉
[2025-11-26T10:56:55.623Z] ❌ 照片異常：共 3 張，正常 0 張，破圖 3 張（第 1、2、3 張為破圖）
[2025-11-26T10:56:55.625Z] 測試項目 10/10 完成
[2025-11-26T10:56:55.627Z] 所有測試項目執行完成
[2025-11-26T10:56:55.628Z] ✅ 所有 10 個測試項目都已執行
