[2025-11-25T08:47:40.756Z] 📝 日誌文件已創建: C:\Users\penny\OneDrive\Desktop\stream-lobby\logs\server-2025-11-25T08-47-40-752Z.log
[2025-11-25T08:47:40.776Z] 
🚀 檢查工具伺服器運行在 http://localhost:3000
[2025-11-25T08:47:40.780Z] ━━━━━━━━━━━━━━━━━━━━━━━━━━━━━━━━━━━━━━
[2025-11-25T08:47:40.791Z] 📋 測試工具 1 (7項測試): http://localhost:3000/
[2025-11-25T08:47:40.795Z] 🎮 測試工具 2 (10項測試): http://localhost:3000/test2.html
[2025-11-25T08:47:40.798Z] ━━━━━━━━━━━━━━━━━━━━━━━━━━━━━━━━━━━━━━
[2025-11-25T08:47:40.803Z] 📝 所有日誌將保存到: C:\Users\penny\OneDrive\Desktop\stream-lobby\logs\server-2025-11-25T08-47-40-752Z.log

[2025-11-25T08:48:21.061Z] 開始執行測試項目 1/9: gVersion 版號測試
[2025-11-25T08:48:21.076Z] 測試項目 1/9 完成
[2025-11-25T08:48:21.077Z] 開始執行測試項目 2/9: Stream n'Spin 彈窗測試
[2025-11-25T08:48:21.082Z] 開始 Stream n'Spin 彈窗測試...
[2025-11-25T08:48:22.554Z] 測試項目 2/9 完成
[2025-11-25T08:48:22.555Z] 開始執行測試項目 3/9: 更名功能測試
[2025-11-25T08:48:22.559Z] 開始更名功能測試 (點擊帳號名稱 -> 開啟視窗 -> 點擊 X 關閉)...
[2025-11-25T08:48:24.105Z] 測試項目 3/9 完成
[2025-11-25T08:48:24.107Z] 開始執行測試項目 4/8: 排序按鈕測試
[2025-11-25T08:48:24.111Z] 開始排序按鈕測試...
[2025-11-25T08:48:30.761Z] 測試項目 4/9 完成
[2025-11-25T08:48:30.762Z] 開始執行測試項目 5/9: Promotion 圖片檢查
[2025-11-25T08:48:30.766Z] 開始 Promotion 圖片檢查...
[2025-11-25T08:48:33.848Z] 測試項目 5/9 完成
[2025-11-25T08:48:33.850Z] 開始執行測試項目 6/9: All Streamers 圖片檢查
[2025-11-25T08:48:33.854Z] 開始 All Streamers 圖片檢查...
[2025-11-25T08:48:35.857Z] 測試項目 6/9 完成
[2025-11-25T08:48:35.860Z] 開始執行測試項目 7/9: All Streamers 排列按鈕測試
[2025-11-25T08:48:35.876Z] 開始 All Streamers 排列按鈕測試...
[2025-11-25T08:48:41.037Z] ERROR: All Streamers 排列按鈕測試錯誤: {}
[2025-11-25T08:48:41.042Z] 測試項目 7/9 完成
[2025-11-25T08:48:41.056Z] ERROR: checkWebsite 外層錯誤（不應影響測試執行）: {}
[2025-11-25T08:48:57.136Z] 開始執行測試項目 1/9: gVersion 版號測試
[2025-11-25T08:48:57.141Z] 測試項目 1/9 完成
[2025-11-25T08:48:57.143Z] 開始執行測試項目 2/9: Stream n'Spin 彈窗測試
[2025-11-25T08:48:57.147Z] 開始 Stream n'Spin 彈窗測試...
[2025-11-25T08:49:00.704Z] 測試項目 2/9 完成
[2025-11-25T08:49:00.708Z] 開始執行測試項目 3/9: 更名功能測試
[2025-11-25T08:49:00.726Z] 開始更名功能測試 (點擊帳號名稱 -> 開啟視窗 -> 點擊 X 關閉)...
[2025-11-25T08:49:03.885Z] 測試項目 3/9 完成
[2025-11-25T08:49:03.888Z] 開始執行測試項目 4/8: 排序按鈕測試
[2025-11-25T08:49:03.889Z] 開始排序按鈕測試...
[2025-11-25T08:49:10.277Z] 測試項目 4/9 完成
[2025-11-25T08:49:10.280Z] 開始執行測試項目 5/9: Promotion 圖片檢查
[2025-11-25T08:49:10.281Z] 開始 Promotion 圖片檢查...
[2025-11-25T08:49:13.177Z] 測試項目 5/9 完成
[2025-11-25T08:49:13.180Z] 開始執行測試項目 6/9: All Streamers 圖片檢查
[2025-11-25T08:49:13.183Z] 開始 All Streamers 圖片檢查...
[2025-11-25T08:49:15.301Z] 測試項目 6/9 完成
[2025-11-25T08:49:15.302Z] 開始執行測試項目 7/9: All Streamers 排列按鈕測試
[2025-11-25T08:49:15.303Z] 開始 All Streamers 排列按鈕測試...
[2025-11-25T08:49:21.691Z] 測試項目 7/9 完成
[2025-11-25T08:49:22.197Z] 開始執行測試項目 8/9: 直播主介紹卡片點擊測試
[2025-11-25T08:49:22.203Z] 開始直播主介紹卡片點擊測試...
[2025-11-25T08:49:28.891Z] 測試項目 8/9 完成
[2025-11-25T08:49:28.894Z] 開始執行測試項目 9/9: 排行榜檢查
[2025-11-25T08:49:28.899Z] 開始排行榜檢查...
[2025-11-25T08:49:30.257Z] 滾動到 All Times 區域 (y: 340)...
[2025-11-25T08:49:31.782Z] 移動滑鼠到 All Times 區域 (座標: 32, 340)...
[2025-11-25T08:49:32.771Z] 已截圖 All Times 區域: C:\Users\penny\OneDrive\Desktop\stream-lobby\debug\ranking-all-times-2025-11-25T08-48-48-346Z.png
[2025-11-25T08:49:32.776Z] 檢查 All Times 資料...
[2025-11-25T08:49:32.794Z] All Times 檢查結果: {
  "found": true,
  "hasData": true,
  "textContent": "All Timestrytry01$2,012,000Ash2248$1,110,000Victor8147$601,000",
  "textLength": 62
}
[2025-11-25T08:49:32.802Z] 滾動到 Weekly Ranking 區域 (y: 408)...
[2025-11-25T08:49:32.808Z] Weekly Ranking 目標滾動位置: 258px (元素位於頁面 408px)
[2025-11-25T08:49:33.832Z] Weekly Ranking 滾動後位置: 258px
[2025-11-25T08:49:33.840Z] 移動滑鼠到 Weekly Ranking 區域 (座標: 50, 150)...
[2025-11-25T08:49:34.713Z] 已截圖 Weekly Ranking 區域: C:\Users\penny\OneDrive\Desktop\stream-lobby\debug\ranking-weekly-2025-11-25T08-48-48-346Z.png
[2025-11-25T08:49:34.714Z] 檢查 Weekly Ranking 資料...
[2025-11-25T08:49:34.742Z] Weekly Ranking 檢查結果: {
  "found": true,
  "hasData": false,
  "textContent": "game01",
  "textLength": 6
}
[2025-11-25T08:49:35.097Z] 測試項目 9/9 完成
[2025-11-25T08:49:35.098Z] 所有測試項目執行完成
[2025-11-25T08:49:35.100Z] ✅ 所有 9 個測試項目都已執行
