[2025-11-25T10:32:26.653Z] 📝 日誌文件已創建: C:\Users\penny\OneDrive\Desktop\stream-lobby\logs\server-2025-11-25T10-32-26-652Z.log
[2025-11-25T10:32:26.659Z] 
🚀 檢查工具伺服器運行在 http://localhost:3000
[2025-11-25T10:32:26.659Z] ━━━━━━━━━━━━━━━━━━━━━━━━━━━━━━━━━━━━━━
[2025-11-25T10:32:26.660Z] 📋 測試工具 1 (7項測試): http://localhost:3000/
[2025-11-25T10:32:26.660Z] 🎮 測試工具 2 (10項測試): http://localhost:3000/test2.html
[2025-11-25T10:32:26.661Z] ━━━━━━━━━━━━━━━━━━━━━━━━━━━━━━━━━━━━━━
[2025-11-25T10:32:26.662Z] 📝 所有日誌將保存到: C:\Users\penny\OneDrive\Desktop\stream-lobby\logs\server-2025-11-25T10-32-26-652Z.log

[2025-11-25T10:33:36.700Z] 開始執行測試項目 1/10: gVersion 版號測試
[2025-11-25T10:33:36.708Z] 測試項目 1/10 完成
[2025-11-25T10:33:36.708Z] 開始執行測試項目 2/10: Stream n'Spin 彈窗測試
[2025-11-25T10:33:36.709Z] 開始 Stream n'Spin 彈窗測試...
[2025-11-25T10:33:37.958Z] 測試項目 2/10 完成
[2025-11-25T10:33:37.960Z] 開始執行測試項目 3/10: 更名功能測試
[2025-11-25T10:33:37.961Z] 開始更名功能測試 (點擊帳號名稱 -> 開啟視窗 -> 點擊 X 關閉)...
[2025-11-25T10:33:40.431Z] 測試項目 3/10 完成
[2025-11-25T10:33:40.431Z] 開始執行測試項目 4/10: 排序按鈕測試
[2025-11-25T10:33:40.432Z] 開始排序按鈕測試...
[2025-11-25T10:33:46.208Z] 測試項目 4/10 完成
[2025-11-25T10:33:46.208Z] 開始執行測試項目 5/10: Promotion 圖片檢查
[2025-11-25T10:33:46.209Z] 開始 Promotion 圖片檢查...
[2025-11-25T10:33:48.785Z] 測試項目 5/10 完成
[2025-11-25T10:33:48.788Z] 開始執行測試項目 6/10: All Streamers 圖片檢查
[2025-11-25T10:33:48.789Z] 開始 All Streamers 圖片檢查...
[2025-11-25T10:33:50.296Z] 測試項目 6/10 完成
[2025-11-25T10:33:50.297Z] 開始執行測試項目 7/10: All Streamers 排列按鈕測試
[2025-11-25T10:33:50.298Z] 開始 All Streamers 排列按鈕測試...
[2025-11-25T10:33:56.142Z] 測試項目 7/10 完成
[2025-11-25T10:33:56.649Z] 開始執行測試項目 8/10: 直播主介紹卡片點擊測試
[2025-11-25T10:33:56.651Z] 開始直播主介紹卡片點擊測試...
[2025-11-25T10:34:02.735Z] 測試項目 8/10 完成
[2025-11-25T10:34:02.736Z] 開始執行測試項目 9/10: 排行榜檢查
[2025-11-25T10:34:02.737Z] 開始排行榜檢查...
[2025-11-25T10:34:03.960Z] 滾動到 All Times 區域 (y: 340)...
[2025-11-25T10:34:05.466Z] 移動滑鼠到 All Times 區域 (座標: 32, 340)...
[2025-11-25T10:34:06.273Z] 已截圖 All Times 區域: C:\Users\penny\OneDrive\Desktop\stream-lobby\debug\ranking-all-times-2025-11-25T10-33-30-137Z.png
[2025-11-25T10:34:06.274Z] 檢查 All Times 資料...
[2025-11-25T10:34:06.280Z] 滾動到 Weekly Ranking 區域 (y: 412)...
[2025-11-25T10:34:07.787Z] 移動滑鼠到 Weekly Ranking 區域 (座標: 50, 412)...
[2025-11-25T10:34:08.479Z] 已截圖 Weekly Ranking 區域: C:\Users\penny\OneDrive\Desktop\stream-lobby\debug\ranking-weekly-2025-11-25T10-33-30-137Z.png
[2025-11-25T10:34:08.481Z] 檢查 Weekly Ranking 資料...
[2025-11-25T10:34:08.701Z] 測試項目 9/10 完成
[2025-11-25T10:34:08.702Z] 開始執行測試項目 10/10: 直播主照片檢查
[2025-11-25T10:34:08.703Z] 開始直播主照片檢查...
[2025-11-25T10:34:09.912Z] 點擊 Photo 分頁...
[2025-11-25T10:34:09.913Z] 滾動到頁面頂部...
[2025-11-25T10:34:10.932Z] 當前滾動位置: 0px
[2025-11-25T10:34:10.932Z] Photo 分頁位置: x=422, y=511, 中心點: (621, 535.5)
[2025-11-25T10:34:10.933Z] 移動滑鼠到 Photo 分頁中心 (座標: 621, 535.5)...
[2025-11-25T10:34:11.740Z] 執行點擊 Photo 分頁 (座標: 621, 535.5)...
[2025-11-25T10:34:12.749Z] ✓ Photo 分頁已點擊
[2025-11-25T10:34:14.983Z] 點擊照片區域...
[2025-11-25T10:34:15.504Z] 移動滑鼠到照片區域中心 (座標: 245, 395)...
[2025-11-25T10:34:16.016Z] 點擊照片區域 (座標: 245, 395)...
[2025-11-25T10:34:16.826Z] ✓ 照片區域已點擊
[2025-11-25T10:34:18.538Z] 測試項目 10/10 完成
[2025-11-25T10:34:18.539Z] 所有測試項目執行完成
[2025-11-25T10:34:18.539Z] ✅ 所有 10 個測試項目都已執行
