[2025-11-26T03:38:36.228Z] 📝 日誌文件已創建: C:\Users\penny\OneDrive\Desktop\stream-lobby\logs\server-2025-11-26T03-38-36-227Z.log
[2025-11-26T03:38:36.233Z] 
🚀 檢查工具伺服器運行在 http://localhost:3000
[2025-11-26T03:38:36.234Z] ━━━━━━━━━━━━━━━━━━━━━━━━━━━━━━━━━━━━━━
[2025-11-26T03:38:36.234Z] 📋 測試工具 1 (7項測試): http://localhost:3000/
[2025-11-26T03:38:36.235Z] 🎮 測試工具 2 (10項測試): http://localhost:3000/test2.html
[2025-11-26T03:38:36.235Z] ━━━━━━━━━━━━━━━━━━━━━━━━━━━━━━━━━━━━━━
[2025-11-26T03:38:36.236Z] 📝 所有日誌將保存到: C:\Users\penny\OneDrive\Desktop\stream-lobby\logs\server-2025-11-26T03-38-36-227Z.log

[2025-11-26T03:39:16.782Z] 開始執行測試項目 1/10: gVersion 版號測試
[2025-11-26T03:39:16.794Z] 測試項目 1/10 完成
[2025-11-26T03:39:16.795Z] 開始執行測試項目 2/10: Stream n'Spin 彈窗測試
[2025-11-26T03:39:16.795Z] 開始 Stream n'Spin 彈窗測試...
[2025-11-26T03:39:19.742Z] 測試項目 2/10 完成
[2025-11-26T03:39:19.743Z] 開始執行測試項目 3/10: 更名功能測試
[2025-11-26T03:39:19.744Z] 開始更名功能測試 (點擊帳號名稱 -> 開啟視窗 -> 點擊 X 關閉)...
[2025-11-26T03:39:22.193Z] 測試項目 3/10 完成
[2025-11-26T03:39:22.194Z] 開始執行測試項目 4/10: 排序按鈕測試
[2025-11-26T03:39:22.194Z] 開始排序按鈕測試...
[2025-11-26T03:39:27.992Z] 測試項目 4/10 完成
[2025-11-26T03:39:27.993Z] 開始執行測試項目 5/10: Promotion 圖片檢查
[2025-11-26T03:39:27.996Z] 開始 Promotion 圖片檢查...
[2025-11-26T03:39:30.560Z] 測試項目 5/10 完成
[2025-11-26T03:39:30.561Z] 開始執行測試項目 6/10: All Streamers 圖片檢查
[2025-11-26T03:39:30.562Z] 開始 All Streamers 圖片檢查...
[2025-11-26T03:39:32.085Z] 測試項目 6/10 完成
[2025-11-26T03:39:32.086Z] 開始執行測試項目 7/10: All Streamers 排列按鈕測試
[2025-11-26T03:39:32.087Z] 開始 All Streamers 排列按鈕測試...
[2025-11-26T03:39:37.938Z] 測試項目 7/10 完成
[2025-11-26T03:39:38.445Z] 開始執行測試項目 8/10: 直播主介紹卡片點擊測試
[2025-11-26T03:39:38.446Z] 開始直播主介紹卡片點擊測試...
[2025-11-26T03:39:44.501Z] 測試項目 8/10 完成
[2025-11-26T03:39:44.501Z] 開始執行測試項目 9/10: 排行榜檢查
[2025-11-26T03:39:44.502Z] 開始排行榜檢查...
[2025-11-26T03:39:45.717Z] 滾動到 All Times 區域 (y: 340)...
[2025-11-26T03:39:47.232Z] 移動滑鼠到 All Times 區域 (座標: 32, 340)...
[2025-11-26T03:39:47.995Z] 已截圖 All Times 區域: C:\Users\penny\OneDrive\Desktop\stream-lobby\debug\ranking-all-times-2025-11-26T03-39-10-401Z.png
[2025-11-26T03:39:47.995Z] 檢查 All Times 資料...
[2025-11-26T03:39:48.003Z] 滾動到 Weekly Ranking 區域 (y: 412)...
[2025-11-26T03:39:49.516Z] 移動滑鼠到 Weekly Ranking 區域 (座標: 50, 412)...
[2025-11-26T03:39:50.199Z] 已截圖 Weekly Ranking 區域: C:\Users\penny\OneDrive\Desktop\stream-lobby\debug\ranking-weekly-2025-11-26T03-39-10-401Z.png
[2025-11-26T03:39:50.200Z] 檢查 Weekly Ranking 資料...
[2025-11-26T03:39:50.356Z] 測試項目 9/10 完成
[2025-11-26T03:39:50.356Z] 開始執行測試項目 10/10: 直播主照片檢查
[2025-11-26T03:39:50.357Z] 開始直播主照片檢查...
[2025-11-26T03:39:50.858Z] 尋找 Photo 分頁按鈕...
[2025-11-26T03:39:51.224Z] ✅ 已點擊 Photo 分頁
[2025-11-26T03:39:51.412Z] 已截圖 (切到 Photo 分頁後): C:\Users\penny\OneDrive\Desktop\stream-lobby\debug\photo-after-tab-2025-11-26T03-39-10-401Z.png
[2025-11-26T03:39:51.414Z] 尋找照片 wrapper 元素 (div[class*="_photoImageWrapper_"]) ...
[2025-11-26T03:39:51.426Z] 找到 photo wrapper 元素數量: 3
[2025-11-26T03:39:51.611Z] 已截圖 (點擊前): C:\Users\penny\OneDrive\Desktop\stream-lobby\debug\photo-before-click-2025-11-26T03-39-10-401Z.png
[2025-11-26T03:39:51.995Z] 第 0 個 wrapper 的 boundingBox: {
  "x": 283,
  "y": 298,
  "width": 390,
  "height": 390
}
[2025-11-26T03:39:52.049Z] ✅ 已點擊第 0 個 wrapper（目前累計點擊 1 張）
[2025-11-26T03:39:52.050Z] 🖱️ 滑鼠點擊該 wrapper 中心: (478, 493)
[2025-11-26T03:39:53.241Z] 第 1 個 wrapper 的 boundingBox: {
  "x": 693,
  "y": 298,
  "width": 390,
  "height": 390
}
[2025-11-26T03:39:53.278Z] ✅ 已點擊第 1 個 wrapper（目前累計點擊 2 張）
[2025-11-26T03:39:53.278Z] 🖱️ 滑鼠點擊該 wrapper 中心: (888, 493)
[2025-11-26T03:39:54.325Z] 已截圖 (兩張 wrapper 點擊後): C:\Users\penny\OneDrive\Desktop\stream-lobby\debug\photo-after-click-2025-11-26T03-39-10-401Z.png
[2025-11-26T03:39:54.327Z] ✅ 直播主照片檢查完成，Photo 分頁=true，已點擊 wrapper 數=2
[2025-11-26T03:39:54.328Z] 測試項目 10/10 完成
[2025-11-26T03:39:54.328Z] 所有測試項目執行完成
[2025-11-26T03:39:54.329Z] ✅ 所有 10 個測試項目都已執行
[2025-11-26T03:42:08.930Z] 開始執行測試項目 1/10: gVersion 版號測試
[2025-11-26T03:42:08.933Z] 測試項目 1/10 完成
[2025-11-26T03:42:08.933Z] 開始執行測試項目 2/10: Stream n'Spin 彈窗測試
[2025-11-26T03:42:08.934Z] 開始 Stream n'Spin 彈窗測試...
[2025-11-26T03:42:10.168Z] 測試項目 2/10 完成
[2025-11-26T03:42:10.169Z] 開始執行測試項目 3/10: 更名功能測試
[2025-11-26T03:42:10.169Z] 開始更名功能測試 (點擊帳號名稱 -> 開啟視窗 -> 點擊 X 關閉)...
[2025-11-26T03:42:12.653Z] 測試項目 3/10 完成
[2025-11-26T03:42:12.654Z] 開始執行測試項目 4/10: 排序按鈕測試
[2025-11-26T03:42:12.654Z] 開始排序按鈕測試...
[2025-11-26T03:42:18.416Z] 測試項目 4/10 完成
[2025-11-26T03:42:18.417Z] 開始執行測試項目 5/10: Promotion 圖片檢查
[2025-11-26T03:42:18.417Z] 開始 Promotion 圖片檢查...
[2025-11-26T03:42:20.956Z] 測試項目 5/10 完成
[2025-11-26T03:42:20.957Z] 開始執行測試項目 6/10: All Streamers 圖片檢查
[2025-11-26T03:42:20.957Z] 開始 All Streamers 圖片檢查...
[2025-11-26T03:42:22.498Z] 測試項目 6/10 完成
[2025-11-26T03:42:22.499Z] 開始執行測試項目 7/10: All Streamers 排列按鈕測試
[2025-11-26T03:42:22.500Z] 開始 All Streamers 排列按鈕測試...
[2025-11-26T03:42:28.295Z] 測試項目 7/10 完成
[2025-11-26T03:42:28.800Z] 開始執行測試項目 8/10: 直播主介紹卡片點擊測試
[2025-11-26T03:42:28.801Z] 開始直播主介紹卡片點擊測試...
[2025-11-26T03:42:34.838Z] 測試項目 8/10 完成
[2025-11-26T03:42:34.838Z] 開始執行測試項目 9/10: 排行榜檢查
[2025-11-26T03:42:34.839Z] 開始排行榜檢查...
[2025-11-26T03:42:36.049Z] 滾動到 All Times 區域 (y: 340)...
[2025-11-26T03:42:37.568Z] 移動滑鼠到 All Times 區域 (座標: 32, 340)...
[2025-11-26T03:42:38.345Z] 已截圖 All Times 區域: C:\Users\penny\OneDrive\Desktop\stream-lobby\debug\ranking-all-times-2025-11-26T03-42-02-108Z.png
[2025-11-26T03:42:38.345Z] 檢查 All Times 資料...
[2025-11-26T03:42:38.353Z] 滾動到 Weekly Ranking 區域 (y: 412)...
[2025-11-26T03:42:39.861Z] 移動滑鼠到 Weekly Ranking 區域 (座標: 50, 412)...
[2025-11-26T03:42:40.519Z] 已截圖 Weekly Ranking 區域: C:\Users\penny\OneDrive\Desktop\stream-lobby\debug\ranking-weekly-2025-11-26T03-42-02-108Z.png
[2025-11-26T03:42:40.521Z] 檢查 Weekly Ranking 資料...
[2025-11-26T03:42:40.681Z] 測試項目 9/10 完成
[2025-11-26T03:42:40.681Z] 開始執行測試項目 10/10: 直播主照片檢查
[2025-11-26T03:42:40.682Z] 開始直播主照片檢查...
[2025-11-26T03:42:41.188Z] 尋找 Photo 分頁按鈕...
[2025-11-26T03:42:41.558Z] ✅ 已點擊 Photo 分頁
[2025-11-26T03:42:41.759Z] 已截圖 (切到 Photo 分頁後): C:\Users\penny\OneDrive\Desktop\stream-lobby\debug\photo-after-tab-2025-11-26T03-42-02-108Z.png
[2025-11-26T03:42:41.761Z] 尋找照片 wrapper 元素 (div[class*="_photoImageWrapper_"]) ...
[2025-11-26T03:42:41.767Z] 找到 photo wrapper 元素數量: 3
[2025-11-26T03:42:41.964Z] 已截圖 (點擊前): C:\Users\penny\OneDrive\Desktop\stream-lobby\debug\photo-before-click-2025-11-26T03-42-02-108Z.png
[2025-11-26T03:42:42.323Z] 第 0 個 wrapper 的 boundingBox: {
  "x": 283,
  "y": 298,
  "width": 390,
  "height": 390
}
[2025-11-26T03:42:42.364Z] ✅ 已點擊第 0 個 wrapper（目前累計點擊 1 張）
[2025-11-26T03:42:42.364Z] 🖱️ 滑鼠點擊該 wrapper 中心: (478, 493)
[2025-11-26T03:42:43.547Z] 第 1 個 wrapper 的 boundingBox: {
  "x": 693,
  "y": 298,
  "width": 390,
  "height": 390
}
[2025-11-26T03:42:43.583Z] ✅ 已點擊第 1 個 wrapper（目前累計點擊 2 張）
[2025-11-26T03:42:43.583Z] 🖱️ 滑鼠點擊該 wrapper 中心: (888, 493)
[2025-11-26T03:42:44.596Z] 已截圖 (兩張 wrapper 點擊後): C:\Users\penny\OneDrive\Desktop\stream-lobby\debug\photo-after-click-2025-11-26T03-42-02-108Z.png
[2025-11-26T03:42:44.598Z] ✅ 直播主照片檢查完成，Photo 分頁=true，已點擊 wrapper 數=2
[2025-11-26T03:42:44.598Z] 測試項目 10/10 完成
[2025-11-26T03:42:44.599Z] 所有測試項目執行完成
[2025-11-26T03:42:44.599Z] ✅ 所有 10 個測試項目都已執行
