[2025-11-27T06:06:15.105Z] 📝 日誌文件已創建: C:\Users\penny\OneDrive\Desktop\stream-lobby\logs\server-2025-11-27T06-06-15-105Z.log
[2025-11-27T06:06:15.111Z] 
🚀 檢查工具伺服器運行在 http://localhost:3000
[2025-11-27T06:06:15.113Z] ━━━━━━━━━━━━━━━━━━━━━━━━━━━━━━━━━━━━━━
[2025-11-27T06:06:15.114Z] 📋 測試工具 1 (7項測試): http://localhost:3000/
[2025-11-27T06:06:15.116Z] 🎮 測試工具 2 (10項測試): http://localhost:3000/test2.html
[2025-11-27T06:06:15.117Z] ━━━━━━━━━━━━━━━━━━━━━━━━━━━━━━━━━━━━━━
[2025-11-27T06:06:15.120Z] 📝 所有日誌將保存到: C:\Users\penny\OneDrive\Desktop\stream-lobby\logs\server-2025-11-27T06-06-15-105Z.log

[2025-11-27T06:08:39.620Z] 📊 開始 Spin 20次 Balance計算測試...
[2025-11-27T06:08:41.642Z] 💰 初始 Balance: 29,968,880
[2025-11-27T06:08:41.653Z] ⚠️ 無法找到 Spin/Play 按鈕，嘗試列出所有大按鈕...
[2025-11-27T06:08:41.667Z] 📋 頁面上的大按鈕列表: [
  {
    "text": "Send",
    "className": "",
    "id": "",
    "width": 70,
    "height": 34
  },
  {
    "text": "MIN",
    "className": "btn btn-primary",
    "id": "",
    "width": 50,
    "height": 56
  },
  {
    "text": "MAX",
    "className": "btn btn-primary",
    "id": "",
    "width": 50,
    "height": 56
  },
  {
    "text": "13",
    "className": "_container_1oun8_1 btn btn-primary",
    "id": "",
    "width": 130,
    "height": 130
  },
  {
    "text": "Add Round+10+20+50+100+200",
    "className": "_buttonsContainer_1qt5t_86 enter-done",
    "id": "",
    "width": 302,
    "height": 64
  },
  {
    "text": "+20",
    "className": "btn btn-primary",
    "id": "",
    "width": 52,
    "height": 56
  },
  {
    "text": "+50",
    "className": "btn btn-primary",
    "id": "",
    "width": 52,
    "height": 56
  },
  {
    "text": "+100",
    "className": "btn btn-primary",
    "id": "",
    "width": 59,
    "height": 56
  },
  {
    "text": "+200",
    "className": "btn btn-primary",
    "id": "",
    "width": 62,
    "height": 56
  }
]
[2025-11-27T06:08:41.669Z] ⚠️  測試未完全成功，瀏覽器保持開啟 60 秒以供檢查...
[2025-11-27T06:08:41.670Z]    1️⃣ Stream n'Spin 彈窗: ✅
[2025-11-27T06:08:41.671Z]    2️⃣ 點擊 LIVE 卡片: ✅
[2025-11-27T06:08:41.671Z]    3️⃣ 新視窗開啟: ✅
[2025-11-27T06:08:41.680Z]    4️⃣ gVersion 檢測: ✅
[2025-11-27T06:08:41.681Z]    5️⃣ Cara Bermain 關閉: ✅
[2025-11-27T06:08:41.682Z]    7️⃣ MAX 按鈕（3M）: ✅
[2025-11-27T06:08:41.683Z]    8️⃣ MIN 按鈕（200）: ✅
[2025-11-27T06:08:41.684Z]    9️⃣ + 按鈕 28 次: ✅
[2025-11-27T06:08:41.686Z]    🔟 - 按鈕 28 次: ✅
[2025-11-27T06:08:41.687Z]    1️⃣1️⃣ Spin Round + 按鈕 4 次: ✅
[2025-11-27T06:08:41.688Z]    1️⃣2️⃣ Spin Round - 按鈕 5 次: ✅
[2025-11-27T06:08:41.689Z]    1️⃣3️⃣ 點擊綠色 PLAY 鈕: ✅
[2025-11-27T06:08:41.691Z]    1️⃣4️⃣ 送禮測試: ✅
[2025-11-27T06:08:41.693Z]    1️⃣5️⃣ 聊天視窗輸入: ✅
[2025-11-27T06:08:41.697Z]    1️⃣6️⃣ Spin 20次 Balance計算: ❌
[2025-11-27T06:08:41.698Z] ⏱️  60秒後自動關閉，或請手動關閉瀏覽器...
[2025-11-27T06:09:18.289Z] Browser closed after 60 seconds
