[2025-11-27T02:44:40.694Z] 📝 日誌文件已創建: C:\Users\penny\OneDrive\Desktop\stream-lobby\logs\server-2025-11-27T02-44-40-693Z.log
[2025-11-27T02:44:40.699Z] 
🚀 檢查工具伺服器運行在 http://localhost:3000
[2025-11-27T02:44:40.699Z] ━━━━━━━━━━━━━━━━━━━━━━━━━━━━━━━━━━━━━━
[2025-11-27T02:44:40.700Z] 📋 測試工具 1 (7項測試): http://localhost:3000/
[2025-11-27T02:44:40.701Z] 🎮 測試工具 2 (10項測試): http://localhost:3000/test2.html
[2025-11-27T02:44:40.701Z] ━━━━━━━━━━━━━━━━━━━━━━━━━━━━━━━━━━━━━━
[2025-11-27T02:44:40.702Z] 📝 所有日誌將保存到: C:\Users\penny\OneDrive\Desktop\stream-lobby\logs\server-2025-11-27T02-44-40-693Z.log

[2025-11-27T02:45:27.872Z] 開始執行測試項目 1/10: gVersion 版號測試
[2025-11-27T02:45:27.878Z] 測試項目 1/10 完成
[2025-11-27T02:45:27.879Z] 開始執行測試項目 2/10: Stream n'Spin 彈窗測試
[2025-11-27T02:45:27.880Z] 開始 Stream n'Spin 彈窗測試...
[2025-11-27T02:45:30.781Z] 測試項目 2/10 完成
[2025-11-27T02:45:30.782Z] 開始執行測試項目 3/10: 更名功能測試
[2025-11-27T02:45:30.783Z] 開始更名功能測試 (點擊帳號名稱 -> 開啟視窗 -> 點擊 X 關閉)...
[2025-11-27T02:45:31.985Z] 找到輸入框，先清空原本的名字...
[2025-11-27T02:45:32.903Z] 已清空原本名字，截圖: C:\Users\penny\OneDrive\Desktop\stream-lobby\debug\account-name-cleared-2025-11-27T02-45-17-999Z.png
[2025-11-27T02:45:32.903Z] 輸入 IDN...
[2025-11-27T02:45:34.248Z] 已輸入 IDN，截圖: C:\Users\penny\OneDrive\Desktop\stream-lobby\debug\account-name-idn-2025-11-27T02-45-17-999Z.png
[2025-11-27T02:45:34.253Z] ✅ 偵測到錯誤訊息: Elizabeth7640Balance 30,000,000Streaming Now0 viewersgame011 viewersgame029 viewersgame031 viewersgame040 viewersmanagerPromotionAll Streamersgame01game02game03game04game05managermayStream n' Spin×Please enter your nicknameNickname cannot start with "idn"Confirm
[2025-11-27T02:45:34.254Z] 等待 1 秒...
[2025-11-27T02:45:35.268Z] 刪除 IDN...
[2025-11-27T02:45:35.885Z] 已刪除 IDN，截圖: C:\Users\penny\OneDrive\Desktop\stream-lobby\debug\account-name-deleted-idn-2025-11-27T02-45-17-999Z.png
[2025-11-27T02:45:35.886Z] 生成的隨機名字: Nick1789
[2025-11-27T02:45:35.887Z] 輸入隨機名字...
[2025-11-27T02:45:37.663Z] 已輸入隨機名字，截圖: C:\Users\penny\OneDrive\Desktop\stream-lobby\debug\account-name-random-2025-11-27T02-45-17-999Z.png
[2025-11-27T02:45:37.665Z] 尋找 Confirm 按鈕...
[2025-11-27T02:45:37.672Z] 找到 Confirm 按鈕: Confirm
[2025-11-27T02:45:38.905Z] 已點擊 Confirm 按鈕，截圖: C:\Users\penny\OneDrive\Desktop\stream-lobby\debug\account-name-confirmed-2025-11-27T02-45-17-999Z.png
[2025-11-27T02:45:38.908Z] 測試項目 3/10 完成
[2025-11-27T02:45:38.909Z] 開始執行測試項目 4/10: 排序按鈕測試
[2025-11-27T02:45:38.911Z] 開始排序按鈕測試...
[2025-11-27T02:45:41.760Z] 測試項目 4/10 完成
[2025-11-27T02:45:41.761Z] 開始執行測試項目 5/10: Promotion 圖片檢查
[2025-11-27T02:45:41.763Z] 開始 Promotion 圖片檢查...
[2025-11-27T02:45:42.925Z] 測試項目 5/10 完成
[2025-11-27T02:45:42.926Z] 開始執行測試項目 6/10: All Streamers 圖片檢查
[2025-11-27T02:45:42.926Z] 開始 All Streamers 圖片檢查...
[2025-11-27T02:45:43.659Z] 測試項目 6/10 完成
[2025-11-27T02:45:43.660Z] 開始執行測試項目 7/10: All Streamers 排列按鈕測試
[2025-11-27T02:45:43.661Z] 開始 All Streamers 排列按鈕測試...
[2025-11-27T02:45:49.382Z] 測試項目 7/10 完成
[2025-11-27T02:45:49.889Z] 開始執行測試項目 8/10: 直播主介紹卡片點擊測試
[2025-11-27T02:45:49.890Z] 開始直播主介紹卡片點擊測試...
[2025-11-27T02:45:55.918Z] 測試項目 8/10 完成
[2025-11-27T02:45:55.919Z] 開始執行測試項目 9/10: 排行榜檢查
[2025-11-27T02:45:55.920Z] 開始排行榜檢查...
[2025-11-27T02:45:57.153Z] 滾動到 All Times 區域 (y: 340)...
[2025-11-27T02:45:58.670Z] 移動滑鼠到 All Times 區域 (座標: 32, 340)...
[2025-11-27T02:45:59.395Z] 已截圖 All Times 區域: C:\Users\penny\OneDrive\Desktop\stream-lobby\debug\ranking-all-times-2025-11-27T02-45-17-999Z.png
[2025-11-27T02:45:59.396Z] 檢查 All Times 資料...
[2025-11-27T02:45:59.407Z] 滾動到 Weekly Ranking 區域 (y: 412)...
[2025-11-27T02:46:00.921Z] 移動滑鼠到 Weekly Ranking 區域 (座標: 50, 412)...
[2025-11-27T02:46:01.594Z] 已截圖 Weekly Ranking 區域: C:\Users\penny\OneDrive\Desktop\stream-lobby\debug\ranking-weekly-2025-11-27T02-45-17-999Z.png
[2025-11-27T02:46:01.595Z] 檢查 Weekly Ranking 資料...
[2025-11-27T02:46:01.779Z] 測試項目 9/10 完成
[2025-11-27T02:46:01.780Z] 開始執行測試項目 10/10: 直播主照片檢查
[2025-11-27T02:46:01.781Z] 開始直播主照片檢查...
[2025-11-27T02:46:01.844Z] 已點擊 Photo 分頁
[2025-11-27T02:46:01.846Z] 找到 3 張照片（含破圖也算）
[2025-11-27T02:46:01.886Z] 照片統計：總數=3，正常=0，破圖=3（第 1、2、3 張為破圖）
[2025-11-27T02:46:01.959Z] 已點擊第 1 張照片
[2025-11-27T02:46:02.985Z] 偵測到照片大圖彈窗，嘗試關閉...
[2025-11-27T02:46:03.005Z] 照片大圖彈窗已透過 Esc 關閉
[2025-11-27T02:46:03.096Z] 已點擊第 2 張照片
[2025-11-27T02:46:04.110Z] 偵測到照片大圖彈窗，嘗試關閉...
[2025-11-27T02:46:04.125Z] 照片大圖彈窗已透過 Esc 關閉
[2025-11-27T02:46:04.126Z] ❌ 照片異常：共 3 張，正常 0 張，破圖 3 張（第 1、2、3 張為破圖）
[2025-11-27T02:46:04.127Z] 測試項目 10/10 完成
[2025-11-27T02:46:04.127Z] 所有測試項目執行完成
[2025-11-27T02:46:04.128Z] ✅ 所有 10 個測試項目都已執行
