[2025-11-24T08:28:27.646Z] 📝 日誌文件已創建: C:\Users\penny\OneDrive\Desktop\stream-lobby\logs\server-2025-11-24T08-28-27-645Z.log
[2025-11-24T08:28:27.654Z] 
🚀 檢查工具伺服器運行在 http://localhost:3000
[2025-11-24T08:28:27.655Z] ━━━━━━━━━━━━━━━━━━━━━━━━━━━━━━━━━━━━━━
[2025-11-24T08:28:27.657Z] 📋 測試工具 1 (7項測試): http://localhost:3000/
[2025-11-24T08:28:27.659Z] 🎮 測試工具 2 (10項測試): http://localhost:3000/test2.html
[2025-11-24T08:28:27.659Z] ━━━━━━━━━━━━━━━━━━━━━━━━━━━━━━━━━━━━━━
[2025-11-24T08:28:27.660Z] 📝 所有日誌將保存到: C:\Users\penny\OneDrive\Desktop\stream-lobby\logs\server-2025-11-24T08-28-27-645Z.log

[2025-11-24T08:29:24.830Z] 開始執行測試項目 1/9: gVersion 版號測試
[2025-11-24T08:29:24.832Z] 測試項目 1/9 完成
[2025-11-24T08:29:24.833Z] 開始執行測試項目 2/9: Stream n'Spin 彈窗測試
[2025-11-24T08:29:24.834Z] 開始 Stream n'Spin 彈窗測試...
[2025-11-24T08:29:26.079Z] 測試項目 2/9 完成
[2025-11-24T08:29:26.080Z] 開始執行測試項目 3/9: 更名功能測試
[2025-11-24T08:29:26.081Z] 開始更名功能測試 (點擊帳號名稱 -> 開啟視窗 -> 點擊 X 關閉)...
[2025-11-24T08:29:28.524Z] 測試項目 3/9 完成
[2025-11-24T08:29:28.525Z] 開始執行測試項目 4/9: 排序按鈕測試
[2025-11-24T08:29:28.525Z] 開始排序按鈕測試...
[2025-11-24T08:29:34.231Z] 測試項目 4/9 完成
[2025-11-24T08:29:34.232Z] 開始執行測試項目 5/9: Promotion 圖片檢查
[2025-11-24T08:29:34.233Z] 開始 Promotion 圖片檢查...
[2025-11-24T08:29:36.713Z] 測試項目 5/9 完成
[2025-11-24T08:29:36.714Z] 開始執行測試項目 6/9: All Streamers 圖片檢查
[2025-11-24T08:29:36.715Z] 開始 All Streamers 圖片檢查...
[2025-11-24T08:29:38.252Z] 測試項目 6/9 完成
[2025-11-24T08:29:38.252Z] 開始執行測試項目 7/9: All Streamers 排列按鈕測試
[2025-11-24T08:29:38.254Z] 開始 All Streamers 排列按鈕測試...
[2025-11-24T08:29:44.023Z] 測試項目 7/9 完成
[2025-11-24T08:29:44.525Z] 開始執行測試項目 8/9: 直播主介紹卡片點擊測試
[2025-11-24T08:29:44.526Z] 開始直播主介紹卡片點擊測試...
[2025-11-24T08:29:50.507Z] 測試項目 8/9 完成
[2025-11-24T08:29:50.508Z] 開始執行測試項目 9/9: 排行榜資料檢查
[2025-11-24T08:29:50.509Z] 開始排行榜資料檢查...
[2025-11-24T08:29:56.448Z] 測試項目 9/9 完成
[2025-11-24T08:29:56.449Z] 所有測試項目執行完成
[2025-11-24T08:29:56.449Z] ✅ 所有 9 個測試項目都已執行
