[2025-11-27T02:38:02.217Z] 📝 日誌文件已創建: C:\Users\penny\OneDrive\Desktop\stream-lobby\logs\server-2025-11-27T02-38-02-216Z.log
[2025-11-27T02:38:02.222Z] 
🚀 檢查工具伺服器運行在 http://localhost:3000
[2025-11-27T02:38:02.222Z] ━━━━━━━━━━━━━━━━━━━━━━━━━━━━━━━━━━━━━━
[2025-11-27T02:38:02.223Z] 📋 測試工具 1 (7項測試): http://localhost:3000/
[2025-11-27T02:38:02.223Z] 🎮 測試工具 2 (10項測試): http://localhost:3000/test2.html
[2025-11-27T02:38:02.224Z] ━━━━━━━━━━━━━━━━━━━━━━━━━━━━━━━━━━━━━━
[2025-11-27T02:38:02.224Z] 📝 所有日誌將保存到: C:\Users\penny\OneDrive\Desktop\stream-lobby\logs\server-2025-11-27T02-38-02-216Z.log

[2025-11-27T02:38:34.030Z] 開始執行測試項目 1/10: gVersion 版號測試
[2025-11-27T02:38:34.041Z] 測試項目 1/10 完成
[2025-11-27T02:38:34.042Z] 開始執行測試項目 2/10: Stream n'Spin 彈窗測試
[2025-11-27T02:38:34.043Z] 開始 Stream n'Spin 彈窗測試...
[2025-11-27T02:38:37.019Z] 測試項目 2/10 完成
[2025-11-27T02:38:37.020Z] 開始執行測試項目 3/10: 更名功能測試
[2025-11-27T02:38:37.021Z] 開始更名功能測試 (點擊帳號名稱 -> 開啟視窗 -> 點擊 X 關閉)...
[2025-11-27T02:38:38.213Z] 找到輸入框，先清空原本的名字...
[2025-11-27T02:38:39.142Z] 已清空原本名字，截圖: C:\Users\penny\OneDrive\Desktop\stream-lobby\debug\account-name-cleared-2025-11-27T02-38-27-090Z.png
[2025-11-27T02:38:39.143Z] 輸入 IDN...
[2025-11-27T02:38:40.460Z] 已輸入 IDN，截圖: C:\Users\penny\OneDrive\Desktop\stream-lobby\debug\account-name-idn-2025-11-27T02-38-27-090Z.png
[2025-11-27T02:38:40.463Z] ✅ 偵測到錯誤訊息: Forsaken2882Balance 30,000,000Streaming Now0 viewersgame012 viewersgame028 viewersgame034 viewersgame047 viewersmanagerPromotionAll Streamersgame01game02game03game04game05managermayStream n' Spin×Please enter your nicknameNickname cannot start with "idn"Confirm
[2025-11-27T02:38:40.464Z] 等待 1 秒...
[2025-11-27T02:38:41.466Z] 生成的隨機名字: Nick6530
[2025-11-27T02:38:41.466Z] 輸入隨機名字...
[2025-11-27T02:38:43.200Z] 已輸入隨機名字，截圖: C:\Users\penny\OneDrive\Desktop\stream-lobby\debug\account-name-random-2025-11-27T02-38-27-090Z.png
[2025-11-27T02:38:44.437Z] 測試項目 3/10 完成
[2025-11-27T02:38:44.438Z] 開始執行測試項目 4/10: 排序按鈕測試
[2025-11-27T02:38:44.439Z] 開始排序按鈕測試...
[2025-11-27T02:38:46.826Z] 測試項目 4/10 完成
[2025-11-27T02:38:46.827Z] 開始執行測試項目 5/10: Promotion 圖片檢查
[2025-11-27T02:38:46.828Z] 開始 Promotion 圖片檢查...
[2025-11-27T02:38:46.832Z] ERROR: Promotion 圖片檢查錯誤: {}
[2025-11-27T02:38:46.837Z] 測試項目 5/10 完成
[2025-11-27T02:38:46.838Z] 開始執行測試項目 6/10: All Streamers 圖片檢查
[2025-11-27T02:38:46.840Z] 開始 All Streamers 圖片檢查...
[2025-11-27T02:38:46.842Z] ERROR: All Streamers 圖片檢查錯誤: {}
[2025-11-27T02:38:46.844Z] 測試項目 6/10 完成
[2025-11-27T02:38:46.846Z] 開始執行測試項目 7/10: All Streamers 排列按鈕測試
[2025-11-27T02:38:46.852Z] 開始 All Streamers 排列按鈕測試...
[2025-11-27T02:38:46.856Z] ERROR: 測試項目 7/10 錯誤: {}
[2025-11-27T02:38:46.861Z] ERROR: checkWebsite 外層錯誤（不應影響測試執行）: {}
