[2025-11-20T03:10:53.283Z] 📝 日誌文件已創建: C:\Users\penny\OneDrive\Desktop\stream-lobby\logs\server-2025-11-20T03-10-53-282Z.log
[2025-11-20T03:10:53.287Z] 
🚀 檢查工具伺服器運行在 http://localhost:3000
[2025-11-20T03:10:53.288Z] ━━━━━━━━━━━━━━━━━━━━━━━━━━━━━━━━━━━━━━
[2025-11-20T03:10:53.288Z] 📋 測試工具 1 (7項測試): http://localhost:3000/
[2025-11-20T03:10:53.289Z] 🎮 測試工具 2 (10項測試): http://localhost:3000/test2.html
[2025-11-20T03:10:53.289Z] ━━━━━━━━━━━━━━━━━━━━━━━━━━━━━━━━━━━━━━
[2025-11-20T03:10:53.290Z] 📝 所有日誌將保存到: C:\Users\penny\OneDrive\Desktop\stream-lobby\logs\server-2025-11-20T03-10-53-282Z.log

[2025-11-20T03:11:21.675Z] 開始 Stream n'Spin 彈窗測試...
[2025-11-20T03:11:24.588Z] 開始更名功能測試 (點擊帳號名稱 -> 開啟視窗 -> 點擊 X 關閉)...
[2025-11-20T03:11:27.042Z] 開始排序按鈕測試...
[2025-11-20T03:11:32.720Z] 開始 Promotion 圖片檢查...
[2025-11-20T03:11:35.278Z] 開始 All Streamers 圖片檢查...
[2025-11-20T03:11:36.771Z] 開始 All Streamers 排列按鈕測試...
[2025-11-20T03:11:42.495Z] 開始直播主介紹卡片點擊測試...
[2025-11-20T03:11:49.091Z] 開始 Lobby 送禮測試...
[2025-11-20T03:11:50.274Z] 禮物按鈕查找結果: {
  "found": true,
  "x": 1047,
  "y": 144,
  "element": "IMG (by selector)",
  "isClickable": true,
  "hasGiftKeyword": true,
  "debug": "使用選擇器找到禮物按鈕"
}
[2025-11-20T03:11:50.278Z] ERROR: Lobby 送禮測試錯誤: {}
