[2025-11-24T09:21:03.334Z] 📝 日誌文件已創建: C:\Users\penny\OneDrive\Desktop\stream-lobby\logs\server-2025-11-24T09-21-03-333Z.log
[2025-11-24T09:21:03.339Z] 
🚀 檢查工具伺服器運行在 http://localhost:3000
[2025-11-24T09:21:03.340Z] ━━━━━━━━━━━━━━━━━━━━━━━━━━━━━━━━━━━━━━
[2025-11-24T09:21:03.340Z] 📋 測試工具 1 (7項測試): http://localhost:3000/
[2025-11-24T09:21:03.341Z] 🎮 測試工具 2 (10項測試): http://localhost:3000/test2.html
[2025-11-24T09:21:03.342Z] ━━━━━━━━━━━━━━━━━━━━━━━━━━━━━━━━━━━━━━
[2025-11-24T09:21:03.343Z] 📝 所有日誌將保存到: C:\Users\penny\OneDrive\Desktop\stream-lobby\logs\server-2025-11-24T09-21-03-333Z.log

[2025-11-24T09:21:37.644Z] 開始執行測試項目 1/9: gVersion 版號測試
[2025-11-24T09:21:37.653Z] 測試項目 1/9 完成
[2025-11-24T09:21:37.653Z] 開始執行測試項目 2/9: Stream n'Spin 彈窗測試
[2025-11-24T09:21:37.654Z] 開始 Stream n'Spin 彈窗測試...
[2025-11-24T09:21:40.640Z] 測試項目 2/9 完成
[2025-11-24T09:21:40.641Z] 開始執行測試項目 3/9: 更名功能測試
[2025-11-24T09:21:40.642Z] 開始更名功能測試 (點擊帳號名稱 -> 開啟視窗 -> 點擊 X 關閉)...
[2025-11-24T09:21:43.075Z] 測試項目 3/9 完成
[2025-11-24T09:21:43.076Z] 開始執行測試項目 4/9: 排序按鈕測試
[2025-11-24T09:21:43.078Z] 開始排序按鈕測試...
[2025-11-24T09:21:49.119Z] 測試項目 4/9 完成
[2025-11-24T09:21:49.120Z] 開始執行測試項目 5/9: Promotion 圖片檢查
[2025-11-24T09:21:49.122Z] 開始 Promotion 圖片檢查...
[2025-11-24T09:21:51.599Z] 測試項目 5/9 完成
[2025-11-24T09:21:51.599Z] 開始執行測試項目 6/9: All Streamers 圖片檢查
[2025-11-24T09:21:51.600Z] 開始 All Streamers 圖片檢查...
[2025-11-24T09:21:53.105Z] 測試項目 6/9 完成
[2025-11-24T09:21:53.106Z] 開始執行測試項目 7/9: All Streamers 排列按鈕測試
[2025-11-24T09:21:53.107Z] 開始 All Streamers 排列按鈕測試...
[2025-11-24T09:21:58.872Z] 測試項目 7/9 完成
[2025-11-24T09:21:59.374Z] 開始執行測試項目 8/9: 直播主介紹卡片點擊測試
[2025-11-24T09:21:59.376Z] 開始直播主介紹卡片點擊測試...
[2025-11-24T09:22:05.398Z] 測試項目 8/9 完成
[2025-11-24T09:22:05.399Z] 開始執行測試項目 9/9: 排行榜檢查
[2025-11-24T09:22:05.399Z] 開始排行榜檢查...
[2025-11-24T09:22:06.608Z] 滾動到 All Times 區域...
[2025-11-24T09:22:06.609Z] 移動滑鼠到 All Times 區域 (座標: 16, 112)...
[2025-11-24T09:22:06.931Z] 當前滾動位置: 0, 目標位置: 0, 需要滾動: 0 像素
[2025-11-24T09:22:08.259Z] 檢查 All Times 資料...
[2025-11-24T09:22:08.268Z] 滾動到 Weekly Ranking 區域...
[2025-11-24T09:22:08.273Z] 當前滾動位置: 0, 目標位置: 156, 需要滾動: 156 像素
[2025-11-24T09:22:08.276Z] 使用滑鼠滾輪滾動 156 像素...
[2025-11-24T09:22:11.043Z] 滾動後位置: 156, 元素在視窗中的 y 座標: 200
[2025-11-24T09:22:11.044Z] 移動滑鼠到 Weekly Ranking 區域 (座標: 16, 200)...
[2025-11-24T09:22:11.565Z] 再次移動滑鼠到 Weekly Ranking 區域...
[2025-11-24T09:22:11.893Z] 檢查 Weekly Ranking 資料...
[2025-11-24T09:22:13.599Z] 測試項目 9/9 完成
[2025-11-24T09:22:13.601Z] 所有測試項目執行完成
[2025-11-24T09:22:13.602Z] ✅ 所有 9 個測試項目都已執行
[2025-11-24T09:24:44.100Z] 開始執行測試項目 1/9: gVersion 版號測試
[2025-11-24T09:24:44.102Z] 測試項目 1/9 完成
[2025-11-24T09:24:44.103Z] 開始執行測試項目 2/9: Stream n'Spin 彈窗測試
[2025-11-24T09:24:44.103Z] 開始 Stream n'Spin 彈窗測試...
[2025-11-24T09:24:45.341Z] 測試項目 2/9 完成
[2025-11-24T09:24:45.342Z] 開始執行測試項目 3/9: 更名功能測試
[2025-11-24T09:24:45.342Z] 開始更名功能測試 (點擊帳號名稱 -> 開啟視窗 -> 點擊 X 關閉)...
[2025-11-24T09:24:47.797Z] 測試項目 3/9 完成
[2025-11-24T09:24:47.798Z] 開始執行測試項目 4/9: 排序按鈕測試
[2025-11-24T09:24:47.798Z] 開始排序按鈕測試...
[2025-11-24T09:24:53.528Z] 測試項目 4/9 完成
[2025-11-24T09:24:53.529Z] 開始執行測試項目 5/9: Promotion 圖片檢查
[2025-11-24T09:24:53.529Z] 開始 Promotion 圖片檢查...
[2025-11-24T09:24:56.056Z] 測試項目 5/9 完成
[2025-11-24T09:24:56.057Z] 開始執行測試項目 6/9: All Streamers 圖片檢查
[2025-11-24T09:24:56.058Z] 開始 All Streamers 圖片檢查...
[2025-11-24T09:24:57.550Z] 測試項目 6/9 完成
[2025-11-24T09:24:57.551Z] 開始執行測試項目 7/9: All Streamers 排列按鈕測試
[2025-11-24T09:24:57.551Z] 開始 All Streamers 排列按鈕測試...
[2025-11-24T09:25:03.296Z] 測試項目 7/9 完成
[2025-11-24T09:25:03.801Z] 開始執行測試項目 8/9: 直播主介紹卡片點擊測試
[2025-11-24T09:25:03.802Z] 開始直播主介紹卡片點擊測試...
[2025-11-24T09:25:09.751Z] 測試項目 8/9 完成
[2025-11-24T09:25:09.752Z] 開始執行測試項目 9/9: 排行榜檢查
[2025-11-24T09:25:09.753Z] 開始排行榜檢查...
[2025-11-24T09:25:10.951Z] 滾動到 All Times 區域...
[2025-11-24T09:25:10.951Z] 移動滑鼠到 All Times 區域 (座標: 16, 112)...
[2025-11-24T09:25:11.271Z] 當前滾動位置: 0, 目標位置: 0, 需要滾動: 0 像素
[2025-11-24T09:25:12.618Z] 檢查 All Times 資料...
[2025-11-24T09:25:12.628Z] 滾動到 Weekly Ranking 區域...
[2025-11-24T09:25:12.637Z] 當前滾動位置: 0, 目標位置: 156, 需要滾動: 156 像素
[2025-11-24T09:25:12.639Z] 使用滑鼠滾輪滾動 156 像素...
[2025-11-24T09:25:15.391Z] 滾動後位置: 156, 元素在視窗中的 y 座標: 200
[2025-11-24T09:25:15.392Z] 移動滑鼠到 Weekly Ranking 區域 (座標: 16, 200)...
[2025-11-24T09:25:15.914Z] 再次移動滑鼠到 Weekly Ranking 區域...
[2025-11-24T09:25:16.237Z] 檢查 Weekly Ranking 資料...
[2025-11-24T09:25:17.925Z] 測試項目 9/9 完成
[2025-11-24T09:25:17.926Z] 所有測試項目執行完成
[2025-11-24T09:25:17.926Z] ✅ 所有 9 個測試項目都已執行
