[2025-11-27T03:00:29.204Z] 📝 日誌文件已創建: C:\Users\penny\OneDrive\Desktop\stream-lobby\logs\server-2025-11-27T03-00-29-203Z.log
[2025-11-27T03:00:29.208Z] 
🚀 檢查工具伺服器運行在 http://localhost:3000
[2025-11-27T03:00:29.209Z] ━━━━━━━━━━━━━━━━━━━━━━━━━━━━━━━━━━━━━━
[2025-11-27T03:00:29.210Z] 📋 測試工具 1 (7項測試): http://localhost:3000/
[2025-11-27T03:00:29.211Z] 🎮 測試工具 2 (10項測試): http://localhost:3000/test2.html
[2025-11-27T03:00:29.212Z] ━━━━━━━━━━━━━━━━━━━━━━━━━━━━━━━━━━━━━━
[2025-11-27T03:00:29.213Z] 📝 所有日誌將保存到: C:\Users\penny\OneDrive\Desktop\stream-lobby\logs\server-2025-11-27T03-00-29-203Z.log

[2025-11-27T03:01:14.018Z] 開始執行測試項目 1/12: gVersion 版號測試
[2025-11-27T03:01:14.026Z] 測試項目 1/12 完成
[2025-11-27T03:01:14.027Z] 開始執行測試項目 2/12: Stream n'Spin 彈窗測試
[2025-11-27T03:01:14.027Z] 開始 Stream n'Spin 彈窗測試...
[2025-11-27T03:01:15.270Z] 測試項目 2/12 完成
[2025-11-27T03:01:15.271Z] 開始執行測試項目 3/12: 更名功能測試
[2025-11-27T03:01:15.272Z] 開始更名功能測試 (點擊帳號名稱 -> 開啟視窗 -> 點擊 X 關閉)...
[2025-11-27T03:01:16.525Z] 找到輸入框，先清空原本的名字...
[2025-11-27T03:01:17.470Z] 已清空原本名字，截圖: C:\Users\penny\OneDrive\Desktop\stream-lobby\debug\account-name-cleared-2025-11-27T03-01-06-998Z.png
[2025-11-27T03:01:17.471Z] 輸入 IDN...
[2025-11-27T03:01:18.813Z] 已輸入 IDN，截圖: C:\Users\penny\OneDrive\Desktop\stream-lobby\debug\account-name-idn-2025-11-27T03-01-06-998Z.png
[2025-11-27T03:01:18.824Z] ✅ 偵測到錯誤訊息: Brittany5944Balance 30,000,000Streaming Now5 viewersgame013 viewersgame022 viewersgame031 viewersgame040 viewersmanagerPromotionAll Streamersgame01game02game03game04game05managermayStream n' Spin×Please enter your nicknameNickname cannot start with "idn"Confirm
[2025-11-27T03:01:18.825Z] 等待 1 秒...
[2025-11-27T03:01:19.837Z] 刪除 IDN...
[2025-11-27T03:01:20.486Z] 已刪除 IDN，截圖: C:\Users\penny\OneDrive\Desktop\stream-lobby\debug\account-name-deleted-idn-2025-11-27T03-01-06-998Z.png
[2025-11-27T03:01:20.487Z] 生成的隨機名字: Sam8514
[2025-11-27T03:01:20.487Z] 輸入隨機名字...
[2025-11-27T03:01:22.127Z] 已輸入隨機名字，截圖: C:\Users\penny\OneDrive\Desktop\stream-lobby\debug\account-name-random-2025-11-27T03-01-06-998Z.png
[2025-11-27T03:01:22.128Z] 尋找 Confirm 按鈕...
[2025-11-27T03:01:22.134Z] 找到 Confirm 按鈕: Confirm
[2025-11-27T03:01:23.442Z] 已點擊 Confirm 按鈕，截圖: C:\Users\penny\OneDrive\Desktop\stream-lobby\debug\account-name-confirmed-2025-11-27T03-01-06-998Z.png
[2025-11-27T03:01:23.448Z] 測試項目 3/12 完成
[2025-11-27T03:01:23.449Z] 開始執行測試項目 4/12: 排序按鈕測試
[2025-11-27T03:01:23.451Z] 開始排序按鈕測試...
[2025-11-27T03:01:26.455Z] 測試項目 4/12 完成
[2025-11-27T03:01:26.456Z] 開始執行測試項目 5/12: Promotion 圖片檢查
[2025-11-27T03:01:26.457Z] 開始 Promotion 圖片檢查...
[2025-11-27T03:01:27.652Z] 測試項目 5/12 完成
[2025-11-27T03:01:27.653Z] 開始執行測試項目 6/12: All Streamers 圖片檢查
[2025-11-27T03:01:27.655Z] 開始 All Streamers 圖片檢查...
[2025-11-27T03:01:28.554Z] 測試項目 6/12 完成
[2025-11-27T03:01:28.556Z] 開始執行測試項目 7/12: All Streamers 排列按鈕測試
[2025-11-27T03:01:28.558Z] 開始 All Streamers 排列按鈕測試...
[2025-11-27T03:01:34.231Z] 測試項目 7/12 完成
[2025-11-27T03:01:34.737Z] 開始執行測試項目 8/12: 直播主介紹卡片點擊測試
[2025-11-27T03:01:34.739Z] 開始直播主介紹卡片點擊測試...
[2025-11-27T03:01:40.790Z] 測試項目 8/12 完成
[2025-11-27T03:01:40.791Z] 開始執行測試項目 9/12: 排行榜檢查
[2025-11-27T03:01:40.791Z] 開始排行榜檢查...
[2025-11-27T03:01:41.977Z] 滾動到 All Times 區域 (y: 340)...
[2025-11-27T03:01:43.486Z] 移動滑鼠到 All Times 區域 (座標: 32, 340)...
[2025-11-27T03:01:44.221Z] 已截圖 All Times 區域: C:\Users\penny\OneDrive\Desktop\stream-lobby\debug\ranking-all-times-2025-11-27T03-01-06-998Z.png
[2025-11-27T03:01:44.221Z] 檢查 All Times 資料...
[2025-11-27T03:01:44.225Z] 滾動到 Weekly Ranking 區域 (y: 412)...
[2025-11-27T03:01:45.739Z] 移動滑鼠到 Weekly Ranking 區域 (座標: 50, 412)...
[2025-11-27T03:01:46.417Z] 已截圖 Weekly Ranking 區域: C:\Users\penny\OneDrive\Desktop\stream-lobby\debug\ranking-weekly-2025-11-27T03-01-06-998Z.png
[2025-11-27T03:01:46.419Z] 檢查 Weekly Ranking 資料...
[2025-11-27T03:01:46.608Z] 測試項目 9/12 完成
[2025-11-27T03:01:46.608Z] 開始執行測試項目 10/12: 直播主照片檢查
[2025-11-27T03:01:46.609Z] 開始直播主照片檢查...
[2025-11-27T03:01:46.680Z] 已點擊 Photo 分頁
[2025-11-27T03:01:46.686Z] 找到 3 張照片（含破圖也算）
[2025-11-27T03:01:46.728Z] 照片統計：總數=3，正常=0，破圖=3（第 1、2、3 張為破圖）
[2025-11-27T03:01:46.810Z] 已點擊第 1 張照片
[2025-11-27T03:01:47.824Z] 偵測到照片大圖彈窗，嘗試關閉...
[2025-11-27T03:01:47.829Z] 照片大圖彈窗已透過 Esc 關閉
[2025-11-27T03:01:47.931Z] 已點擊第 2 張照片
[2025-11-27T03:01:48.943Z] 偵測到照片大圖彈窗，嘗試關閉...
[2025-11-27T03:01:48.948Z] 照片大圖彈窗已透過 Esc 關閉
[2025-11-27T03:01:48.949Z] ❌ 照片異常：共 3 張，正常 0 張，破圖 3 張（第 1、2、3 張為破圖）
[2025-11-27T03:01:48.949Z] 測試項目 10/12 完成
[2025-11-27T03:01:48.949Z] 開始執行測試項目 12/12: 返回按鈕測試
[2025-11-27T03:01:48.950Z] 開始返回按鈕測試...
[2025-11-27T03:01:49.613Z] 截圖（點擊前）: C:\Users\penny\OneDrive\Desktop\stream-lobby\debug\back-button-before-2025-11-27T03-01-06-998Z.png
[2025-11-27T03:01:49.618Z] 找到返回按鈕，位置: {
  "x": 317,
  "y": 48
}
[2025-11-27T03:01:49.622Z] 點擊前的 URL: http://lobby.sns.lab/?isAgentApi=&token=MTc1MDIzMDQ2NzMyNTY2NjA0OAeZssLuZzfnDMhczVhfrertoujSFmpFIYacsDri
[2025-11-27T03:01:49.639Z] 已點擊返回按鈕，等待頁面載入...
[2025-11-27T03:01:49.641Z] 頁面載入完成 (domcontentloaded)
[2025-11-27T03:01:50.881Z] 截圖（點擊後）: C:\Users\penny\OneDrive\Desktop\stream-lobby\debug\back-button-after-2025-11-27T03-01-06-998Z.png
[2025-11-27T03:01:50.881Z] 點擊後的 URL: http://lobby.sns.lab/?isAgentApi=&token=MTc1MDIzMDQ2NzMyNTY2NjA0OAeZssLuZzfnDMhczVhfrertoujSFmpFIYacsDri
[2025-11-27T03:01:50.882Z] ⚠️ URL 未改變（可能是 SPA 應用），但仍繼續執行置頂
[2025-11-27T03:01:50.882Z] 滾動到頁面頂部...
[2025-11-27T03:01:51.816Z] 當前滾動位置: 0
[2025-11-27T03:01:52.530Z] 截圖（滾動後）: C:\Users\penny\OneDrive\Desktop\stream-lobby\debug\back-button-scrolled-2025-11-27T03-01-06-998Z.png
[2025-11-27T03:01:52.530Z] 測試項目 12/12 完成
[2025-11-27T03:01:52.531Z] 所有測試項目執行完成
[2025-11-27T03:01:52.531Z] ✅ 所有 10 個測試項目都已執行
