[2025-11-20T03:35:48.952Z] 📝 日誌文件已創建: C:\Users\penny\OneDrive\Desktop\stream-lobby\logs\server-2025-11-20T03-35-48-951Z.log
[2025-11-20T03:35:48.957Z] 
🚀 檢查工具伺服器運行在 http://localhost:3000
[2025-11-20T03:35:48.958Z] ━━━━━━━━━━━━━━━━━━━━━━━━━━━━━━━━━━━━━━
[2025-11-20T03:35:48.958Z] 📋 測試工具 1 (7項測試): http://localhost:3000/
[2025-11-20T03:35:48.959Z] 🎮 測試工具 2 (10項測試): http://localhost:3000/test2.html
[2025-11-20T03:35:48.959Z] ━━━━━━━━━━━━━━━━━━━━━━━━━━━━━━━━━━━━━━
[2025-11-20T03:35:48.960Z] 📝 所有日誌將保存到: C:\Users\penny\OneDrive\Desktop\stream-lobby\logs\server-2025-11-20T03-35-48-951Z.log

[2025-11-20T03:37:37.154Z] 開始執行測試項目 1/9: gVersion 版號測試
[2025-11-20T03:37:37.159Z] 測試項目 1/9 完成
[2025-11-20T03:37:37.160Z] 開始執行測試項目 2/9: Stream n'Spin 彈窗測試
[2025-11-20T03:37:37.162Z] 開始 Stream n'Spin 彈窗測試...
[2025-11-20T03:37:40.174Z] 測試項目 2/9 完成
[2025-11-20T03:37:40.174Z] 開始執行測試項目 3/9: 更名功能測試
[2025-11-20T03:37:40.176Z] 開始更名功能測試 (點擊帳號名稱 -> 開啟視窗 -> 點擊 X 關閉)...
[2025-11-20T03:37:42.606Z] 測試項目 3/9 完成
[2025-11-20T03:37:42.606Z] 開始執行測試項目 4/9: 排序按鈕測試
[2025-11-20T03:37:42.607Z] 開始排序按鈕測試...
[2025-11-20T03:37:48.363Z] 測試項目 4/9 完成
[2025-11-20T03:37:48.364Z] 開始執行測試項目 5/9: Promotion 圖片檢查
[2025-11-20T03:37:48.366Z] 開始 Promotion 圖片檢查...
[2025-11-20T03:37:50.913Z] 測試項目 5/9 完成
[2025-11-20T03:37:50.913Z] 開始執行測試項目 6/9: All Streamers 圖片檢查
[2025-11-20T03:37:50.915Z] 開始 All Streamers 圖片檢查...
[2025-11-20T03:37:52.542Z] 測試項目 6/9 完成
[2025-11-20T03:37:52.544Z] 開始執行測試項目 7/9: All Streamers 排列按鈕測試
[2025-11-20T03:37:52.546Z] 開始 All Streamers 排列按鈕測試...
[2025-11-20T03:37:58.274Z] 測試項目 7/9 完成
[2025-11-20T03:37:58.777Z] 開始執行測試項目 8/9: 直播主介紹卡片點擊測試
[2025-11-20T03:37:58.780Z] 開始直播主介紹卡片點擊測試...
[2025-11-20T03:38:04.780Z] 測試項目 8/9 完成
[2025-11-20T03:38:05.282Z] 開始執行測試項目 9/9: Lobby 送禮測試
[2025-11-20T03:38:05.285Z] 開始 Lobby 送禮測試...
[2025-11-20T03:38:05.479Z] 禮物按鈕查找結果: {
  "found": true,
  "x": 1047,
  "y": 444,
  "element": "IMG (by selector)",
  "isClickable": true,
  "hasGiftKeyword": true,
  "debug": "使用選擇器找到禮物按鈕"
}
[2025-11-20T03:38:05.858Z] 方法1成功: Playwright 選擇器點擊
[2025-11-20T03:38:06.876Z] 禮物按鈕已點擊，等待禮物清單出現...
[2025-11-20T03:38:07.897Z] 禮物清單檢查結果 (嘗試 1/5): {
  "overlayFound": true,
  "overlayVisible": false,
  "giftGridFound": true,
  "giftGridVisible": true,
  "giftOverlaysFound": 0,
  "giftOverlaysVisible": 0
}
[2025-11-20T03:38:07.900Z] 禮物清單已出現！
[2025-11-20T03:38:08.916Z] 嘗試點擊選中的禮物...
[2025-11-20T03:38:11.243Z] 方法2失敗: page.click: Timeout 2000ms exceeded.
Call log:
  - waiting for locator('#root > div > div > div._overlay_1fh5q_1 > div > div > div._giftGrid_1fh5q_108 > div._giftItem_1fh5q_122._selected_1fh5q_148')

[2025-11-20T03:38:11.866Z] 方法4成功: 點擊第一個禮物來選中它
[2025-11-20T03:38:12.379Z] 方法4成功: 禮物已選中並點擊
[2025-11-20T03:38:12.897Z] 禮物已成功選中（驗證通過）
[2025-11-20T03:38:12.898Z] 禮物已選擇，等待確認按鈕出現...
[2025-11-20T03:38:13.411Z] 禮物選中驗證通過（找到 1 個選中的禮物）
[2025-11-20T03:38:13.414Z] 選中禮物的價格: null
[2025-11-20T03:38:13.415Z] 禮物已選中，現在查找並點擊 Confirm 按鈕完成送禮...
[2025-11-20T03:38:13.419Z] Confirm 按鈕檢查結果: {
  "bySelectorFound": true,
  "bySelectorVisible": true,
  "confirmButtonsFound": 1,
  "confirmButtonsVisible": 1,
  "allButtonsCount": 6
}
[2025-11-20T03:38:13.424Z] Confirm 方法1成功: JavaScript 選擇器點擊
[2025-11-20T03:38:13.426Z] ✅ Confirm 按鈕已點擊，送禮完成！等待 Balance 更新...
[2025-11-20T03:38:16.982Z] 警告：禮物清單可能未完全關閉
[2025-11-20T03:38:18.105Z] 檢查 Balance 變化...
[2025-11-20T03:38:18.109Z] Balance 檢查: 之前=8806, 之後=8806, 禮物價格=null
[2025-11-20T03:38:18.109Z] Balance 變化: 0
[2025-11-20T03:38:18.110Z] 測試項目 9/9 完成
[2025-11-20T03:38:18.110Z] 所有測試項目執行完成
[2025-11-20T03:38:18.111Z] ✅ 所有 9 個測試項目都已執行
[2025-11-20T03:50:59.729Z] 開始執行測試項目 1/9: gVersion 版號測試
[2025-11-20T03:50:59.732Z] 測試項目 1/9 完成
[2025-11-20T03:50:59.733Z] 開始執行測試項目 2/9: Stream n'Spin 彈窗測試
[2025-11-20T03:50:59.734Z] 開始 Stream n'Spin 彈窗測試...
[2025-11-20T03:51:02.773Z] 測試項目 2/9 完成
[2025-11-20T03:51:02.774Z] 開始執行測試項目 3/9: 更名功能測試
[2025-11-20T03:51:02.775Z] 開始更名功能測試 (點擊帳號名稱 -> 開啟視窗 -> 點擊 X 關閉)...
[2025-11-20T03:51:05.220Z] 測試項目 3/9 完成
[2025-11-20T03:51:05.221Z] 開始執行測試項目 4/9: 排序按鈕測試
[2025-11-20T03:51:05.221Z] 開始排序按鈕測試...
[2025-11-20T03:51:10.922Z] 測試項目 4/9 完成
[2025-11-20T03:51:10.923Z] 開始執行測試項目 5/9: Promotion 圖片檢查
[2025-11-20T03:51:10.923Z] 開始 Promotion 圖片檢查...
[2025-11-20T03:51:13.477Z] 測試項目 5/9 完成
[2025-11-20T03:51:13.478Z] 開始執行測試項目 6/9: All Streamers 圖片檢查
[2025-11-20T03:51:13.478Z] 開始 All Streamers 圖片檢查...
[2025-11-20T03:51:14.976Z] 測試項目 6/9 完成
[2025-11-20T03:51:14.976Z] 開始執行測試項目 7/9: All Streamers 排列按鈕測試
[2025-11-20T03:51:14.977Z] 開始 All Streamers 排列按鈕測試...
[2025-11-20T03:51:20.721Z] 測試項目 7/9 完成
[2025-11-20T03:51:21.229Z] 開始執行測試項目 8/9: 直播主介紹卡片點擊測試
[2025-11-20T03:51:21.231Z] 開始直播主介紹卡片點擊測試...
[2025-11-20T03:51:27.277Z] 測試項目 8/9 完成
[2025-11-20T03:51:27.786Z] 開始執行測試項目 9/9: Lobby 送禮測試
[2025-11-20T03:51:27.787Z] 開始 Lobby 送禮測試...
[2025-11-20T03:51:27.978Z] 禮物按鈕查找結果: {
  "found": true,
  "x": 1047,
  "y": 444,
  "element": "IMG (by selector)",
  "isClickable": true,
  "hasGiftKeyword": true,
  "debug": "使用選擇器找到禮物按鈕"
}
[2025-11-20T03:51:28.364Z] 方法1成功: Playwright 選擇器點擊
[2025-11-20T03:51:29.370Z] 禮物按鈕已點擊，等待禮物清單出現...
[2025-11-20T03:51:30.380Z] 禮物清單檢查結果 (嘗試 1/5): {
  "overlayFound": true,
  "overlayVisible": false,
  "giftGridFound": true,
  "giftGridVisible": true,
  "giftOverlaysFound": 0,
  "giftOverlaysVisible": 0
}
[2025-11-20T03:51:30.381Z] 禮物清單已出現！
[2025-11-20T03:51:31.386Z] 嘗試點擊選中的禮物...
[2025-11-20T03:51:33.711Z] 方法2失敗: page.click: Timeout 2000ms exceeded.
Call log:
  - waiting for locator('#root > div > div > div._overlay_1fh5q_1 > div > div > div._giftGrid_1fh5q_108 > div._giftItem_1fh5q_122._selected_1fh5q_148')

[2025-11-20T03:51:34.344Z] 方法4成功: 點擊第一個禮物來選中它
[2025-11-20T03:51:34.860Z] 方法4成功: 禮物已選中並點擊
[2025-11-20T03:51:35.367Z] 禮物已成功選中（驗證通過）
[2025-11-20T03:51:35.368Z] 禮物已選擇，等待確認按鈕出現...
[2025-11-20T03:51:35.881Z] 禮物選中驗證通過（找到 1 個選中的禮物）
[2025-11-20T03:51:35.890Z] 選中禮物的價格: null
[2025-11-20T03:51:35.892Z] 禮物已選中，現在查找並點擊 Confirm 按鈕完成送禮...
[2025-11-20T03:51:35.900Z] Confirm 按鈕檢查結果: {
  "bySelectorFound": true,
  "bySelectorVisible": true,
  "confirmButtonsFound": 1,
  "confirmButtonsVisible": 1,
  "allButtonsCount": 6
}
[2025-11-20T03:51:35.906Z] Confirm 方法1成功: JavaScript 選擇器點擊
[2025-11-20T03:51:35.907Z] ✅ Confirm 按鈕已點擊，送禮完成！等待 Balance 更新...
[2025-11-20T03:51:39.471Z] 警告：禮物清單可能未完全關閉
[2025-11-20T03:51:40.582Z] 檢查 Balance 變化...
[2025-11-20T03:51:40.587Z] Balance 檢查: 之前=4396, 之後=4396, 禮物價格=null
[2025-11-20T03:51:40.587Z] Balance 變化: 0
[2025-11-20T03:51:40.588Z] 測試項目 9/9 完成
[2025-11-20T03:51:40.588Z] 所有測試項目執行完成
[2025-11-20T03:51:40.588Z] ✅ 所有 9 個測試項目都已執行
