[2025-11-26T11:03:02.581Z] 📝 日誌文件已創建: C:\Users\penny\OneDrive\Desktop\stream-lobby\logs\server-2025-11-26T11-03-02-580Z.log
[2025-11-26T11:03:02.586Z] 
🚀 檢查工具伺服器運行在 http://localhost:3000
[2025-11-26T11:03:02.587Z] ━━━━━━━━━━━━━━━━━━━━━━━━━━━━━━━━━━━━━━
[2025-11-26T11:03:02.588Z] 📋 測試工具 1 (7項測試): http://localhost:3000/
[2025-11-26T11:03:02.589Z] 🎮 測試工具 2 (10項測試): http://localhost:3000/test2.html
[2025-11-26T11:03:02.589Z] ━━━━━━━━━━━━━━━━━━━━━━━━━━━━━━━━━━━━━━
[2025-11-26T11:03:02.593Z] 📝 所有日誌將保存到: C:\Users\penny\OneDrive\Desktop\stream-lobby\logs\server-2025-11-26T11-03-02-580Z.log

[2025-11-26T11:03:43.116Z] 開始執行測試項目 1/10: gVersion 版號測試
[2025-11-26T11:03:43.122Z] 測試項目 1/10 完成
[2025-11-26T11:03:43.123Z] 開始執行測試項目 2/10: Stream n'Spin 彈窗測試
[2025-11-26T11:03:43.125Z] 開始 Stream n'Spin 彈窗測試...
[2025-11-26T11:03:44.351Z] 測試項目 2/10 完成
[2025-11-26T11:03:44.351Z] 開始執行測試項目 3/10: 更名功能測試
[2025-11-26T11:03:44.352Z] 開始更名功能測試 (點擊帳號名稱 -> 開啟視窗 -> 點擊 X 關閉)...
[2025-11-26T11:03:46.904Z] 測試項目 3/10 完成
[2025-11-26T11:03:46.905Z] 開始執行測試項目 4/10: 排序按鈕測試
[2025-11-26T11:03:46.907Z] 開始排序按鈕測試...
[2025-11-26T11:03:49.868Z] 測試項目 4/10 完成
[2025-11-26T11:03:49.869Z] 開始執行測試項目 5/10: Promotion 圖片檢查
[2025-11-26T11:03:49.870Z] 開始 Promotion 圖片檢查...
[2025-11-26T11:03:51.069Z] 測試項目 5/10 完成
[2025-11-26T11:03:51.070Z] 開始執行測試項目 6/10: All Streamers 圖片檢查
[2025-11-26T11:03:51.071Z] 開始 All Streamers 圖片檢查...
[2025-11-26T11:03:51.892Z] 測試項目 6/10 完成
[2025-11-26T11:03:51.893Z] 開始執行測試項目 7/10: All Streamers 排列按鈕測試
[2025-11-26T11:03:51.894Z] 開始 All Streamers 排列按鈕測試...
[2025-11-26T11:03:57.722Z] 測試項目 7/10 完成
[2025-11-26T11:03:58.235Z] 開始執行測試項目 8/10: 直播主介紹卡片點擊測試
[2025-11-26T11:03:58.236Z] 開始直播主介紹卡片點擊測試...
[2025-11-26T11:04:04.290Z] 測試項目 8/10 完成
[2025-11-26T11:04:04.291Z] 開始執行測試項目 9/10: 排行榜檢查
[2025-11-26T11:04:04.292Z] 開始排行榜檢查...
[2025-11-26T11:04:05.490Z] 滾動到 All Times 區域 (y: 340)...
[2025-11-26T11:04:06.998Z] 移動滑鼠到 All Times 區域 (座標: 32, 340)...
[2025-11-26T11:04:07.789Z] 已截圖 All Times 區域: C:\Users\penny\OneDrive\Desktop\stream-lobby\debug\ranking-all-times-2025-11-26T11-03-36-245Z.png
[2025-11-26T11:04:07.791Z] 檢查 All Times 資料...
[2025-11-26T11:04:07.802Z] 滾動到 Weekly Ranking 區域 (y: 412)...
[2025-11-26T11:04:09.318Z] 移動滑鼠到 Weekly Ranking 區域 (座標: 50, 412)...
[2025-11-26T11:04:10.050Z] 已截圖 Weekly Ranking 區域: C:\Users\penny\OneDrive\Desktop\stream-lobby\debug\ranking-weekly-2025-11-26T11-03-36-245Z.png
[2025-11-26T11:04:10.050Z] 檢查 Weekly Ranking 資料...
[2025-11-26T11:04:10.221Z] 測試項目 9/10 完成
[2025-11-26T11:04:10.222Z] 開始執行測試項目 10/10: 直播主照片檢查
[2025-11-26T11:04:10.224Z] 開始直播主照片檢查...
[2025-11-26T11:04:10.292Z] 已點擊 Photo 分頁
[2025-11-26T11:04:10.297Z] 找到 3 張照片（含破圖也算）
[2025-11-26T11:04:10.343Z] 照片統計：總數=3，正常=0，破圖=3（第 1、2、3 張為破圖）
[2025-11-26T11:04:10.413Z] 已點擊第 1 張照片
[2025-11-26T11:04:11.431Z] 偵測到照片大圖彈窗，嘗試關閉...
[2025-11-26T11:04:11.447Z] 照片大圖彈窗已透過 Esc 關閉
[2025-11-26T11:04:11.553Z] 已點擊第 2 張照片
[2025-11-26T11:04:12.582Z] 偵測到照片大圖彈窗，嘗試關閉...
[2025-11-26T11:04:12.614Z] 照片大圖彈窗已透過 Esc 關閉
[2025-11-26T11:04:12.615Z] ❌ 照片異常：共 3 張，正常 0 張，破圖 3 張（第 1、2、3 張為破圖）
[2025-11-26T11:04:12.616Z] 測試項目 10/10 完成
[2025-11-26T11:04:12.617Z] 所有測試項目執行完成
[2025-11-26T11:04:12.618Z] ✅ 所有 10 個測試項目都已執行
