[2025-11-24T09:29:20.764Z] 📝 日誌文件已創建: C:\Users\penny\OneDrive\Desktop\stream-lobby\logs\server-2025-11-24T09-29-20-762Z.log
[2025-11-24T09:29:20.770Z] 
🚀 檢查工具伺服器運行在 http://localhost:3000
[2025-11-24T09:29:20.771Z] ━━━━━━━━━━━━━━━━━━━━━━━━━━━━━━━━━━━━━━
[2025-11-24T09:29:20.772Z] 📋 測試工具 1 (7項測試): http://localhost:3000/
[2025-11-24T09:29:20.773Z] 🎮 測試工具 2 (10項測試): http://localhost:3000/test2.html
[2025-11-24T09:29:20.773Z] ━━━━━━━━━━━━━━━━━━━━━━━━━━━━━━━━━━━━━━
[2025-11-24T09:29:20.774Z] 📝 所有日誌將保存到: C:\Users\penny\OneDrive\Desktop\stream-lobby\logs\server-2025-11-24T09-29-20-762Z.log

[2025-11-24T09:31:14.144Z] 開始執行測試項目 1/9: gVersion 版號測試
[2025-11-24T09:31:14.147Z] 測試項目 1/9 完成
[2025-11-24T09:31:14.148Z] 開始執行測試項目 2/9: Stream n'Spin 彈窗測試
[2025-11-24T09:31:14.149Z] 開始 Stream n'Spin 彈窗測試...
[2025-11-24T09:31:17.192Z] 測試項目 2/9 完成
[2025-11-24T09:31:17.193Z] 開始執行測試項目 3/9: 更名功能測試
[2025-11-24T09:31:17.194Z] 開始更名功能測試 (點擊帳號名稱 -> 開啟視窗 -> 點擊 X 關閉)...
[2025-11-24T09:31:19.650Z] 測試項目 3/9 完成
[2025-11-24T09:31:19.651Z] 開始執行測試項目 4/9: 排序按鈕測試
[2025-11-24T09:31:19.652Z] 開始排序按鈕測試...
[2025-11-24T09:31:25.380Z] 測試項目 4/9 完成
[2025-11-24T09:31:25.381Z] 開始執行測試項目 5/9: Promotion 圖片檢查
[2025-11-24T09:31:25.382Z] 開始 Promotion 圖片檢查...
[2025-11-24T09:31:27.939Z] 測試項目 5/9 完成
[2025-11-24T09:31:27.940Z] 開始執行測試項目 6/9: All Streamers 圖片檢查
[2025-11-24T09:31:27.940Z] 開始 All Streamers 圖片檢查...
[2025-11-24T09:31:29.441Z] 測試項目 6/9 完成
[2025-11-24T09:31:29.441Z] 開始執行測試項目 7/9: All Streamers 排列按鈕測試
[2025-11-24T09:31:29.442Z] 開始 All Streamers 排列按鈕測試...
[2025-11-24T09:31:35.151Z] 測試項目 7/9 完成
[2025-11-24T09:31:35.666Z] 開始執行測試項目 8/9: 直播主介紹卡片點擊測試
[2025-11-24T09:31:35.670Z] 開始直播主介紹卡片點擊測試...
[2025-11-24T09:31:41.656Z] 測試項目 8/9 完成
[2025-11-24T09:31:41.657Z] 開始執行測試項目 9/9: 排行榜檢查
[2025-11-24T09:31:41.658Z] 開始排行榜檢查...
[2025-11-24T09:31:42.837Z] 滾動到 All Times 區域...
[2025-11-24T09:31:42.838Z] 移動滑鼠到 All Times 區域 (座標: 16, 112)...
[2025-11-24T09:31:43.160Z] 當前滾動位置: 0, 目標位置: 0, 需要滾動: 0 像素
[2025-11-24T09:31:44.504Z] 檢查 All Times 資料...
[2025-11-24T09:31:44.507Z] 滾動到 Weekly Ranking 區域...
[2025-11-24T09:31:44.512Z] 當前滾動位置: 0, 目標位置: 215, 需要滾動: 215 像素
[2025-11-24T09:31:44.513Z] 使用滑鼠滾輪滾動 215 像素...
[2025-11-24T09:31:47.414Z] 滾動驗證 - 當前位置: 215, 目標位置: 215, 差異: 0 像素
[2025-11-24T09:31:47.415Z] ✅ 滾動已到達目標位置
[2025-11-24T09:31:47.421Z] 滾動後位置: 215, 元素在視窗中的 y 座標: 200
[2025-11-24T09:31:47.423Z] 移動滑鼠到 Weekly Ranking 區域 (座標: 16, 200)...
[2025-11-24T09:31:47.936Z] 再次移動滑鼠到 Weekly Ranking 區域...
[2025-11-24T09:31:48.258Z] 檢查 Weekly Ranking 資料...
[2025-11-24T09:31:49.985Z] 測試項目 9/9 完成
[2025-11-24T09:31:49.986Z] 所有測試項目執行完成
[2025-11-24T09:31:49.987Z] ✅ 所有 9 個測試項目都已執行
[2025-11-24T09:34:30.291Z] 開始執行測試項目 1/9: gVersion 版號測試
[2025-11-24T09:34:30.294Z] 測試項目 1/9 完成
[2025-11-24T09:34:30.294Z] 開始執行測試項目 2/9: Stream n'Spin 彈窗測試
[2025-11-24T09:34:30.295Z] 開始 Stream n'Spin 彈窗測試...
[2025-11-24T09:34:31.542Z] 測試項目 2/9 完成
[2025-11-24T09:34:31.543Z] 開始執行測試項目 3/9: 更名功能測試
[2025-11-24T09:34:31.544Z] 開始更名功能測試 (點擊帳號名稱 -> 開啟視窗 -> 點擊 X 關閉)...
[2025-11-24T09:34:34.000Z] 測試項目 3/9 完成
[2025-11-24T09:34:34.001Z] 開始執行測試項目 4/9: 排序按鈕測試
[2025-11-24T09:34:34.002Z] 開始排序按鈕測試...
[2025-11-24T09:34:39.741Z] 測試項目 4/9 完成
[2025-11-24T09:34:39.741Z] 開始執行測試項目 5/9: Promotion 圖片檢查
[2025-11-24T09:34:39.742Z] 開始 Promotion 圖片檢查...
[2025-11-24T09:34:42.271Z] 測試項目 5/9 完成
[2025-11-24T09:34:42.272Z] 開始執行測試項目 6/9: All Streamers 圖片檢查
[2025-11-24T09:34:42.274Z] 開始 All Streamers 圖片檢查...
[2025-11-24T09:34:43.836Z] 測試項目 6/9 完成
[2025-11-24T09:34:43.837Z] 開始執行測試項目 7/9: All Streamers 排列按鈕測試
[2025-11-24T09:34:43.838Z] 開始 All Streamers 排列按鈕測試...
[2025-11-24T09:34:49.610Z] 測試項目 7/9 完成
[2025-11-24T09:34:50.114Z] 開始執行測試項目 8/9: 直播主介紹卡片點擊測試
[2025-11-24T09:34:50.116Z] 開始直播主介紹卡片點擊測試...
[2025-11-24T09:34:56.160Z] 測試項目 8/9 完成
[2025-11-24T09:34:56.161Z] 開始執行測試項目 9/9: 排行榜檢查
[2025-11-24T09:34:56.161Z] 開始排行榜檢查...
[2025-11-24T09:34:57.394Z] 滾動到 All Times 區域...
[2025-11-24T09:34:57.395Z] 移動滑鼠到 All Times 區域 (座標: 16, 112)...
[2025-11-24T09:34:57.712Z] 當前滾動位置: 0, 目標位置: 0, 需要滾動: 0 像素
[2025-11-24T09:34:59.046Z] 檢查 All Times 資料...
[2025-11-24T09:34:59.052Z] 滾動到 Weekly Ranking 區域...
[2025-11-24T09:34:59.058Z] 當前滾動位置: 0, 目標位置: 215, 需要滾動: 215 像素
[2025-11-24T09:34:59.059Z] 使用滑鼠滾輪滾動 215 像素...
[2025-11-24T09:35:01.935Z] 滾動驗證 - 當前位置: 215, 目標位置: 215, 差異: 0 像素
[2025-11-24T09:35:01.937Z] ✅ 滾動已到達目標位置
[2025-11-24T09:35:01.942Z] 滾動後位置: 215, 元素在視窗中的 y 座標: 200
[2025-11-24T09:35:01.943Z] 移動滑鼠到 Weekly Ranking 區域 (座標: 16, 200)...
[2025-11-24T09:35:02.471Z] 再次移動滑鼠到 Weekly Ranking 區域...
[2025-11-24T09:35:02.785Z] 檢查 Weekly Ranking 資料...
[2025-11-24T09:35:04.478Z] 測試項目 9/9 完成
[2025-11-24T09:35:04.478Z] 所有測試項目執行完成
[2025-11-24T09:35:04.479Z] ✅ 所有 9 個測試項目都已執行
[2025-11-24T09:38:05.978Z] 開始執行測試項目 1/9: gVersion 版號測試
[2025-11-24T09:38:05.983Z] 測試項目 1/9 完成
[2025-11-24T09:38:05.983Z] 開始執行測試項目 2/9: Stream n'Spin 彈窗測試
[2025-11-24T09:38:05.984Z] 開始 Stream n'Spin 彈窗測試...
[2025-11-24T09:38:07.175Z] 測試項目 2/9 完成
[2025-11-24T09:38:07.175Z] 開始執行測試項目 3/9: 更名功能測試
[2025-11-24T09:38:07.176Z] 開始更名功能測試 (點擊帳號名稱 -> 開啟視窗 -> 點擊 X 關閉)...
[2025-11-24T09:38:09.669Z] 測試項目 3/9 完成
[2025-11-24T09:38:09.670Z] 開始執行測試項目 4/9: 排序按鈕測試
[2025-11-24T09:38:09.671Z] 開始排序按鈕測試...
[2025-11-24T09:38:15.380Z] 測試項目 4/9 完成
[2025-11-24T09:38:15.381Z] 開始執行測試項目 5/9: Promotion 圖片檢查
[2025-11-24T09:38:15.381Z] 開始 Promotion 圖片檢查...
[2025-11-24T09:38:17.898Z] 測試項目 5/9 完成
[2025-11-24T09:38:17.899Z] 開始執行測試項目 6/9: All Streamers 圖片檢查
[2025-11-24T09:38:17.899Z] 開始 All Streamers 圖片檢查...
[2025-11-24T09:38:19.463Z] 測試項目 6/9 完成
[2025-11-24T09:38:19.464Z] 開始執行測試項目 7/9: All Streamers 排列按鈕測試
[2025-11-24T09:38:19.464Z] 開始 All Streamers 排列按鈕測試...
[2025-11-24T09:38:25.249Z] 測試項目 7/9 完成
[2025-11-24T09:38:25.758Z] 開始執行測試項目 8/9: 直播主介紹卡片點擊測試
[2025-11-24T09:38:25.759Z] 開始直播主介紹卡片點擊測試...
[2025-11-24T09:38:31.732Z] 測試項目 8/9 完成
[2025-11-24T09:38:31.733Z] 開始執行測試項目 9/9: 排行榜檢查
[2025-11-24T09:38:31.735Z] 開始排行榜檢查...
[2025-11-24T09:38:32.981Z] 滾動到 All Times 區域...
[2025-11-24T09:38:32.981Z] 移動滑鼠到 All Times 區域 (座標: 16, 112)...
[2025-11-24T09:38:33.293Z] 當前滾動位置: 0, 目標位置: 0, 需要滾動: 0 像素
[2025-11-24T09:38:34.611Z] 檢查 All Times 資料...
[2025-11-24T09:38:34.614Z] 滾動到 Weekly Ranking 區域...
[2025-11-24T09:38:34.618Z] 當前滾動位置: 0, 目標位置: 215, 需要滾動: 215 像素
[2025-11-24T09:38:34.619Z] 使用滑鼠滾輪滾動 215 像素...
[2025-11-24T09:38:37.483Z] 滾動驗證 - 當前位置: 215, 目標位置: 215, 差異: 0 像素
[2025-11-24T09:38:37.484Z] ✅ 滾動已到達目標位置
[2025-11-24T09:38:37.487Z] 滾動後位置: 215, 元素在視窗中的 y 座標: 200
[2025-11-24T09:38:37.488Z] 移動滑鼠到 Weekly Ranking 區域 (座標: 16, 200)...
[2025-11-24T09:38:37.995Z] 再次移動滑鼠到 Weekly Ranking 區域...
[2025-11-24T09:38:38.324Z] 檢查 Weekly Ranking 資料...
[2025-11-24T09:38:40.023Z] 測試項目 9/9 完成
[2025-11-24T09:38:40.024Z] 所有測試項目執行完成
[2025-11-24T09:38:40.025Z] ✅ 所有 9 個測試項目都已執行
