[2025-11-25T09:59:30.334Z] 📝 日誌文件已創建: C:\Users\penny\OneDrive\Desktop\stream-lobby\logs\server-2025-11-25T09-59-30-333Z.log
[2025-11-25T09:59:30.343Z] 
🚀 檢查工具伺服器運行在 http://localhost:3000
[2025-11-25T09:59:30.344Z] ━━━━━━━━━━━━━━━━━━━━━━━━━━━━━━━━━━━━━━
[2025-11-25T09:59:30.344Z] 📋 測試工具 1 (7項測試): http://localhost:3000/
[2025-11-25T09:59:30.345Z] 🎮 測試工具 2 (10項測試): http://localhost:3000/test2.html
[2025-11-25T09:59:30.346Z] ━━━━━━━━━━━━━━━━━━━━━━━━━━━━━━━━━━━━━━
[2025-11-25T09:59:30.347Z] 📝 所有日誌將保存到: C:\Users\penny\OneDrive\Desktop\stream-lobby\logs\server-2025-11-25T09-59-30-333Z.log

[2025-11-25T10:00:47.260Z] 開始執行測試項目 1/10: gVersion 版號測試
[2025-11-25T10:00:47.263Z] 測試項目 1/10 完成
[2025-11-25T10:00:47.264Z] 開始執行測試項目 2/10: Stream n'Spin 彈窗測試
[2025-11-25T10:00:47.265Z] 開始 Stream n'Spin 彈窗測試...
[2025-11-25T10:00:50.372Z] 測試項目 2/10 完成
[2025-11-25T10:00:50.373Z] 開始執行測試項目 3/10: 更名功能測試
[2025-11-25T10:00:50.375Z] 開始更名功能測試 (點擊帳號名稱 -> 開啟視窗 -> 點擊 X 關閉)...
[2025-11-25T10:00:52.844Z] 測試項目 3/10 完成
[2025-11-25T10:00:52.845Z] 開始執行測試項目 4/8: 排序按鈕測試
[2025-11-25T10:00:52.846Z] 開始排序按鈕測試...
[2025-11-25T10:00:58.907Z] 測試項目 4/10 完成
[2025-11-25T10:00:58.908Z] 開始執行測試項目 5/10: Promotion 圖片檢查
[2025-11-25T10:00:58.912Z] 開始 Promotion 圖片檢查...
[2025-11-25T10:01:01.517Z] 測試項目 5/10 完成
[2025-11-25T10:01:01.518Z] 開始執行測試項目 6/10: All Streamers 圖片檢查
[2025-11-25T10:01:01.520Z] 開始 All Streamers 圖片檢查...
[2025-11-25T10:01:03.193Z] 測試項目 6/10 完成
[2025-11-25T10:01:03.194Z] 開始執行測試項目 7/10: All Streamers 排列按鈕測試
[2025-11-25T10:01:03.195Z] 開始 All Streamers 排列按鈕測試...
[2025-11-25T10:01:09.019Z] 測試項目 7/10 完成
[2025-11-25T10:01:09.529Z] 開始執行測試項目 8/10: 直播主介紹卡片點擊測試
[2025-11-25T10:01:09.530Z] 開始直播主介紹卡片點擊測試...
[2025-11-25T10:01:15.596Z] 測試項目 8/10 完成
[2025-11-25T10:01:15.597Z] 開始執行測試項目 9/10: 排行榜檢查
[2025-11-25T10:01:15.601Z] 開始排行榜檢查...
[2025-11-25T10:01:16.822Z] 滾動到 All Times 區域 (y: 340)...
[2025-11-25T10:01:18.339Z] 移動滑鼠到 All Times 區域 (座標: 32, 340)...
[2025-11-25T10:01:19.094Z] 已截圖 All Times 區域: C:\Users\penny\OneDrive\Desktop\stream-lobby\debug\ranking-all-times-2025-11-25T10-00-27-817Z.png
[2025-11-25T10:01:19.095Z] 檢查 All Times 資料...
[2025-11-25T10:01:19.100Z] All Times 檢查結果: {
  "found": true,
  "hasData": true,
  "textContent": "All Timestrytry01$2,012,000Ash2248$1,110,000Victor8147$601,000",
  "textLength": 62
}
[2025-11-25T10:01:19.106Z] 滾動到 Weekly Ranking 區域 (y: 412)...
[2025-11-25T10:01:20.623Z] 移動滑鼠到 Weekly Ranking 區域 (座標: 50, 412)...
[2025-11-25T10:01:21.292Z] 已截圖 Weekly Ranking 區域: C:\Users\penny\OneDrive\Desktop\stream-lobby\debug\ranking-weekly-2025-11-25T10-00-27-817Z.png
[2025-11-25T10:01:21.293Z] 檢查 Weekly Ranking 資料...
[2025-11-25T10:01:21.296Z] Weekly Ranking 檢查結果: {
  "found": true,
  "hasData": true,
  "textContent": "All Timestrytry01$2,012,000Ash2248$1,110,000Victor8147$601,000",
  "textLength": 62
}
[2025-11-25T10:01:21.496Z] 測試項目 9/10 完成
[2025-11-25T10:01:21.497Z] 開始執行測試項目 10/10: 直播主照片檢查
[2025-11-25T10:01:21.498Z] 開始直播主照片檢查...
[2025-11-25T10:01:22.729Z] 點擊 Photo 分頁...
[2025-11-25T10:01:22.733Z] ✓ Photo 分頁已點擊
[2025-11-25T10:01:25.406Z] 點擊照片區域...
[2025-11-25T10:01:25.413Z] 照片區域搜尋結果: []
[2025-11-25T10:01:25.413Z] ❌ 找不到照片區域
[2025-11-25T10:01:25.414Z] 搜尋的候選元素: []
[2025-11-25T10:01:25.414Z] 測試項目 10/10 完成
[2025-11-25T10:01:25.415Z] 所有測試項目執行完成
[2025-11-25T10:01:25.416Z] ✅ 所有 10 個測試項目都已執行
