[2025-11-25T09:20:00.278Z] 📝 日誌文件已創建: C:\Users\penny\OneDrive\Desktop\stream-lobby\logs\server-2025-11-25T09-20-00-277Z.log
[2025-11-25T09:20:00.286Z] 
🚀 檢查工具伺服器運行在 http://localhost:3000
[2025-11-25T09:20:00.286Z] ━━━━━━━━━━━━━━━━━━━━━━━━━━━━━━━━━━━━━━
[2025-11-25T09:20:00.287Z] 📋 測試工具 1 (7項測試): http://localhost:3000/
[2025-11-25T09:20:00.288Z] 🎮 測試工具 2 (10項測試): http://localhost:3000/test2.html
[2025-11-25T09:20:00.289Z] ━━━━━━━━━━━━━━━━━━━━━━━━━━━━━━━━━━━━━━
[2025-11-25T09:20:00.290Z] 📝 所有日誌將保存到: C:\Users\penny\OneDrive\Desktop\stream-lobby\logs\server-2025-11-25T09-20-00-277Z.log

[2025-11-25T09:39:08.359Z] 開始執行測試項目 1/10: gVersion 版號測試
[2025-11-25T09:39:08.365Z] 測試項目 1/10 完成
[2025-11-25T09:39:08.366Z] 開始執行測試項目 2/10: Stream n'Spin 彈窗測試
[2025-11-25T09:39:08.369Z] 開始 Stream n'Spin 彈窗測試...
[2025-11-25T09:39:09.622Z] 測試項目 2/10 完成
[2025-11-25T09:39:09.623Z] 開始執行測試項目 3/10: 更名功能測試
[2025-11-25T09:39:09.626Z] 開始更名功能測試 (點擊帳號名稱 -> 開啟視窗 -> 點擊 X 關閉)...
[2025-11-25T09:39:12.103Z] 測試項目 3/10 完成
[2025-11-25T09:39:12.104Z] 開始執行測試項目 4/8: 排序按鈕測試
[2025-11-25T09:39:12.105Z] 開始排序按鈕測試...
[2025-11-25T09:39:17.831Z] 測試項目 4/10 完成
[2025-11-25T09:39:17.834Z] 開始執行測試項目 5/10: Promotion 圖片檢查
[2025-11-25T09:39:17.836Z] 開始 Promotion 圖片檢查...
[2025-11-25T09:39:20.340Z] 測試項目 5/10 完成
[2025-11-25T09:39:20.341Z] 開始執行測試項目 6/10: All Streamers 圖片檢查
[2025-11-25T09:39:20.343Z] 開始 All Streamers 圖片檢查...
[2025-11-25T09:39:21.892Z] 測試項目 6/10 完成
[2025-11-25T09:39:21.893Z] 開始執行測試項目 7/10: All Streamers 排列按鈕測試
[2025-11-25T09:39:21.894Z] 開始 All Streamers 排列按鈕測試...
[2025-11-25T09:39:27.652Z] 測試項目 7/10 完成
[2025-11-25T09:39:28.164Z] 開始執行測試項目 8/10: 直播主介紹卡片點擊測試
[2025-11-25T09:39:28.166Z] 開始直播主介紹卡片點擊測試...
[2025-11-25T09:39:34.161Z] 測試項目 8/10 完成
[2025-11-25T09:39:34.161Z] 開始執行測試項目 9/10: 排行榜檢查
[2025-11-25T09:39:34.162Z] 開始排行榜檢查...
[2025-11-25T09:39:35.363Z] 滾動到 All Times 區域 (y: 340)...
[2025-11-25T09:39:36.877Z] 移動滑鼠到 All Times 區域 (座標: 32, 340)...
[2025-11-25T09:39:37.633Z] 已截圖 All Times 區域: C:\Users\penny\OneDrive\Desktop\stream-lobby\debug\ranking-all-times-2025-11-25T09-39-01-620Z.png
[2025-11-25T09:39:37.633Z] 檢查 All Times 資料...
[2025-11-25T09:39:37.640Z] All Times 檢查結果: {
  "found": true,
  "hasData": true,
  "textContent": "All Timestrytry01$2,012,000Ash2248$1,110,000Victor8147$601,000",
  "textLength": 62
}
[2025-11-25T09:39:37.645Z] 滾動到 Weekly Ranking 區域 (y: 412)...
[2025-11-25T09:39:39.161Z] 移動滑鼠到 Weekly Ranking 區域 (座標: 50, 412)...
[2025-11-25T09:39:39.850Z] 已截圖 Weekly Ranking 區域: C:\Users\penny\OneDrive\Desktop\stream-lobby\debug\ranking-weekly-2025-11-25T09-39-01-620Z.png
[2025-11-25T09:39:39.851Z] 檢查 Weekly Ranking 資料...
[2025-11-25T09:39:39.853Z] Weekly Ranking 檢查結果: {
  "found": true,
  "hasData": true,
  "textContent": "All Timestrytry01$2,012,000Ash2248$1,110,000Victor8147$601,000",
  "textLength": 62
}
[2025-11-25T09:39:40.039Z] 測試項目 9/10 完成
[2025-11-25T09:39:40.040Z] 開始執行測試項目 10/10: 直播主照片檢查
[2025-11-25T09:39:40.042Z] 開始直播主照片檢查...
[2025-11-25T09:39:41.266Z] 點擊 Photo 分頁...
[2025-11-25T09:39:41.271Z] ✓ Photo 分頁已點擊
[2025-11-25T09:39:42.995Z] 點擊照片區域...
[2025-11-25T09:39:43.001Z] ERROR: 找不到照片區域
[2025-11-25T09:39:43.002Z] 測試項目 10/10 完成
[2025-11-25T09:39:43.002Z] 所有測試項目執行完成
[2025-11-25T09:39:43.003Z] ✅ 所有 10 個測試項目都已執行
[2025-11-25T09:41:28.122Z] 開始執行測試項目 1/10: gVersion 版號測試
[2025-11-25T09:41:28.123Z] 測試項目 1/10 完成
[2025-11-25T09:41:28.124Z] 開始執行測試項目 2/10: Stream n'Spin 彈窗測試
[2025-11-25T09:41:28.124Z] 開始 Stream n'Spin 彈窗測試...
[2025-11-25T09:41:31.074Z] 測試項目 2/10 完成
[2025-11-25T09:41:31.075Z] 開始執行測試項目 3/10: 更名功能測試
[2025-11-25T09:41:31.075Z] 開始更名功能測試 (點擊帳號名稱 -> 開啟視窗 -> 點擊 X 關閉)...
[2025-11-25T09:41:33.512Z] 測試項目 3/10 完成
[2025-11-25T09:41:33.513Z] 開始執行測試項目 4/8: 排序按鈕測試
[2025-11-25T09:41:33.513Z] 開始排序按鈕測試...
[2025-11-25T09:41:39.344Z] 測試項目 4/10 完成
[2025-11-25T09:41:39.345Z] 開始執行測試項目 5/10: Promotion 圖片檢查
[2025-11-25T09:41:39.347Z] 開始 Promotion 圖片檢查...
[2025-11-25T09:41:41.870Z] 測試項目 5/10 完成
[2025-11-25T09:41:41.870Z] 開始執行測試項目 6/10: All Streamers 圖片檢查
[2025-11-25T09:41:41.871Z] 開始 All Streamers 圖片檢查...
[2025-11-25T09:41:43.423Z] 測試項目 6/10 完成
[2025-11-25T09:41:43.424Z] 開始執行測試項目 7/10: All Streamers 排列按鈕測試
[2025-11-25T09:41:43.424Z] 開始 All Streamers 排列按鈕測試...
[2025-11-25T09:41:49.148Z] 測試項目 7/10 完成
[2025-11-25T09:41:49.652Z] 開始執行測試項目 8/10: 直播主介紹卡片點擊測試
[2025-11-25T09:41:49.654Z] 開始直播主介紹卡片點擊測試...
[2025-11-25T09:41:55.700Z] 測試項目 8/10 完成
[2025-11-25T09:41:55.701Z] 開始執行測試項目 9/10: 排行榜檢查
[2025-11-25T09:41:55.702Z] 開始排行榜檢查...
[2025-11-25T09:41:56.918Z] 滾動到 All Times 區域 (y: 340)...
[2025-11-25T09:41:58.430Z] 移動滑鼠到 All Times 區域 (座標: 32, 340)...
[2025-11-25T09:41:59.153Z] 已截圖 All Times 區域: C:\Users\penny\OneDrive\Desktop\stream-lobby\debug\ranking-all-times-2025-11-25T09-41-21-281Z.png
[2025-11-25T09:41:59.154Z] 檢查 All Times 資料...
[2025-11-25T09:41:59.157Z] All Times 檢查結果: {
  "found": true,
  "hasData": true,
  "textContent": "All Timestrytry01$2,012,000Ash2248$1,110,000Victor8147$601,000",
  "textLength": 62
}
[2025-11-25T09:41:59.158Z] 滾動到 Weekly Ranking 區域 (y: 412)...
[2025-11-25T09:42:00.668Z] 移動滑鼠到 Weekly Ranking 區域 (座標: 50, 412)...
[2025-11-25T09:42:01.369Z] 已截圖 Weekly Ranking 區域: C:\Users\penny\OneDrive\Desktop\stream-lobby\debug\ranking-weekly-2025-11-25T09-41-21-281Z.png
[2025-11-25T09:42:01.370Z] 檢查 Weekly Ranking 資料...
[2025-11-25T09:42:01.373Z] Weekly Ranking 檢查結果: {
  "found": true,
  "hasData": true,
  "textContent": "All Timestrytry01$2,012,000Ash2248$1,110,000Victor8147$601,000",
  "textLength": 62
}
[2025-11-25T09:42:01.551Z] 測試項目 9/10 完成
[2025-11-25T09:42:01.552Z] 開始執行測試項目 10/10: 直播主照片檢查
[2025-11-25T09:42:01.553Z] 開始直播主照片檢查...
[2025-11-25T09:42:02.727Z] 點擊 Photo 分頁...
[2025-11-25T09:42:02.739Z] ✓ Photo 分頁已點擊
[2025-11-25T09:42:04.408Z] 點擊照片區域...
[2025-11-25T09:42:04.412Z] ERROR: 找不到照片區域
[2025-11-25T09:42:04.413Z] 測試項目 10/10 完成
[2025-11-25T09:42:04.413Z] 所有測試項目執行完成
[2025-11-25T09:42:04.414Z] ✅ 所有 10 個測試項目都已執行
