[2025-11-21T10:21:38.971Z] 📝 日誌文件已創建: C:\Users\penny\OneDrive\Desktop\stream-lobby\logs\server-2025-11-21T10-21-38-970Z.log
[2025-11-21T10:21:38.978Z] 
🚀 檢查工具伺服器運行在 http://localhost:3000
[2025-11-21T10:21:38.979Z] ━━━━━━━━━━━━━━━━━━━━━━━━━━━━━━━━━━━━━━
[2025-11-21T10:21:38.979Z] 📋 測試工具 1 (7項測試): http://localhost:3000/
[2025-11-21T10:21:38.980Z] 🎮 測試工具 2 (10項測試): http://localhost:3000/test2.html
[2025-11-21T10:21:38.981Z] ━━━━━━━━━━━━━━━━━━━━━━━━━━━━━━━━━━━━━━
[2025-11-21T10:21:38.981Z] 📝 所有日誌將保存到: C:\Users\penny\OneDrive\Desktop\stream-lobby\logs\server-2025-11-21T10-21-38-970Z.log

[2025-11-21T10:25:19.134Z] Start navigation to http://lobby.sns.lab/?isAgentApi
[2025-11-21T10:25:27.511Z] 找到 Stream n'Spin 彈窗，點擊 Confirm 按鈕: Confirm
[2025-11-21T10:25:29.248Z] 已點擊 Confirm 按鈕，彈窗已關閉
[2025-11-21T10:25:29.248Z] 1️⃣ Stream n'Spin 彈窗測試: {"found":true,"clicked":true,"buttonText":"Confirm","message":"找到 Stream n'Spin 彈窗並點擊 Confirm","debug":{"screenshotBefore":"C:\\Users\\penny\\OneDrive\\Desktop\\stream-lobby\\debug\\test2-stream-n-spin-before-2025-11-21T10-25-19-134Z.png","screenshotAfter":"C:\\Users\\penny\\OneDrive\\Desktop\\stream-lobby\\debug\\test2-stream-n-spin-after-2025-11-21T10-25-19-134Z.png"}}
[2025-11-21T10:25:37.284Z] 找到可點擊元素: 普通卡片 DIV "3 viewersmanager"
[2025-11-21T10:25:37.286Z] 位置: (481, 260)
[2025-11-21T10:25:37.508Z] 點擊元素...
[2025-11-21T10:25:37.561Z] ✅ 新視窗已開啟！
[2025-11-21T10:25:42.905Z] ✅ 新視窗 URL: http://gc.sns.lab/snsclient/?gameid=1001&ws=ws%3A%2F%2Fliveslot.sns.lab&t=123456&token=MTc1MTM1MzcxOTM4NTE4NjgxNgDwFV4T28ioxDMS28hnwCMS17gmwCLR06gmvBKQ&betrecordurl=http%3A%2F%2Fgc.sns.lab%2Fbetrecord%2F&mode=0&b=iqazwsxi&chat=ws%3A%2F%2Fchat.sns.lab%2Fws&homeurl=&lang=en&serverurl=http%3A%2F%2Fgs.sns.lab&lobby=http%3A%2F%2Flobby.sns.lab
[2025-11-21T10:25:42.905Z] 4️⃣ 在新視窗中尋找 "Cara Bermain" 對話框...
[2025-11-21T10:25:45.019Z] ❌ MULAI BERMAIN 按鈕未找到: Cara Bermain 對話框未找到
[2025-11-21T10:25:45.021Z] 5️⃣ 在新視窗中檢測 gVersion...
[2025-11-21T10:25:45.026Z] gVersion 檢測結果: {"found":false,"version":null}
[2025-11-21T10:25:45.028Z] 7️⃣ 測試 MAX 按鈕（目標金額: 3,000,000）...
[2025-11-21T10:25:46.082Z] ❌ MAX 按鈕未找到
[2025-11-21T10:25:46.083Z] MAX 按鈕測試（3M）結果: {"success":false,"message":"MAX 按鈕未找到"}
[2025-11-21T10:25:46.083Z] 8️⃣ 測試 MIN 按鈕（目標金額: 200）...
[2025-11-21T10:25:47.099Z] ❌ MIN 按鈕未找到
[2025-11-21T10:25:47.100Z] MIN 按鈕測試（200）結果: {"success":false,"message":"MIN 按鈕未找到"}
[2025-11-21T10:25:47.100Z] 9️⃣ 測試 + 按鈕點擊 28 次...
[2025-11-21T10:25:48.114Z] ❌ + 按鈕未找到
[2025-11-21T10:25:48.115Z] + 按鈕測試結果: {"success":false,"message":"+ 按鈕未找到"}
[2025-11-21T10:25:48.115Z] 🔟 測試 - 按鈕點擊 28 次...
[2025-11-21T10:25:49.132Z] ❌ - 按鈕未找到
[2025-11-21T10:25:49.133Z] - 按鈕測試結果: {"success":false,"message":"- 按鈕未找到"}
[2025-11-21T10:25:49.133Z] 1️⃣1️⃣ 測試 Spin Round + 按鈕點擊 4 次...
[2025-11-21T10:25:54.651Z] ❌ Spin Round 初始值未找到: CONTROLS_PANEL 未找到
[2025-11-21T10:25:54.651Z] Spin Round + 按鈕測試結果: {"success":false,"step":"locate-initial","timestamp":"2025-11-21T10-25-19-134Z","error":"CONTROLS_PANEL 未找到"}
[2025-11-21T10:25:54.651Z] 1️⃣2️⃣ 測試 Spin Round - 按鈕點擊 5 次...
[2025-11-21T10:26:00.173Z] ❌ Spin Round 初始值未找到: CONTROLS_PANEL 未找到
[2025-11-21T10:26:00.174Z] Spin Round - 按鈕測試結果: {"success":false,"step":"locate-initial","timestamp":"2025-11-21T10-25-19-134Z","error":"CONTROLS_PANEL 未找到"}
[2025-11-21T10:26:00.174Z] 1️⃣3️⃣ 測試點擊綠色 PLAY 鈕...
[2025-11-21T10:26:01.188Z] ❌ PLAY 鈕未找到: PLAY 鈕圖片未找到
[2025-11-21T10:26:01.189Z] PLAY 鈕測試結果: {"success":false,"message":"PLAY 鈕未找到: PLAY 鈕圖片未找到"}
[2025-11-21T10:26:01.189Z] 1️⃣4️⃣ 測試送禮功能...
[2025-11-21T10:26:02.209Z] ❌ 送禮按鈕未找到: 送禮按鈕未找到
[2025-11-21T10:26:02.212Z] 送禮測試結果: {"success":false,"message":"送禮按鈕未找到: 送禮按鈕未找到"}
[2025-11-21T10:26:02.213Z] 1️⃣5️⃣ 測試聊天視窗輸入...
[2025-11-21T10:26:03.228Z] ❌ 聊天輸入欄位未找到: 聊天輸入欄位未找到
[2025-11-21T10:26:03.228Z] 聊天視窗輸入測試結果: {"success":false,"message":"聊天輸入欄位未找到: 聊天輸入欄位未找到"}
[2025-11-21T10:26:03.229Z] ✅ 所有測試完成，停留在新視窗...
[2025-11-21T10:26:03.229Z] 2️⃣-10️⃣ 測試結果: {"clicked":true,"newPageOpened":true,"newPageUrl":"http://gc.sns.lab/snsclient/?gameid=1001&ws=ws%3A%2F%2Fliveslot.sns.lab&t=123456&token=MTc1MTM1MzcxOTM4NTE4NjgxNgDwFV4T28ioxDMS28hnwCMS17gmwCLR06gmvBKQ&betrecordurl=http%3A%2F%2Fgc.sns.lab%2Fbetrecord%2F&mode=0&b=iqazwsxi&chat=ws%3A%2F%2Fchat.sns.lab%2Fws&homeurl=&lang=en&serverurl=http%3A%2F%2Fgs.sns.lab&lobby=http%3A%2F%2Flobby.sns.lab","clickedElement":{"tag":"DIV","text":"3 viewersmanager","isLiveCard":false},"howToPlayClosed":false,"howToPlayMessage":"MULAI BERMAIN 按鈕未找到: Cara Bermain 對話框未找到","gVersion":{"found":false,"version":null},"maxButton3M":{"success":false,"message":"MAX 按鈕未找到"},"minButton200":{"success":false,"message":"MIN 按鈕未找到"},"plusButton28":{"success":false,"message":"+ 按鈕未找到"},"minusButton28":{"success":false,"message":"- 按鈕未找到"},"spinRoundPlus4":{"success":false,"step":"locate-initial","timestamp":"2025-11-21T10-25-19-134Z","error":"CONTROLS_PANEL 未找到"},"spinRoundMinus5":{"success":false,"step":"locate-initial","timestamp":"2025-11-21T10-25-19-134Z","error":"CONTROLS_PANEL 未找到"},"playButton":{"success":false,"message":"PLAY 鈕未找到: PLAY 鈕圖片未找到"},"giftTest":{"success":false,"message":"送禮按鈕未找到: 送禮按鈕未找到"},"chatInput":{"success":false,"message":"聊天輸入欄位未找到: 聊天輸入欄位未找到"},"message":"⚠️  點擊卡片、開啟新視窗、點擊 MULAI BERMAIN 成功，但 gVersion 檢測失敗","debug":{"screenshotBeforeClick":"C:\\Users\\penny\\OneDrive\\Desktop\\stream-lobby\\debug\\test2-before-click-2025-11-21T10-25-19-134Z.png","screenshotNewPage":"C:\\Users\\penny\\OneDrive\\Desktop\\stream-lobby\\debug\\test2-new-page-2025-11-21T10-25-19-134Z.png","screenshot":"C:\\Users\\penny\\OneDrive\\Desktop\\stream-lobby\\debug\\test2-how-to-play-before-2025-11-21T10-25-19-134Z.png"}}
[2025-11-21T10:26:03.230Z] ⚠️  測試未完全成功，瀏覽器保持開啟 60 秒以供檢查...
[2025-11-21T10:26:03.230Z]    1️⃣ Stream n'Spin 彈窗: ✅
[2025-11-21T10:26:03.231Z]    2️⃣ 點擊 LIVE 卡片: ✅
[2025-11-21T10:26:03.231Z]    3️⃣ 新視窗開啟: ✅
[2025-11-21T10:26:03.232Z]    4️⃣ Cara Bermain 關閉: ❌
[2025-11-21T10:26:03.232Z]    5️⃣ gVersion 檢測: ❌
[2025-11-21T10:26:03.232Z]    7️⃣ MAX 按鈕（3M）: ❌
[2025-11-21T10:26:03.233Z]    8️⃣ MIN 按鈕（200）: ❌
[2025-11-21T10:26:03.233Z]    9️⃣ + 按鈕 28 次: ❌
[2025-11-21T10:26:03.234Z]    🔟 - 按鈕 28 次: ❌
[2025-11-21T10:26:03.234Z]    1️⃣1️⃣ Spin Round + 按鈕 4 次: ❌
[2025-11-21T10:26:03.235Z]    1️⃣2️⃣ Spin Round - 按鈕 5 次: ❌
[2025-11-21T10:26:03.236Z]    1️⃣3️⃣ 點擊綠色 PLAY 鈕: ❌
[2025-11-21T10:26:03.236Z]    1️⃣4️⃣ 送禮測試: ❌
[2025-11-21T10:26:03.237Z]    1️⃣5️⃣ 聊天視窗輸入: ❌
[2025-11-21T10:26:03.238Z] ⏱️  60秒後自動關閉，或請手動關閉瀏覽器...
[2025-11-21T10:27:03.613Z] Browser closed after 60 seconds
[2025-11-21T10:33:14.957Z] Start navigation to http://lobby.sns.lab/?isAgentApi
[2025-11-21T10:33:22.062Z] 找到 Stream n'Spin 彈窗，點擊 Confirm 按鈕: Confirm
[2025-11-21T10:33:23.808Z] 已點擊 Confirm 按鈕，彈窗已關閉
[2025-11-21T10:33:23.808Z] 1️⃣ Stream n'Spin 彈窗測試: {"found":true,"clicked":true,"buttonText":"Confirm","message":"找到 Stream n'Spin 彈窗並點擊 Confirm","debug":{"screenshotBefore":"C:\\Users\\penny\\OneDrive\\Desktop\\stream-lobby\\debug\\test2-stream-n-spin-before-2025-11-21T10-33-14-957Z.png","screenshotAfter":"C:\\Users\\penny\\OneDrive\\Desktop\\stream-lobby\\debug\\test2-stream-n-spin-after-2025-11-21T10-33-14-957Z.png"}}
[2025-11-21T10:33:31.827Z] 找到可點擊元素: 普通卡片 DIV "20 viewersmanager"
[2025-11-21T10:33:31.828Z] 位置: (481, 260)
[2025-11-21T10:33:32.062Z] 點擊元素...
[2025-11-21T10:33:32.098Z] ✅ 新視窗已開啟！
[2025-11-21T10:33:35.237Z] ✅ 新視窗 URL: http://gc.sns.lab/snsclient/?gameid=1001&ws=ws%3A%2F%2Fliveslot.sns.lab&mode=0&serverurl=http%3A%2F%2Fgs.sns.lab&t=123456&chat=ws%3A%2F%2Fchat.sns.lab%2Fws&betrecordurl=http%3A%2F%2Fgc.sns.lab%2Fbetrecord%2F&lang=en&b=iqazwsxi&homeurl=&token=MTc1MDA0MjE5NTI4Njc2MTk4NAc4S8lyKU6jsFS4hqGMW5ekuDMS2bkqAJSY8hqw&lobby=http%3A%2F%2Flobby.sns.lab
[2025-11-21T10:33:35.239Z] 4️⃣ 在新視窗中尋找 "Cara Bermain" 對話框...
[2025-11-21T10:33:37.998Z] ✅ 使用指定選擇器找到 MULAI BERMAIN 按鈕: "MULAI BERMAIN"
[2025-11-21T10:33:37.999Z] ✅ 找到 MULAI BERMAIN 按鈕: "MULAI BERMAIN"
[2025-11-21T10:33:38.078Z] 🖱️  已點擊 MULAI BERMAIN 按鈕，等待彈窗關閉...
[2025-11-21T10:33:40.183Z] ✅ 成功點擊 MULAI BERMAIN 按鈕，彈窗已關閉
[2025-11-21T10:33:40.184Z] 5️⃣ 在新視窗中檢測 gVersion...
[2025-11-21T10:33:40.188Z] gVersion 檢測結果: {"found":true,"version":"v0.60-0558a69"}
[2025-11-21T10:33:40.188Z] 7️⃣ 測試 MAX 按鈕（目標金額: 3,000,000）...
[2025-11-21T10:33:41.197Z] ✅ 使用指定選擇器找到 MAX 按鈕
[2025-11-21T10:33:42.938Z] ✅ MAX 按鈕測試成功
[2025-11-21T10:33:42.960Z] MAX 按鈕測試（3M）結果: {"success":true,"message":"金額正確變成 3,000,000","amountBefore":2000,"amountAfter":3000000,"expectedAmount":3000000,"debug":{"screenshot":"C:\\Users\\penny\\OneDrive\\Desktop\\stream-lobby\\debug\\test2-max-3M-2025-11-21T10-33-14-957Z.png"}}
[2025-11-21T10:33:42.961Z] 8️⃣ 測試 MIN 按鈕（目標金額: 200）...
[2025-11-21T10:33:44.888Z] ✅ MIN 按鈕測試成功
[2025-11-21T10:33:44.889Z] MIN 按鈕測試（200）結果: {"success":true,"message":"金額正確變成 200","amountBefore":3000000,"amountAfter":200,"expectedAmount":200,"debug":{"screenshot":"C:\\Users\\penny\\OneDrive\\Desktop\\stream-lobby\\debug\\test2-min-2025-11-21T10-33-14-957Z.png"}}
[2025-11-21T10:33:44.889Z] 9️⃣ 測試 + 按鈕點擊 28 次...
[2025-11-21T10:33:50.831Z] ✅ + 按鈕測試成功
[2025-11-21T10:33:50.832Z] + 按鈕測試結果: {"success":true,"message":"金額持續遞增（28/28 次）","amountBefore":200,"amountAfter":3000000,"clickCount":28,"increasingCount":28,"debug":{"screenshot":"C:\\Users\\penny\\OneDrive\\Desktop\\stream-lobby\\debug\\test2-plus-28-2025-11-21T10-33-14-957Z.png"}}
[2025-11-21T10:33:50.832Z] 🔟 測試 - 按鈕點擊 28 次...
[2025-11-21T10:33:56.729Z] ✅ - 按鈕測試成功
[2025-11-21T10:33:56.730Z] - 按鈕測試結果: {"success":true,"message":"金額持續遞減（28/28 次）","amountBefore":3000000,"amountAfter":200,"clickCount":28,"decreasingCount":28,"debug":{"screenshot":"C:\\Users\\penny\\OneDrive\\Desktop\\stream-lobby\\debug\\test2-minus-28-2025-11-21T10-33-14-957Z.png"}}
[2025-11-21T10:33:56.730Z] 1️⃣1️⃣ 測試 Spin Round + 按鈕點擊 4 次...
[2025-11-21T10:33:57.253Z] ✅ 找到 Spin Round 初始值: 50
[2025-11-21T10:34:00.396Z] Spin Round + 按鈕測試結果: {"success":true,"type":"spin-round-plus","timestamp":"2025-11-21T10-33-14-957Z","valueBefore":50,"valueAfter":1000,"values":[50,100,200,500,1000],"increasingCount":4,"expectedClicks":4,"message":"Spin Round 持續遞增（4/4 次）","debug":{"screenshot":"C:\\Users\\penny\\OneDrive\\Desktop\\stream-lobby\\debug\\test2-spin-round-plus-2025-11-21T10-33-14-957Z.png"}}
[2025-11-21T10:34:00.397Z] 1️⃣2️⃣ 測試 Spin Round - 按鈕點擊 5 次...
[2025-11-21T10:34:00.917Z] ✅ 找到 Spin Round 初始值: 1000
[2025-11-21T10:34:04.838Z] Spin Round - 按鈕測試結果: {"success":true,"type":"spin-round-minus","timestamp":"2025-11-21T10-33-14-957Z","valueBefore":1000,"valueAfter":20,"values":[1000,500,200,100,50,20],"decreasingCount":5,"expectedClicks":5,"message":"Spin Round 持續遞減（5/5 次）","debug":{"screenshot":"C:\\Users\\penny\\OneDrive\\Desktop\\stream-lobby\\debug\\test2-spin-round-minus-2025-11-21T10-33-14-957Z.png"}}
[2025-11-21T10:34:04.839Z] 1️⃣3️⃣ 測試點擊綠色 PLAY 鈕...
[2025-11-21T10:34:05.856Z] ✅ 找到 PLAY 鈕，位置: (512, 684)
[2025-11-21T10:34:07.105Z] ✅ 已點擊 PLAY 鈕
[2025-11-21T10:34:07.105Z] PLAY 鈕測試結果: {"success":true,"message":"已成功點擊綠色 PLAY 鈕","debug":{"screenshotBefore":"C:\\Users\\penny\\OneDrive\\Desktop\\stream-lobby\\debug\\test2-play-button-before-2025-11-21T10-33-14-957Z.png","screenshotAfter":"C:\\Users\\penny\\OneDrive\\Desktop\\stream-lobby\\debug\\test2-play-button-after-2025-11-21T10-33-14-957Z.png"}}
[2025-11-21T10:34:07.106Z] 1️⃣4️⃣ 測試送禮功能...
[2025-11-21T10:34:08.125Z] ✅ 找到送禮按鈕，位置: (1326, 736)
[2025-11-21T10:34:08.252Z] 🖱️  已點擊送禮按鈕，等待彈窗出現...
[2025-11-21T10:34:10.258Z] ✅ 找到禮物選項，位置: (1195, 597)
[2025-11-21T10:34:10.264Z] 🖱️  已點擊禮物選項，等待按鈕出現...
[2025-11-21T10:34:12.285Z] ✅ 找到確認按鈕，位置: (1195, 626)
[2025-11-21T10:34:12.301Z] 🖱️  已點擊確認按鈕，等待視窗出現...
[2025-11-21T10:34:14.314Z] ✅ 找到關閉按鈕，位置: (1347, 448)
[2025-11-21T10:34:14.324Z] 🖱️  已點擊關閉按鈕
[2025-11-21T10:34:15.456Z] ✅ 送禮測試完成
[2025-11-21T10:34:15.456Z] 送禮測試結果: {"success":true,"message":"已成功完成送禮測試（包含4個步驟）","debug":{"screenshotBefore":"C:\\Users\\penny\\OneDrive\\Desktop\\stream-lobby\\debug\\test2-gift-before-2025-11-21T10-33-14-957Z.png","screenshotAfter":"C:\\Users\\penny\\OneDrive\\Desktop\\stream-lobby\\debug\\test2-gift-after-2025-11-21T10-33-14-957Z.png"}}
[2025-11-21T10:34:15.456Z] 1️⃣5️⃣ 測試聊天視窗輸入...
[2025-11-21T10:34:16.470Z] ✅ 找到聊天輸入欄位，位置: (1169, 736)
[2025-11-21T10:34:16.620Z] 📝 已輸入文字: SNS-Test
[2025-11-21T10:34:17.137Z] ✅ 找到 Send 按鈕，位置: (1315, 736)
[2025-11-21T10:34:17.240Z] 🖱️  已點擊 Send 按鈕
[2025-11-21T10:34:18.380Z] ✅ 聊天視窗輸入測試完成
[2025-11-21T10:34:18.381Z] 聊天視窗輸入測試結果: {"success":true,"message":"已成功完成聊天視窗輸入測試（輸入文字並發送）","textEntered":"SNS-Test","debug":{"screenshotBefore":"C:\\Users\\penny\\OneDrive\\Desktop\\stream-lobby\\debug\\test2-chat-input-before-2025-11-21T10-33-14-957Z.png","screenshotAfter":"C:\\Users\\penny\\OneDrive\\Desktop\\stream-lobby\\debug\\test2-chat-input-after-2025-11-21T10-33-14-957Z.png"}}
[2025-11-21T10:34:18.382Z] ✅ 所有測試完成，停留在新視窗...
[2025-11-21T10:34:18.383Z] 2️⃣-10️⃣ 測試結果: {"clicked":true,"newPageOpened":true,"newPageUrl":"http://gc.sns.lab/snsclient/?gameid=1001&ws=ws%3A%2F%2Fliveslot.sns.lab&mode=0&serverurl=http%3A%2F%2Fgs.sns.lab&t=123456&chat=ws%3A%2F%2Fchat.sns.lab%2Fws&betrecordurl=http%3A%2F%2Fgc.sns.lab%2Fbetrecord%2F&lang=en&b=iqazwsxi&homeurl=&token=MTc1MDA0MjE5NTI4Njc2MTk4NAc4S8lyKU6jsFS4hqGMW5ekuDMS2bkqAJSY8hqw&lobby=http%3A%2F%2Flobby.sns.lab","clickedElement":{"tag":"DIV","text":"20 viewersmanager","isLiveCard":false},"howToPlayClosed":true,"howToPlayMessage":"已成功點擊 MULAI BERMAIN 按鈕，Cara Bermain 彈窗已關閉","gVersion":{"found":true,"version":"v0.60-0558a69"},"maxButton3M":{"success":true,"message":"金額正確變成 3,000,000","amountBefore":2000,"amountAfter":3000000,"expectedAmount":3000000,"debug":{"screenshot":"C:\\Users\\penny\\OneDrive\\Desktop\\stream-lobby\\debug\\test2-max-3M-2025-11-21T10-33-14-957Z.png"}},"minButton200":{"success":true,"message":"金額正確變成 200","amountBefore":3000000,"amountAfter":200,"expectedAmount":200,"debug":{"screenshot":"C:\\Users\\penny\\OneDrive\\Desktop\\stream-lobby\\debug\\test2-min-2025-11-21T10-33-14-957Z.png"}},"plusButton28":{"success":true,"message":"金額持續遞增（28/28 次）","amountBefore":200,"amountAfter":3000000,"clickCount":28,"increasingCount":28,"debug":{"screenshot":"C:\\Users\\penny\\OneDrive\\Desktop\\stream-lobby\\debug\\test2-plus-28-2025-11-21T10-33-14-957Z.png"}},"minusButton28":{"success":true,"message":"金額持續遞減（28/28 次）","amountBefore":3000000,"amountAfter":200,"clickCount":28,"decreasingCount":28,"debug":{"screenshot":"C:\\Users\\penny\\OneDrive\\Desktop\\stream-lobby\\debug\\test2-minus-28-2025-11-21T10-33-14-957Z.png"}},"spinRoundPlus4":{"success":true,"type":"spin-round-plus","timestamp":"2025-11-21T10-33-14-957Z","valueBefore":50,"valueAfter":1000,"values":[50,100,200,500,1000],"increasingCount":4,"expectedClicks":4,"message":"Spin Round 持續遞增（4/4 次）","debug":{"screenshot":"C:\\Users\\penny\\OneDrive\\Desktop\\stream-lobby\\debug\\test2-spin-round-plus-2025-11-21T10-33-14-957Z.png"}},"spinRoundMinus5":{"success":true,"type":"spin-round-minus","timestamp":"2025-11-21T10-33-14-957Z","valueBefore":1000,"valueAfter":20,"values":[1000,500,200,100,50,20],"decreasingCount":5,"expectedClicks":5,"message":"Spin Round 持續遞減（5/5 次）","debug":{"screenshot":"C:\\Users\\penny\\OneDrive\\Desktop\\stream-lobby\\debug\\test2-spin-round-minus-2025-11-21T10-33-14-957Z.png"}},"playButton":{"success":true,"message":"已成功點擊綠色 PLAY 鈕","debug":{"screenshotBefore":"C:\\Users\\penny\\OneDrive\\Desktop\\stream-lobby\\debug\\test2-play-button-before-2025-11-21T10-33-14-957Z.png","screenshotAfter":"C:\\Users\\penny\\OneDrive\\Desktop\\stream-lobby\\debug\\test2-play-button-after-2025-11-21T10-33-14-957Z.png"}},"giftTest":{"success":true,"message":"已成功完成送禮測試（包含4個步驟）","debug":{"screenshotBefore":"C:\\Users\\penny\\OneDrive\\Desktop\\stream-lobby\\debug\\test2-gift-before-2025-11-21T10-33-14-957Z.png","screenshotAfter":"C:\\Users\\penny\\OneDrive\\Desktop\\stream-lobby\\debug\\test2-gift-after-2025-11-21T10-33-14-957Z.png"}},"chatInput":{"success":true,"message":"已成功完成聊天視窗輸入測試（輸入文字並發送）","textEntered":"SNS-Test","debug":{"screenshotBefore":"C:\\Users\\penny\\OneDrive\\Desktop\\stream-lobby\\debug\\test2-chat-input-before-2025-11-21T10-33-14-957Z.png","screenshotAfter":"C:\\Users\\penny\\OneDrive\\Desktop\\stream-lobby\\debug\\test2-chat-input-after-2025-11-21T10-33-14-957Z.png"}},"message":"✅ 全部測試完成！點擊卡片 -> 開啟新視窗 -> 點擊 MULAI BERMAIN -> gVersion: v0.60-0558a69","debug":{"screenshotBeforeClick":"C:\\Users\\penny\\OneDrive\\Desktop\\stream-lobby\\debug\\test2-before-click-2025-11-21T10-33-14-957Z.png","screenshotNewPage":"C:\\Users\\penny\\OneDrive\\Desktop\\stream-lobby\\debug\\test2-new-page-2025-11-21T10-33-14-957Z.png","screenshotBefore":"C:\\Users\\penny\\OneDrive\\Desktop\\stream-lobby\\debug\\test2-how-to-play-before-2025-11-21T10-33-14-957Z.png","screenshotAfter":"C:\\Users\\penny\\OneDrive\\Desktop\\stream-lobby\\debug\\test2-how-to-play-after-2025-11-21T10-33-14-957Z.png"}}
[2025-11-21T10:34:18.384Z] ✅✅✅ 所有測試完成！瀏覽器保持開啟，停留在新視窗...
[2025-11-21T10:34:18.384Z] ⚠️  請手動關閉瀏覽器
[2025-11-21T10:34:43.510Z] Start navigation to http://lobby.sns.lab/?isAgentApi
[2025-11-21T10:34:46.194Z] ⚠️  測試未完全成功，瀏覽器保持開啟 60 秒以供檢查...
[2025-11-21T10:34:46.195Z]    1️⃣ Stream n'Spin 彈窗: ❌
[2025-11-21T10:34:46.195Z]    2️⃣ 點擊 LIVE 卡片: ❌
[2025-11-21T10:34:46.196Z]    3️⃣ 新視窗開啟: ❌
[2025-11-21T10:34:46.196Z]    4️⃣ Cara Bermain 關閉: ❌
[2025-11-21T10:34:46.197Z]    5️⃣ gVersion 檢測: ❌
[2025-11-21T10:34:46.197Z]    7️⃣ MAX 按鈕（3M）: ❌
[2025-11-21T10:34:46.198Z]    8️⃣ MIN 按鈕（200）: ❌
[2025-11-21T10:34:46.198Z]    9️⃣ + 按鈕 28 次: ❌
[2025-11-21T10:34:46.199Z]    🔟 - 按鈕 28 次: ❌
[2025-11-21T10:34:46.199Z]    1️⃣1️⃣ Spin Round + 按鈕 4 次: ❌
[2025-11-21T10:34:46.200Z]    1️⃣2️⃣ Spin Round - 按鈕 5 次: ❌
[2025-11-21T10:34:46.200Z]    1️⃣3️⃣ 點擊綠色 PLAY 鈕: ❌
[2025-11-21T10:34:46.201Z]    1️⃣4️⃣ 送禮測試: ❌
[2025-11-21T10:34:46.201Z]    1️⃣5️⃣ 聊天視窗輸入: ❌
[2025-11-21T10:34:46.202Z] ⏱️  60秒後自動關閉，或請手動關閉瀏覽器...
[2025-11-21T10:34:46.498Z] Browser closed after 60 seconds
