[2025-11-25T08:40:35.690Z] 📝 日誌文件已創建: C:\Users\penny\OneDrive\Desktop\stream-lobby\logs\server-2025-11-25T08-40-35-688Z.log
[2025-11-25T08:40:35.710Z] 
🚀 檢查工具伺服器運行在 http://localhost:3000
[2025-11-25T08:40:35.714Z] ━━━━━━━━━━━━━━━━━━━━━━━━━━━━━━━━━━━━━━
[2025-11-25T08:40:35.715Z] 📋 測試工具 1 (7項測試): http://localhost:3000/
[2025-11-25T08:40:35.717Z] 🎮 測試工具 2 (10項測試): http://localhost:3000/test2.html
[2025-11-25T08:40:35.720Z] ━━━━━━━━━━━━━━━━━━━━━━━━━━━━━━━━━━━━━━
[2025-11-25T08:40:35.728Z] 📝 所有日誌將保存到: C:\Users\penny\OneDrive\Desktop\stream-lobby\logs\server-2025-11-25T08-40-35-688Z.log

[2025-11-25T08:41:26.888Z] 開始執行測試項目 1/9: gVersion 版號測試
[2025-11-25T08:41:26.897Z] 測試項目 1/9 完成
[2025-11-25T08:41:26.898Z] 開始執行測試項目 2/9: Stream n'Spin 彈窗測試
[2025-11-25T08:41:26.901Z] 開始 Stream n'Spin 彈窗測試...
[2025-11-25T08:41:30.306Z] 測試項目 2/9 完成
[2025-11-25T08:41:30.308Z] 開始執行測試項目 3/9: 更名功能測試
[2025-11-25T08:41:30.311Z] 開始更名功能測試 (點擊帳號名稱 -> 開啟視窗 -> 點擊 X 關閉)...
[2025-11-25T08:41:33.242Z] 測試項目 3/9 完成
[2025-11-25T08:41:33.244Z] 開始執行測試項目 4/8: 排序按鈕測試
[2025-11-25T08:41:33.247Z] 開始排序按鈕測試...
[2025-11-25T08:41:39.471Z] 測試項目 4/9 完成
[2025-11-25T08:41:39.473Z] 開始執行測試項目 5/9: Promotion 圖片檢查
[2025-11-25T08:41:39.478Z] 開始 Promotion 圖片檢查...
[2025-11-25T08:41:42.438Z] 測試項目 5/9 完成
[2025-11-25T08:41:42.438Z] 開始執行測試項目 6/9: All Streamers 圖片檢查
[2025-11-25T08:41:42.439Z] 開始 All Streamers 圖片檢查...
[2025-11-25T08:41:44.334Z] 測試項目 6/9 完成
[2025-11-25T08:41:44.336Z] 開始執行測試項目 7/9: All Streamers 排列按鈕測試
[2025-11-25T08:41:44.337Z] 開始 All Streamers 排列按鈕測試...
[2025-11-25T08:41:50.610Z] 測試項目 7/9 完成
[2025-11-25T08:41:51.121Z] 開始執行測試項目 8/9: 直播主介紹卡片點擊測試
[2025-11-25T08:41:51.126Z] 開始直播主介紹卡片點擊測試...
[2025-11-25T08:41:57.598Z] 測試項目 8/9 完成
[2025-11-25T08:41:57.600Z] 開始執行測試項目 9/9: 排行榜檢查
[2025-11-25T08:41:57.603Z] 開始排行榜檢查...
[2025-11-25T08:41:58.921Z] 滾動到 All Times 區域 (y: 340)...
[2025-11-25T08:42:00.444Z] 移動滑鼠到 All Times 區域 (座標: 32, 340)...
[2025-11-25T08:42:01.371Z] 已截圖 All Times 區域: C:\Users\penny\OneDrive\Desktop\stream-lobby\debug\ranking-all-times-2025-11-25T08-41-18-059Z.png
[2025-11-25T08:42:01.372Z] 檢查 All Times 資料...
[2025-11-25T08:42:01.384Z] All Times 檢查結果: {
  "found": true,
  "hasData": true,
  "textContent": "All Timestrytry01$2,012,000Ash2248$1,110,000Victor8147$601,000",
  "textLength": 62
}
[2025-11-25T08:42:01.394Z] 滾動到 Weekly Ranking 區域 (y: 412)...
[2025-11-25T08:42:02.910Z] 移動滑鼠到 Weekly Ranking 區域 (座標: 50, 412)...
[2025-11-25T08:42:03.726Z] 已截圖 Weekly Ranking 區域: C:\Users\penny\OneDrive\Desktop\stream-lobby\debug\ranking-weekly-2025-11-25T08-41-18-059Z.png
[2025-11-25T08:42:03.729Z] 檢查 Weekly Ranking 資料...
[2025-11-25T08:42:03.741Z] Weekly Ranking 檢查結果: {
  "found": true,
  "hasData": true,
  "textContent": "All Timestrytry01$2,012,000Ash2248$1,110,000Victor8147$601,000",
  "textLength": 62
}
[2025-11-25T08:42:04.016Z] 測試項目 9/9 完成
[2025-11-25T08:42:04.018Z] 所有測試項目執行完成
[2025-11-25T08:42:04.022Z] ✅ 所有 9 個測試項目都已執行
