[2025-11-24T09:16:45.894Z] 📝 日誌文件已創建: C:\Users\penny\OneDrive\Desktop\stream-lobby\logs\server-2025-11-24T09-16-45-893Z.log
[2025-11-24T09:16:45.899Z] 
🚀 檢查工具伺服器運行在 http://localhost:3000
[2025-11-24T09:16:45.900Z] ━━━━━━━━━━━━━━━━━━━━━━━━━━━━━━━━━━━━━━
[2025-11-24T09:16:45.900Z] 📋 測試工具 1 (7項測試): http://localhost:3000/
[2025-11-24T09:16:45.901Z] 🎮 測試工具 2 (10項測試): http://localhost:3000/test2.html
[2025-11-24T09:16:45.901Z] ━━━━━━━━━━━━━━━━━━━━━━━━━━━━━━━━━━━━━━
[2025-11-24T09:16:45.903Z] 📝 所有日誌將保存到: C:\Users\penny\OneDrive\Desktop\stream-lobby\logs\server-2025-11-24T09-16-45-893Z.log

[2025-11-24T09:17:21.252Z] 開始執行測試項目 1/9: gVersion 版號測試
[2025-11-24T09:17:21.257Z] 測試項目 1/9 完成
[2025-11-24T09:17:21.258Z] 開始執行測試項目 2/9: Stream n'Spin 彈窗測試
[2025-11-24T09:17:21.260Z] 開始 Stream n'Spin 彈窗測試...
[2025-11-24T09:17:24.225Z] 測試項目 2/9 完成
[2025-11-24T09:17:24.226Z] 開始執行測試項目 3/9: 更名功能測試
[2025-11-24T09:17:24.228Z] 開始更名功能測試 (點擊帳號名稱 -> 開啟視窗 -> 點擊 X 關閉)...
[2025-11-24T09:17:26.648Z] 測試項目 3/9 完成
[2025-11-24T09:17:26.649Z] 開始執行測試項目 4/9: 排序按鈕測試
[2025-11-24T09:17:26.650Z] 開始排序按鈕測試...
[2025-11-24T09:17:32.346Z] 測試項目 4/9 完成
[2025-11-24T09:17:32.348Z] 開始執行測試項目 5/9: Promotion 圖片檢查
[2025-11-24T09:17:32.350Z] 開始 Promotion 圖片檢查...
[2025-11-24T09:17:34.856Z] 測試項目 5/9 完成
[2025-11-24T09:17:34.857Z] 開始執行測試項目 6/9: All Streamers 圖片檢查
[2025-11-24T09:17:34.858Z] 開始 All Streamers 圖片檢查...
[2025-11-24T09:17:36.382Z] 測試項目 6/9 完成
[2025-11-24T09:17:36.382Z] 開始執行測試項目 7/9: All Streamers 排列按鈕測試
[2025-11-24T09:17:36.383Z] 開始 All Streamers 排列按鈕測試...
[2025-11-24T09:17:42.107Z] 測試項目 7/9 完成
[2025-11-24T09:17:42.621Z] 開始執行測試項目 8/9: 直播主介紹卡片點擊測試
[2025-11-24T09:17:42.623Z] 開始直播主介紹卡片點擊測試...
[2025-11-24T09:17:48.687Z] 測試項目 8/9 完成
[2025-11-24T09:17:48.688Z] 開始執行測試項目 9/9: 排行榜檢查
[2025-11-24T09:17:48.689Z] 開始排行榜檢查...
[2025-11-24T09:17:49.909Z] 滾動到 All Times 區域...
[2025-11-24T09:17:49.910Z] 移動滑鼠到 All Times 區域 (座標: 16, 112)...
[2025-11-24T09:17:50.235Z] 當前滾動位置: 0, 目標位置: 0, 需要滾動: 0 像素
[2025-11-24T09:17:51.584Z] 檢查 All Times 資料...
[2025-11-24T09:17:51.596Z] 滾動到 Weekly Ranking 區域...
[2025-11-24T09:17:51.601Z] 當前滾動位置: 0, 目標位置: 156, 需要滾動: 156 像素
[2025-11-24T09:17:51.603Z] 使用滑鼠滾輪滾動 156 像素...
[2025-11-24T09:17:53.880Z] 移動滑鼠到 Weekly Ranking 區域 (座標: 16, 356)...
[2025-11-24T09:17:54.407Z] 滾動後位置: 156, 視窗高度: 768
[2025-11-24T09:17:54.408Z] 再次移動滑鼠到 Weekly Ranking 區域 (座標: 16, 356)...
[2025-11-24T09:17:54.727Z] 檢查 Weekly Ranking 資料...
[2025-11-24T09:17:56.398Z] 測試項目 9/9 完成
[2025-11-24T09:17:56.398Z] 所有測試項目執行完成
[2025-11-24T09:17:56.399Z] ✅ 所有 9 個測試項目都已執行
