[2025-11-26T02:40:39.640Z] 📝 日誌文件已創建: C:\Users\penny\OneDrive\Desktop\stream-lobby\logs\server-2025-11-26T02-40-39-639Z.log
[2025-11-26T02:40:39.644Z] 
🚀 檢查工具伺服器運行在 http://localhost:3000
[2025-11-26T02:40:39.646Z] ━━━━━━━━━━━━━━━━━━━━━━━━━━━━━━━━━━━━━━
[2025-11-26T02:40:39.646Z] 📋 測試工具 1 (7項測試): http://localhost:3000/
[2025-11-26T02:40:39.647Z] 🎮 測試工具 2 (10項測試): http://localhost:3000/test2.html
[2025-11-26T02:40:39.647Z] ━━━━━━━━━━━━━━━━━━━━━━━━━━━━━━━━━━━━━━
[2025-11-26T02:40:39.648Z] 📝 所有日誌將保存到: C:\Users\penny\OneDrive\Desktop\stream-lobby\logs\server-2025-11-26T02-40-39-639Z.log

[2025-11-26T02:42:41.633Z] 開始執行測試項目 1/10: gVersion 版號測試
[2025-11-26T02:42:41.646Z] 測試項目 1/10 完成
[2025-11-26T02:42:41.647Z] 開始執行測試項目 2/10: Stream n'Spin 彈窗測試
[2025-11-26T02:42:41.648Z] 開始 Stream n'Spin 彈窗測試...
[2025-11-26T02:42:44.573Z] 測試項目 2/10 完成
[2025-11-26T02:42:44.574Z] 開始執行測試項目 3/10: 更名功能測試
[2025-11-26T02:42:44.575Z] 開始更名功能測試 (點擊帳號名稱 -> 開啟視窗 -> 點擊 X 關閉)...
[2025-11-26T02:42:47.007Z] 測試項目 3/10 完成
[2025-11-26T02:42:47.007Z] 開始執行測試項目 4/10: 排序按鈕測試
[2025-11-26T02:42:47.008Z] 開始排序按鈕測試...
[2025-11-26T02:42:52.674Z] 測試項目 4/10 完成
[2025-11-26T02:42:52.675Z] 開始執行測試項目 5/10: Promotion 圖片檢查
[2025-11-26T02:42:52.676Z] 開始 Promotion 圖片檢查...
[2025-11-26T02:42:55.238Z] 測試項目 5/10 完成
[2025-11-26T02:42:55.239Z] 開始執行測試項目 6/10: All Streamers 圖片檢查
[2025-11-26T02:42:55.240Z] 開始 All Streamers 圖片檢查...
[2025-11-26T02:42:56.760Z] 測試項目 6/10 完成
[2025-11-26T02:42:56.762Z] 開始執行測試項目 7/10: All Streamers 排列按鈕測試
[2025-11-26T02:42:56.763Z] 開始 All Streamers 排列按鈕測試...
[2025-11-26T02:43:02.492Z] 測試項目 7/10 完成
[2025-11-26T02:43:02.999Z] 開始執行測試項目 8/10: 直播主介紹卡片點擊測試
[2025-11-26T02:43:03.001Z] 開始直播主介紹卡片點擊測試...
[2025-11-26T02:43:09.019Z] 測試項目 8/10 完成
[2025-11-26T02:43:09.019Z] 開始執行測試項目 9/10: 排行榜檢查
[2025-11-26T02:43:09.020Z] 開始排行榜檢查...
[2025-11-26T02:43:10.212Z] 滾動到 All Times 區域 (y: 340)...
[2025-11-26T02:43:11.719Z] 移動滑鼠到 All Times 區域 (座標: 32, 340)...
[2025-11-26T02:43:12.467Z] 已截圖 All Times 區域: C:\Users\penny\OneDrive\Desktop\stream-lobby\debug\ranking-all-times-2025-11-26T02-42-34-688Z.png
[2025-11-26T02:43:12.468Z] 檢查 All Times 資料...
[2025-11-26T02:43:12.472Z] 滾動到 Weekly Ranking 區域 (y: 412)...
[2025-11-26T02:43:13.983Z] 移動滑鼠到 Weekly Ranking 區域 (座標: 50, 412)...
[2025-11-26T02:43:14.651Z] 已截圖 Weekly Ranking 區域: C:\Users\penny\OneDrive\Desktop\stream-lobby\debug\ranking-weekly-2025-11-26T02-42-34-688Z.png
[2025-11-26T02:43:14.652Z] 檢查 Weekly Ranking 資料...
[2025-11-26T02:43:14.826Z] 測試項目 9/10 完成
[2025-11-26T02:43:14.827Z] 開始執行測試項目 10/10: 直播主照片檢查
[2025-11-26T02:43:14.830Z] 開始直播主照片檢查...
[2025-11-26T02:43:16.034Z] 點擊 Photo 分頁...
[2025-11-26T02:43:16.036Z] 滾動到頁面頂部...
[2025-11-26T02:43:17.057Z] ✓ Photo 按鈕已點擊 (Photo) at (888, 536)
[2025-11-26T02:43:19.268Z] 頁面切換驗證: Photo按鈕選中=true, Profile按鈕選中=false
[2025-11-26T02:43:19.270Z] ✓ 已成功切換到 Photo 頁面
[2025-11-26T02:43:19.271Z] 點擊照片區域...
[2025-11-26T02:43:19.272Z] 照片區域位置: x=16, y=260, 寬=314, 高=314
[2025-11-26T02:43:19.272Z] 照片區域中心點: (173, 417)
[2025-11-26T02:43:19.273Z] 滾動到照片區域 (y: 260)...
[2025-11-26T02:43:19.274Z] ERROR: 直播主照片檢查錯誤: {}
[2025-11-26T02:43:19.279Z] 測試項目 10/10 完成
[2025-11-26T02:43:19.279Z] 所有測試項目執行完成
[2025-11-26T02:43:19.280Z] ✅ 所有 10 個測試項目都已執行
