[2025-11-20T03:00:04.881Z] 📝 日誌文件已創建: C:\Users\penny\OneDrive\Desktop\stream-lobby\logs\server-2025-11-20T03-00-04-880Z.log
[2025-11-20T03:00:04.889Z] 
🚀 檢查工具伺服器運行在 http://localhost:3000
[2025-11-20T03:00:04.889Z] ━━━━━━━━━━━━━━━━━━━━━━━━━━━━━━━━━━━━━━
[2025-11-20T03:00:04.890Z] 📋 測試工具 1 (7項測試): http://localhost:3000/
[2025-11-20T03:00:04.891Z] 🎮 測試工具 2 (10項測試): http://localhost:3000/test2.html
[2025-11-20T03:00:04.891Z] ━━━━━━━━━━━━━━━━━━━━━━━━━━━━━━━━━━━━━━
[2025-11-20T03:00:04.892Z] 📝 所有日誌將保存到: C:\Users\penny\OneDrive\Desktop\stream-lobby\logs\server-2025-11-20T03-00-04-880Z.log

[2025-11-20T03:00:35.125Z] 開始 Stream n'Spin 彈窗測試...
[2025-11-20T03:00:38.014Z] 開始更名功能測試 (點擊帳號名稱 -> 開啟視窗 -> 點擊 X 關閉)...
[2025-11-20T03:00:40.478Z] 開始排序按鈕測試...
[2025-11-20T03:00:46.238Z] 開始 Promotion 圖片檢查...
[2025-11-20T03:00:48.748Z] 開始 All Streamers 圖片檢查...
[2025-11-20T03:00:50.228Z] 開始 All Streamers 排列按鈕測試...
[2025-11-20T03:00:55.971Z] 開始直播主介紹卡片點擊測試...
[2025-11-20T03:01:02.464Z] 開始 Lobby 送禮測試...
[2025-11-20T03:01:03.660Z] 禮物按鈕查找結果: {
  "found": true,
  "x": 683,
  "y": 438,
  "element": "DIV._rankingGrid_1upir_281",
  "debug": "找到 12 個候選元素，選擇: DIV._rankingGrid_1upir_281"
}
[2025-11-20T03:01:03.666Z] ERROR: 點擊禮物按鈕失敗: {}
[2025-11-20T03:01:03.670Z] 使用 JavaScript 點擊成功
[2025-11-20T03:01:04.676Z] 禮物按鈕已點擊，等待禮物清單出現...
[2025-11-20T03:01:06.192Z] 禮物清單檢查結果: {
  "overlayFound": false,
  "overlayVisible": false,
  "giftGridFound": false,
  "giftGridVisible": false
}
