[2025-11-25T09:00:26.528Z] 📝 日誌文件已創建: C:\Users\penny\OneDrive\Desktop\stream-lobby\logs\server-2025-11-25T09-00-26-525Z.log
[2025-11-25T09:00:26.549Z] 
🚀 檢查工具伺服器運行在 http://localhost:3000
[2025-11-25T09:00:26.552Z] ━━━━━━━━━━━━━━━━━━━━━━━━━━━━━━━━━━━━━━
[2025-11-25T09:00:26.554Z] 📋 測試工具 1 (7項測試): http://localhost:3000/
[2025-11-25T09:00:26.557Z] 🎮 測試工具 2 (10項測試): http://localhost:3000/test2.html
[2025-11-25T09:00:26.559Z] ━━━━━━━━━━━━━━━━━━━━━━━━━━━━━━━━━━━━━━
[2025-11-25T09:00:26.563Z] 📝 所有日誌將保存到: C:\Users\penny\OneDrive\Desktop\stream-lobby\logs\server-2025-11-25T09-00-26-525Z.log

[2025-11-25T09:01:12.088Z] 開始執行測試項目 1/9: gVersion 版號測試
[2025-11-25T09:01:12.103Z] 測試項目 1/9 完成
[2025-11-25T09:01:12.104Z] 開始執行測試項目 2/9: Stream n'Spin 彈窗測試
[2025-11-25T09:01:12.105Z] 開始 Stream n'Spin 彈窗測試...
[2025-11-25T09:01:15.683Z] 測試項目 2/9 完成
[2025-11-25T09:01:15.687Z] 開始執行測試項目 3/9: 更名功能測試
[2025-11-25T09:01:15.690Z] 開始更名功能測試 (點擊帳號名稱 -> 開啟視窗 -> 點擊 X 關閉)...
[2025-11-25T09:01:18.718Z] 測試項目 3/9 完成
[2025-11-25T09:01:18.722Z] 開始執行測試項目 4/8: 排序按鈕測試
[2025-11-25T09:01:18.726Z] 開始排序按鈕測試...
[2025-11-25T09:01:25.138Z] 測試項目 4/9 完成
[2025-11-25T09:01:25.140Z] 開始執行測試項目 5/9: Promotion 圖片檢查
[2025-11-25T09:01:25.143Z] 開始 Promotion 圖片檢查...
[2025-11-25T09:01:27.983Z] 測試項目 5/9 完成
[2025-11-25T09:01:27.984Z] 開始執行測試項目 6/9: All Streamers 圖片檢查
[2025-11-25T09:01:27.986Z] 開始 All Streamers 圖片檢查...
[2025-11-25T09:01:30.102Z] 測試項目 6/9 完成
[2025-11-25T09:01:30.104Z] 開始執行測試項目 7/9: All Streamers 排列按鈕測試
[2025-11-25T09:01:30.106Z] 開始 All Streamers 排列按鈕測試...
[2025-11-25T09:01:36.661Z] 測試項目 7/9 完成
[2025-11-25T09:01:37.177Z] 開始執行測試項目 8/9: 直播主介紹卡片點擊測試
[2025-11-25T09:01:37.187Z] 開始直播主介紹卡片點擊測試...
[2025-11-25T09:01:43.829Z] 測試項目 8/9 完成
[2025-11-25T09:01:43.833Z] 開始執行測試項目 9/9: 排行榜檢查
[2025-11-25T09:01:43.838Z] 開始排行榜檢查...
[2025-11-25T09:01:45.257Z] 滾動到 All Times 區域 (y: 340)...
[2025-11-25T09:01:46.790Z] 移動滑鼠到 All Times 區域 (座標: 32, 340)...
[2025-11-25T09:01:47.822Z] 已截圖 All Times 區域: C:\Users\penny\OneDrive\Desktop\stream-lobby\debug\ranking-all-times-2025-11-25T09-00-58-933Z.png
[2025-11-25T09:01:47.825Z] 檢查 All Times 資料...
[2025-11-25T09:01:47.850Z] All Times 檢查結果: {
  "found": true,
  "hasData": true,
  "textContent": "All Timestrytry01$2,012,000Ash2248$1,110,000Victor8147$601,000",
  "textLength": 62
}
[2025-11-25T09:01:47.866Z] 滾動到 Weekly Ranking 區域 (y: 412)...
[2025-11-25T09:01:49.421Z] 移動滑鼠到 Weekly Ranking 區域 (座標: 50, 412)...
[2025-11-25T09:01:50.208Z] 已截圖 Weekly Ranking 區域: C:\Users\penny\OneDrive\Desktop\stream-lobby\debug\ranking-weekly-2025-11-25T09-00-58-933Z.png
[2025-11-25T09:01:50.211Z] 檢查 Weekly Ranking 資料...
[2025-11-25T09:01:50.223Z] Weekly Ranking 檢查結果: {
  "found": true,
  "hasData": true,
  "textContent": "All Timestrytry01$2,012,000Ash2248$1,110,000Victor8147$601,000",
  "textLength": 62
}
[2025-11-25T09:01:50.555Z] 測試項目 9/9 完成
[2025-11-25T09:01:50.558Z] 所有測試項目執行完成
[2025-11-25T09:01:50.564Z] ✅ 所有 9 個測試項目都已執行
