[2025-11-20T03:22:47.527Z] 📝 日誌文件已創建: C:\Users\penny\OneDrive\Desktop\stream-lobby\logs\server-2025-11-20T03-22-47-526Z.log
[2025-11-20T03:22:47.532Z] 
🚀 檢查工具伺服器運行在 http://localhost:3000
[2025-11-20T03:22:47.533Z] ━━━━━━━━━━━━━━━━━━━━━━━━━━━━━━━━━━━━━━
[2025-11-20T03:22:47.533Z] 📋 測試工具 1 (7項測試): http://localhost:3000/
[2025-11-20T03:22:47.534Z] 🎮 測試工具 2 (10項測試): http://localhost:3000/test2.html
[2025-11-20T03:22:47.534Z] ━━━━━━━━━━━━━━━━━━━━━━━━━━━━━━━━━━━━━━
[2025-11-20T03:22:47.538Z] 📝 所有日誌將保存到: C:\Users\penny\OneDrive\Desktop\stream-lobby\logs\server-2025-11-20T03-22-47-526Z.log

[2025-11-20T03:23:13.666Z] 開始執行測試項目 1/9: gVersion 版號測試
[2025-11-20T03:23:13.673Z] 測試項目 1/9 完成
[2025-11-20T03:23:13.674Z] 開始執行測試項目 2/9: Stream n'Spin 彈窗測試
[2025-11-20T03:23:13.675Z] 開始 Stream n'Spin 彈窗測試...
[2025-11-20T03:23:14.970Z] 測試項目 2/9 完成
[2025-11-20T03:23:14.970Z] 開始執行測試項目 3/9: 更名功能測試
[2025-11-20T03:23:14.974Z] 開始更名功能測試 (點擊帳號名稱 -> 開啟視窗 -> 點擊 X 關閉)...
[2025-11-20T03:23:17.413Z] 測試項目 3/9 完成
[2025-11-20T03:23:17.413Z] 開始執行測試項目 4/9: 排序按鈕測試
[2025-11-20T03:23:17.414Z] 開始排序按鈕測試...
[2025-11-20T03:23:23.228Z] 測試項目 4/9 完成
[2025-11-20T03:23:23.230Z] 開始執行測試項目 5/9: Promotion 圖片檢查
[2025-11-20T03:23:23.232Z] 開始 Promotion 圖片檢查...
[2025-11-20T03:23:25.763Z] 測試項目 5/9 完成
[2025-11-20T03:23:25.764Z] 開始執行測試項目 6/9: All Streamers 圖片檢查
[2025-11-20T03:23:25.766Z] 開始 All Streamers 圖片檢查...
[2025-11-20T03:23:27.289Z] 測試項目 6/9 完成
[2025-11-20T03:23:27.290Z] 開始執行測試項目 7/9: All Streamers 排列按鈕測試
[2025-11-20T03:23:27.291Z] 開始 All Streamers 排列按鈕測試...
[2025-11-20T03:23:33.134Z] 測試項目 7/9 完成
[2025-11-20T03:23:33.648Z] 開始執行測試項目 8/9: 直播主介紹卡片點擊測試
[2025-11-20T03:23:33.649Z] 開始直播主介紹卡片點擊測試...
[2025-11-20T03:23:39.649Z] 測試項目 8/9 完成
[2025-11-20T03:23:40.157Z] 開始執行測試項目 9/9: Lobby 送禮測試
[2025-11-20T03:23:40.159Z] 開始 Lobby 送禮測試...
[2025-11-20T03:23:40.383Z] 禮物按鈕查找結果: {
  "found": true,
  "x": 1047,
  "y": 444,
  "element": "IMG (by selector)",
  "isClickable": true,
  "hasGiftKeyword": true,
  "debug": "使用選擇器找到禮物按鈕"
}
[2025-11-20T03:23:40.768Z] 方法1成功: Playwright 選擇器點擊
[2025-11-20T03:23:41.779Z] 禮物按鈕已點擊，等待禮物清單出現...
[2025-11-20T03:23:42.790Z] 禮物清單檢查結果 (嘗試 1/5): {
  "overlayFound": true,
  "overlayVisible": false,
  "giftGridFound": true,
  "giftGridVisible": true,
  "giftOverlaysFound": 0,
  "giftOverlaysVisible": 0
}
[2025-11-20T03:23:42.791Z] 禮物清單已出現！
[2025-11-20T03:23:43.805Z] 嘗試點擊選中的禮物...
[2025-11-20T03:23:46.128Z] 方法2失敗: page.click: Timeout 2000ms exceeded.
Call log:
  - waiting for locator('#root > div > div > div._overlay_1fh5q_1 > div > div > div._giftGrid_1fh5q_108 > div._giftItem_1fh5q_122._selected_1fh5q_148')

[2025-11-20T03:23:46.757Z] 禮物選擇失敗，檢查結果: {
  "anyGiftFound": true,
  "selectedGiftFound": false,
  "giftItemsCount": 9,
  "selectedGiftCount": 0
}
[2025-11-20T03:23:46.759Z] 測試項目 9/9 完成
[2025-11-20T03:23:46.760Z] 所有測試項目執行完成
[2025-11-20T03:23:46.761Z] ✅ 所有 9 個測試項目都已執行
