[2025-11-20T03:29:36.247Z] 📝 日誌文件已創建: C:\Users\penny\OneDrive\Desktop\stream-lobby\logs\server-2025-11-20T03-29-36-246Z.log
[2025-11-20T03:29:36.252Z] 
🚀 檢查工具伺服器運行在 http://localhost:3000
[2025-11-20T03:29:36.252Z] ━━━━━━━━━━━━━━━━━━━━━━━━━━━━━━━━━━━━━━
[2025-11-20T03:29:36.253Z] 📋 測試工具 1 (7項測試): http://localhost:3000/
[2025-11-20T03:29:36.253Z] 🎮 測試工具 2 (10項測試): http://localhost:3000/test2.html
[2025-11-20T03:29:36.254Z] ━━━━━━━━━━━━━━━━━━━━━━━━━━━━━━━━━━━━━━
[2025-11-20T03:29:36.255Z] 📝 所有日誌將保存到: C:\Users\penny\OneDrive\Desktop\stream-lobby\logs\server-2025-11-20T03-29-36-246Z.log

[2025-11-20T03:30:00.092Z] 開始執行測試項目 1/9: gVersion 版號測試
[2025-11-20T03:30:00.100Z] 測試項目 1/9 完成
[2025-11-20T03:30:00.102Z] 開始執行測試項目 2/9: Stream n'Spin 彈窗測試
[2025-11-20T03:30:00.103Z] 開始 Stream n'Spin 彈窗測試...
[2025-11-20T03:30:03.037Z] 測試項目 2/9 完成
[2025-11-20T03:30:03.038Z] 開始執行測試項目 3/9: 更名功能測試
[2025-11-20T03:30:03.039Z] 開始更名功能測試 (點擊帳號名稱 -> 開啟視窗 -> 點擊 X 關閉)...
[2025-11-20T03:30:05.533Z] 測試項目 3/9 完成
[2025-11-20T03:30:05.534Z] 開始執行測試項目 4/9: 排序按鈕測試
[2025-11-20T03:30:05.535Z] 開始排序按鈕測試...
[2025-11-20T03:30:11.303Z] 測試項目 4/9 完成
[2025-11-20T03:30:11.304Z] 開始執行測試項目 5/9: Promotion 圖片檢查
[2025-11-20T03:30:11.306Z] 開始 Promotion 圖片檢查...
[2025-11-20T03:30:13.893Z] 測試項目 5/9 完成
[2025-11-20T03:30:13.893Z] 開始執行測試項目 6/9: All Streamers 圖片檢查
[2025-11-20T03:30:13.894Z] 開始 All Streamers 圖片檢查...
[2025-11-20T03:30:15.387Z] 測試項目 6/9 完成
[2025-11-20T03:30:15.388Z] 開始執行測試項目 7/9: All Streamers 排列按鈕測試
[2025-11-20T03:30:15.389Z] 開始 All Streamers 排列按鈕測試...
[2025-11-20T03:30:21.275Z] 測試項目 7/9 完成
[2025-11-20T03:30:21.786Z] 開始執行測試項目 8/9: 直播主介紹卡片點擊測試
[2025-11-20T03:30:21.787Z] 開始直播主介紹卡片點擊測試...
[2025-11-20T03:30:27.850Z] 測試項目 8/9 完成
[2025-11-20T03:30:28.363Z] 開始執行測試項目 9/9: Lobby 送禮測試
[2025-11-20T03:30:28.368Z] 開始 Lobby 送禮測試...
[2025-11-20T03:30:28.581Z] 禮物按鈕查找結果: {
  "found": true,
  "x": 1047,
  "y": 444,
  "element": "IMG (by selector)",
  "isClickable": true,
  "hasGiftKeyword": true,
  "debug": "使用選擇器找到禮物按鈕"
}
[2025-11-20T03:30:28.994Z] 方法1成功: Playwright 選擇器點擊
[2025-11-20T03:30:29.997Z] 禮物按鈕已點擊，等待禮物清單出現...
[2025-11-20T03:30:31.018Z] 禮物清單檢查結果 (嘗試 1/5): {
  "overlayFound": true,
  "overlayVisible": false,
  "giftGridFound": true,
  "giftGridVisible": true,
  "giftOverlaysFound": 0,
  "giftOverlaysVisible": 0
}
[2025-11-20T03:30:31.021Z] 禮物清單已出現！
[2025-11-20T03:30:32.023Z] 嘗試點擊選中的禮物...
[2025-11-20T03:30:34.352Z] 方法2失敗: page.click: Timeout 2000ms exceeded.
Call log:
  - waiting for locator('#root > div > div > div._overlay_1fh5q_1 > div > div > div._giftGrid_1fh5q_108 > div._giftItem_1fh5q_122._selected_1fh5q_148')

[2025-11-20T03:30:34.976Z] 方法4成功: 點擊第一個禮物來選中它
[2025-11-20T03:30:35.495Z] 方法4成功: 禮物已選中並點擊
[2025-11-20T03:30:36.004Z] 禮物已選擇，等待確認按鈕出現...
[2025-11-20T03:30:36.521Z] 嘗試點擊 Confirm 按鈕...
[2025-11-20T03:30:36.525Z] Confirm 方法1成功: JavaScript 點擊
[2025-11-20T03:30:36.526Z] Confirm 按鈕已點擊，等待 Balance 更新...
[2025-11-20T03:30:40.091Z] 警告：禮物清單可能未完全關閉
[2025-11-20T03:30:41.209Z] 檢查 Balance 變化...
[2025-11-20T03:30:41.213Z] Balance 檢查: 之前=1317, 之後=1317, 禮物價格=null
[2025-11-20T03:30:41.213Z] Balance 變化: 0
[2025-11-20T03:30:41.214Z] 測試項目 9/9 完成
[2025-11-20T03:30:41.214Z] 所有測試項目執行完成
[2025-11-20T03:30:41.215Z] ✅ 所有 9 個測試項目都已執行
