[2025-11-26T03:46:51.417Z] 📝 日誌文件已創建: C:\Users\penny\OneDrive\Desktop\stream-lobby\logs\server-2025-11-26T03-46-51-416Z.log
[2025-11-26T03:46:51.422Z] 
🚀 檢查工具伺服器運行在 http://localhost:3000
[2025-11-26T03:46:51.423Z] ━━━━━━━━━━━━━━━━━━━━━━━━━━━━━━━━━━━━━━
[2025-11-26T03:46:51.424Z] 📋 測試工具 1 (7項測試): http://localhost:3000/
[2025-11-26T03:46:51.424Z] 🎮 測試工具 2 (10項測試): http://localhost:3000/test2.html
[2025-11-26T03:46:51.425Z] ━━━━━━━━━━━━━━━━━━━━━━━━━━━━━━━━━━━━━━
[2025-11-26T03:46:51.426Z] 📝 所有日誌將保存到: C:\Users\penny\OneDrive\Desktop\stream-lobby\logs\server-2025-11-26T03-46-51-416Z.log

[2025-11-26T03:47:27.974Z] 開始執行測試項目 1/10: gVersion 版號測試
[2025-11-26T03:47:27.984Z] 測試項目 1/10 完成
[2025-11-26T03:47:27.985Z] 開始執行測試項目 2/10: Stream n'Spin 彈窗測試
[2025-11-26T03:47:27.986Z] 開始 Stream n'Spin 彈窗測試...
[2025-11-26T03:47:30.938Z] 測試項目 2/10 完成
[2025-11-26T03:47:30.939Z] 開始執行測試項目 3/10: 更名功能測試
[2025-11-26T03:47:30.940Z] 開始更名功能測試 (點擊帳號名稱 -> 開啟視窗 -> 點擊 X 關閉)...
[2025-11-26T03:47:33.418Z] 測試項目 3/10 完成
[2025-11-26T03:47:33.419Z] 開始執行測試項目 4/10: 排序按鈕測試
[2025-11-26T03:47:33.421Z] 開始排序按鈕測試...
[2025-11-26T03:47:36.357Z] 測試項目 4/10 完成
[2025-11-26T03:47:36.358Z] 開始執行測試項目 5/10: Promotion 圖片檢查
[2025-11-26T03:47:36.359Z] 開始 Promotion 圖片檢查...
[2025-11-26T03:47:37.624Z] 測試項目 5/10 完成
[2025-11-26T03:47:37.624Z] 開始執行測試項目 6/10: All Streamers 圖片檢查
[2025-11-26T03:47:37.625Z] 開始 All Streamers 圖片檢查...
[2025-11-26T03:47:38.372Z] 測試項目 6/10 完成
[2025-11-26T03:47:38.372Z] 開始執行測試項目 7/10: All Streamers 排列按鈕測試
[2025-11-26T03:47:38.373Z] 開始 All Streamers 排列按鈕測試...
[2025-11-26T03:47:44.162Z] 測試項目 7/10 完成
[2025-11-26T03:47:44.674Z] 開始執行測試項目 8/10: 直播主介紹卡片點擊測試
[2025-11-26T03:47:44.677Z] 開始直播主介紹卡片點擊測試...
[2025-11-26T03:47:50.690Z] 測試項目 8/10 完成
[2025-11-26T03:47:50.690Z] 開始執行測試項目 9/10: 排行榜檢查
[2025-11-26T03:47:50.691Z] 開始排行榜檢查...
[2025-11-26T03:47:51.903Z] 滾動到 All Times 區域 (y: 340)...
[2025-11-26T03:47:53.412Z] 移動滑鼠到 All Times 區域 (座標: 32, 340)...
[2025-11-26T03:47:54.190Z] 已截圖 All Times 區域: C:\Users\penny\OneDrive\Desktop\stream-lobby\debug\ranking-all-times-2025-11-26T03-47-18-920Z.png
[2025-11-26T03:47:54.191Z] 檢查 All Times 資料...
[2025-11-26T03:47:54.201Z] 滾動到 Weekly Ranking 區域 (y: 412)...
[2025-11-26T03:47:55.720Z] 移動滑鼠到 Weekly Ranking 區域 (座標: 50, 412)...
[2025-11-26T03:47:56.429Z] 已截圖 Weekly Ranking 區域: C:\Users\penny\OneDrive\Desktop\stream-lobby\debug\ranking-weekly-2025-11-26T03-47-18-920Z.png
[2025-11-26T03:47:56.430Z] 檢查 Weekly Ranking 資料...
[2025-11-26T03:47:56.662Z] 測試項目 9/10 完成
[2025-11-26T03:47:56.663Z] 開始執行測試項目 10/10: 直播主照片檢查
[2025-11-26T03:47:56.665Z] 開始直播主照片檢查...
[2025-11-26T03:47:57.172Z] 尋找 Photo 分頁按鈕...
[2025-11-26T03:47:57.566Z] ✅ 已點擊 Photo 分頁
[2025-11-26T03:47:57.808Z] 已截圖 (切到 Photo 分頁後): C:\Users\penny\OneDrive\Desktop\stream-lobby\debug\photo-after-tab-2025-11-26T03-47-18-920Z.png
[2025-11-26T03:47:57.809Z] 尋找照片 wrapper 元素 (div[class*="_photoImageWrapper_"]) ...
[2025-11-26T03:47:57.817Z] 找到 photo wrapper 元素數量: 3
[2025-11-26T03:47:58.041Z] 已截圖 (點擊前): C:\Users\penny\OneDrive\Desktop\stream-lobby\debug\photo-before-click-2025-11-26T03-47-18-920Z.png
[2025-11-26T03:47:58.433Z] 第 0 個 wrapper 的 boundingBox: {
  "x": 283,
  "y": 298,
  "width": 390,
  "height": 390
}
[2025-11-26T03:47:58.492Z] ✅ 已點擊第 0 個 wrapper（目前累計點擊 1 張）
[2025-11-26T03:47:58.493Z] 🖱️ 滑鼠點擊該 wrapper 中心: (478, 493)
[2025-11-26T03:47:59.692Z] 第 1 個 wrapper 的 boundingBox: {
  "x": 693,
  "y": 298,
  "width": 390,
  "height": 390
}
[2025-11-26T03:47:59.742Z] ✅ 已點擊第 1 個 wrapper（目前累計點擊 2 張）
[2025-11-26T03:47:59.742Z] 🖱️ 滑鼠點擊該 wrapper 中心: (888, 493)
[2025-11-26T03:48:00.792Z] 已截圖 (兩張 wrapper 點擊後): C:\Users\penny\OneDrive\Desktop\stream-lobby\debug\photo-after-click-2025-11-26T03-47-18-920Z.png
[2025-11-26T03:48:00.793Z] ✅ 直播主照片檢查完成，Photo 分頁=true，已點擊 wrapper 數=2
[2025-11-26T03:48:00.793Z] 測試項目 10/10 完成
[2025-11-26T03:48:00.794Z] 所有測試項目執行完成
[2025-11-26T03:48:00.795Z] ✅ 所有 10 個測試項目都已執行
