[2025-11-26T04:07:39.753Z] 📝 日誌文件已創建: C:\Users\penny\OneDrive\Desktop\stream-lobby\logs\server-2025-11-26T04-07-39-753Z.log
[2025-11-26T04:07:39.759Z] 
🚀 檢查工具伺服器運行在 http://localhost:3000
[2025-11-26T04:07:39.760Z] ━━━━━━━━━━━━━━━━━━━━━━━━━━━━━━━━━━━━━━
[2025-11-26T04:07:39.760Z] 📋 測試工具 1 (7項測試): http://localhost:3000/
[2025-11-26T04:07:39.761Z] 🎮 測試工具 2 (10項測試): http://localhost:3000/test2.html
[2025-11-26T04:07:39.761Z] ━━━━━━━━━━━━━━━━━━━━━━━━━━━━━━━━━━━━━━
[2025-11-26T04:07:39.762Z] 📝 所有日誌將保存到: C:\Users\penny\OneDrive\Desktop\stream-lobby\logs\server-2025-11-26T04-07-39-753Z.log

[2025-11-26T04:08:41.099Z] 開始執行測試項目 1/10: gVersion 版號測試
[2025-11-26T04:08:41.103Z] 測試項目 1/10 完成
[2025-11-26T04:08:41.104Z] 開始執行測試項目 2/10: Stream n'Spin 彈窗測試
[2025-11-26T04:08:41.105Z] 開始 Stream n'Spin 彈窗測試...
[2025-11-26T04:08:44.033Z] 測試項目 2/10 完成
[2025-11-26T04:08:44.034Z] 開始執行測試項目 3/10: 更名功能測試
[2025-11-26T04:08:44.035Z] 開始更名功能測試 (點擊帳號名稱 -> 開啟視窗 -> 點擊 X 關閉)...
[2025-11-26T04:08:46.639Z] 測試項目 3/10 完成
[2025-11-26T04:08:46.640Z] 開始執行測試項目 4/10: 排序按鈕測試
[2025-11-26T04:08:46.641Z] 開始排序按鈕測試...
[2025-11-26T04:08:49.620Z] 測試項目 4/10 完成
[2025-11-26T04:08:49.621Z] 開始執行測試項目 5/10: Promotion 圖片檢查
[2025-11-26T04:08:49.621Z] 開始 Promotion 圖片檢查...
[2025-11-26T04:08:50.872Z] 測試項目 5/10 完成
[2025-11-26T04:08:50.872Z] 開始執行測試項目 6/10: All Streamers 圖片檢查
[2025-11-26T04:08:50.873Z] 開始 All Streamers 圖片檢查...
[2025-11-26T04:08:51.678Z] 測試項目 6/10 完成
[2025-11-26T04:08:51.679Z] 開始執行測試項目 7/10: All Streamers 排列按鈕測試
[2025-11-26T04:08:51.680Z] 開始 All Streamers 排列按鈕測試...
[2025-11-26T04:08:57.508Z] 測試項目 7/10 完成
[2025-11-26T04:08:58.021Z] 開始執行測試項目 8/10: 直播主介紹卡片點擊測試
[2025-11-26T04:08:58.022Z] 開始直播主介紹卡片點擊測試...
[2025-11-26T04:09:03.966Z] 測試項目 8/10 完成
[2025-11-26T04:09:03.967Z] 開始執行測試項目 9/10: 排行榜檢查
[2025-11-26T04:09:03.968Z] 開始排行榜檢查...
[2025-11-26T04:09:05.228Z] 滾動到 All Times 區域 (y: 340)...
[2025-11-26T04:09:06.734Z] 移動滑鼠到 All Times 區域 (座標: 32, 340)...
[2025-11-26T04:09:07.463Z] 已截圖 All Times 區域: C:\Users\penny\OneDrive\Desktop\stream-lobby\debug\ranking-all-times-2025-11-26T04-08-20-464Z.png
[2025-11-26T04:09:07.463Z] 檢查 All Times 資料...
[2025-11-26T04:09:07.479Z] 滾動到 Weekly Ranking 區域 (y: 412)...
[2025-11-26T04:09:08.992Z] 移動滑鼠到 Weekly Ranking 區域 (座標: 50, 412)...
[2025-11-26T04:09:09.698Z] 已截圖 Weekly Ranking 區域: C:\Users\penny\OneDrive\Desktop\stream-lobby\debug\ranking-weekly-2025-11-26T04-08-20-464Z.png
[2025-11-26T04:09:09.699Z] 檢查 Weekly Ranking 資料...
[2025-11-26T04:09:09.889Z] 測試項目 9/10 完成
[2025-11-26T04:09:09.890Z] 開始執行測試項目 10/10: 直播主照片檢查
[2025-11-26T04:09:09.891Z] 開始直播主照片檢查...
[2025-11-26T04:09:09.945Z] 已點擊 Photo 分頁
[2025-11-26T04:09:09.951Z] 找到 3 張照片（含破圖也算）
[2025-11-26T04:09:09.995Z] 照片統計：總數=3，正常=0，破圖=3（第 1、2、3 張為破圖）
[2025-11-26T04:09:10.077Z] 已點擊第 1 張照片
[2025-11-26T04:09:37.440Z] ERROR: 直播主照片檢查錯誤: {}
[2025-11-26T04:09:37.445Z] 測試項目 10/10 完成
[2025-11-26T04:09:37.445Z] 所有測試項目執行完成
[2025-11-26T04:09:37.447Z] ✅ 所有 10 個測試項目都已執行
