[2025-11-26T03:06:48.506Z] 📝 日誌文件已創建: C:\Users\penny\OneDrive\Desktop\stream-lobby\logs\server-2025-11-26T03-06-48-505Z.log
[2025-11-26T03:06:48.512Z] 
🚀 檢查工具伺服器運行在 http://localhost:3000
[2025-11-26T03:06:48.513Z] ━━━━━━━━━━━━━━━━━━━━━━━━━━━━━━━━━━━━━━
[2025-11-26T03:06:48.513Z] 📋 測試工具 1 (7項測試): http://localhost:3000/
[2025-11-26T03:06:48.514Z] 🎮 測試工具 2 (10項測試): http://localhost:3000/test2.html
[2025-11-26T03:06:48.515Z] ━━━━━━━━━━━━━━━━━━━━━━━━━━━━━━━━━━━━━━
[2025-11-26T03:06:48.515Z] 📝 所有日誌將保存到: C:\Users\penny\OneDrive\Desktop\stream-lobby\logs\server-2025-11-26T03-06-48-505Z.log

[2025-11-26T03:10:32.353Z] 開始執行測試項目 1/10: gVersion 版號測試
[2025-11-26T03:10:32.357Z] 測試項目 1/10 完成
[2025-11-26T03:10:32.358Z] 開始執行測試項目 2/10: Stream n'Spin 彈窗測試
[2025-11-26T03:10:32.359Z] 開始 Stream n'Spin 彈窗測試...
[2025-11-26T03:10:35.324Z] 測試項目 2/10 完成
[2025-11-26T03:10:35.325Z] 開始執行測試項目 3/10: 更名功能測試
[2025-11-26T03:10:35.325Z] 開始更名功能測試 (點擊帳號名稱 -> 開啟視窗 -> 點擊 X 關閉)...
[2025-11-26T03:10:37.838Z] 測試項目 3/10 完成
[2025-11-26T03:10:37.838Z] 開始執行測試項目 4/10: 排序按鈕測試
[2025-11-26T03:10:37.839Z] 開始排序按鈕測試...
[2025-11-26T03:10:43.700Z] 測試項目 4/10 完成
[2025-11-26T03:10:43.701Z] 開始執行測試項目 5/10: Promotion 圖片檢查
[2025-11-26T03:10:43.702Z] 開始 Promotion 圖片檢查...
[2025-11-26T03:10:46.356Z] 測試項目 5/10 完成
[2025-11-26T03:10:46.356Z] 開始執行測試項目 6/10: All Streamers 圖片檢查
[2025-11-26T03:10:46.357Z] 開始 All Streamers 圖片檢查...
[2025-11-26T03:10:47.860Z] 測試項目 6/10 完成
[2025-11-26T03:10:47.860Z] 開始執行測試項目 7/10: All Streamers 排列按鈕測試
[2025-11-26T03:10:47.862Z] 開始 All Streamers 排列按鈕測試...
[2025-11-26T03:10:53.678Z] 測試項目 7/10 完成
[2025-11-26T03:10:54.185Z] 開始執行測試項目 8/10: 直播主介紹卡片點擊測試
[2025-11-26T03:10:54.188Z] 開始直播主介紹卡片點擊測試...
[2025-11-26T03:11:00.245Z] 測試項目 8/10 完成
[2025-11-26T03:11:00.246Z] 開始執行測試項目 9/10: 排行榜檢查
[2025-11-26T03:11:00.247Z] 開始排行榜檢查...
[2025-11-26T03:11:01.431Z] 滾動到 All Times 區域 (y: 340)...
[2025-11-26T03:11:02.937Z] 移動滑鼠到 All Times 區域 (座標: 32, 340)...
[2025-11-26T03:11:03.704Z] 已截圖 All Times 區域: C:\Users\penny\OneDrive\Desktop\stream-lobby\debug\ranking-all-times-2025-11-26T03-10-25-967Z.png
[2025-11-26T03:11:03.706Z] 檢查 All Times 資料...
[2025-11-26T03:11:03.716Z] 滾動到 Weekly Ranking 區域 (y: 412)...
[2025-11-26T03:11:05.229Z] 移動滑鼠到 Weekly Ranking 區域 (座標: 50, 412)...
[2025-11-26T03:11:05.921Z] 已截圖 Weekly Ranking 區域: C:\Users\penny\OneDrive\Desktop\stream-lobby\debug\ranking-weekly-2025-11-26T03-10-25-967Z.png
[2025-11-26T03:11:05.922Z] 檢查 Weekly Ranking 資料...
[2025-11-26T03:11:06.141Z] 測試項目 9/10 完成
[2025-11-26T03:11:06.142Z] 開始執行測試項目 10/10: 直播主照片檢查
[2025-11-26T03:11:06.144Z] 開始直播主照片檢查...
[2025-11-26T03:11:07.327Z] 點擊 Photo 分頁...
[2025-11-26T03:11:07.328Z] 滾動到頁面頂部...
[2025-11-26T03:11:08.355Z] ✓ Photo 按鈕已點擊 (Photo) at (888, 536)
[2025-11-26T03:11:10.603Z] 頁面切換驗證: Photo按鈕選中=true, Profile按鈕選中=false
[2025-11-26T03:11:10.605Z] ✓ 已成功切換到 Photo 頁面
[2025-11-26T03:11:10.605Z] 點擊照片區域...
[2025-11-26T03:11:10.606Z] 照片區域: x=16, y=260, 寬=314, 高=314
[2025-11-26T03:11:10.606Z] 照片中心點（頁面座標）: (173, 417)
[2025-11-26T03:11:10.607Z] 滾動頁面往下...
[2025-11-26T03:11:12.122Z] ✓ 當前滾動位置: 100px
[2025-11-26T03:11:12.304Z] 截圖已保存: C:\Users\penny\OneDrive\Desktop\stream-lobby\debug\photo-before-click-2025-11-26T03-10-25-967Z.png
[2025-11-26T03:11:12.305Z] 照片在視窗中: 頂部Y=160px, 中心Y=317px, 底部Y=474px
[2025-11-26T03:11:12.305Z] 準備點擊座標（視窗）: X=173, Y=317
[2025-11-26T03:11:12.306Z] 🖱️  在瀏覽器中查找並點擊照片元素...
[2025-11-26T03:11:12.307Z] ERROR: 直播主照片檢查錯誤: {}
[2025-11-26T03:11:12.309Z] 測試項目 10/10 完成
[2025-11-26T03:11:12.310Z] 所有測試項目執行完成
[2025-11-26T03:11:12.310Z] ✅ 所有 10 個測試項目都已執行
