[2025-11-24T09:07:40.570Z] 📝 日誌文件已創建: C:\Users\penny\OneDrive\Desktop\stream-lobby\logs\server-2025-11-24T09-07-40-569Z.log
[2025-11-24T09:07:40.575Z] 
🚀 檢查工具伺服器運行在 http://localhost:3000
[2025-11-24T09:07:40.576Z] ━━━━━━━━━━━━━━━━━━━━━━━━━━━━━━━━━━━━━━
[2025-11-24T09:07:40.577Z] 📋 測試工具 1 (7項測試): http://localhost:3000/
[2025-11-24T09:07:40.577Z] 🎮 測試工具 2 (10項測試): http://localhost:3000/test2.html
[2025-11-24T09:07:40.578Z] ━━━━━━━━━━━━━━━━━━━━━━━━━━━━━━━━━━━━━━
[2025-11-24T09:07:40.578Z] 📝 所有日誌將保存到: C:\Users\penny\OneDrive\Desktop\stream-lobby\logs\server-2025-11-24T09-07-40-569Z.log

[2025-11-24T09:08:12.446Z] 開始執行測試項目 1/9: gVersion 版號測試
[2025-11-24T09:08:12.448Z] 測試項目 1/9 完成
[2025-11-24T09:08:12.449Z] 開始執行測試項目 2/9: Stream n'Spin 彈窗測試
[2025-11-24T09:08:12.450Z] 開始 Stream n'Spin 彈窗測試...
[2025-11-24T09:08:13.737Z] 測試項目 2/9 完成
[2025-11-24T09:08:13.737Z] 開始執行測試項目 3/9: 更名功能測試
[2025-11-24T09:08:13.738Z] 開始更名功能測試 (點擊帳號名稱 -> 開啟視窗 -> 點擊 X 關閉)...
[2025-11-24T09:08:16.277Z] 測試項目 3/9 完成
[2025-11-24T09:08:16.279Z] 開始執行測試項目 4/9: 排序按鈕測試
[2025-11-24T09:08:16.280Z] 開始排序按鈕測試...
[2025-11-24T09:08:22.145Z] 測試項目 4/9 完成
[2025-11-24T09:08:22.145Z] 開始執行測試項目 5/9: Promotion 圖片檢查
[2025-11-24T09:08:22.146Z] 開始 Promotion 圖片檢查...
[2025-11-24T09:08:24.659Z] 測試項目 5/9 完成
[2025-11-24T09:08:24.660Z] 開始執行測試項目 6/9: All Streamers 圖片檢查
[2025-11-24T09:08:24.661Z] 開始 All Streamers 圖片檢查...
[2025-11-24T09:08:26.281Z] 測試項目 6/9 完成
[2025-11-24T09:08:26.282Z] 開始執行測試項目 7/9: All Streamers 排列按鈕測試
[2025-11-24T09:08:26.284Z] 開始 All Streamers 排列按鈕測試...
[2025-11-24T09:08:32.118Z] 測試項目 7/9 完成
[2025-11-24T09:08:32.632Z] 開始執行測試項目 8/9: 直播主介紹卡片點擊測試
[2025-11-24T09:08:32.634Z] 開始直播主介紹卡片點擊測試...
[2025-11-24T09:08:38.625Z] 測試項目 8/9 完成
[2025-11-24T09:08:38.626Z] 開始執行測試項目 9/9: 排行榜檢查
[2025-11-24T09:08:38.626Z] 開始排行榜檢查...
[2025-11-24T09:08:39.821Z] 滾動到 All Times 區域...
[2025-11-24T09:08:41.337Z] 滑鼠移到 All Times 區域 (座標: 16, 112)...
[2025-11-24T09:08:41.867Z] 檢查 All Times 資料...
[2025-11-24T09:08:41.871Z] 查找 Weekly Ranking 元素位置...
[2025-11-24T09:08:41.878Z] 滾動到 Weekly Ranking 區域...
[2025-11-24T09:08:43.389Z] 滑鼠移到 Weekly Ranking 區域 (座標: 683, 1097.9765625)...
[2025-11-24T09:08:43.920Z] 檢查 Weekly Ranking 資料...
[2025-11-24T09:08:45.677Z] 測試項目 9/9 完成
[2025-11-24T09:08:45.678Z] 所有測試項目執行完成
[2025-11-24T09:08:45.679Z] ✅ 所有 9 個測試項目都已執行
[2025-11-24T09:10:31.518Z] 開始執行測試項目 1/9: gVersion 版號測試
[2025-11-24T09:10:31.521Z] 測試項目 1/9 完成
[2025-11-24T09:10:31.522Z] 開始執行測試項目 2/9: Stream n'Spin 彈窗測試
[2025-11-24T09:10:31.522Z] 開始 Stream n'Spin 彈窗測試...
[2025-11-24T09:10:34.441Z] 測試項目 2/9 完成
[2025-11-24T09:10:34.442Z] 開始執行測試項目 3/9: 更名功能測試
[2025-11-24T09:10:34.442Z] 開始更名功能測試 (點擊帳號名稱 -> 開啟視窗 -> 點擊 X 關閉)...
[2025-11-24T09:10:36.891Z] 測試項目 3/9 完成
[2025-11-24T09:10:36.893Z] 開始執行測試項目 4/9: 排序按鈕測試
[2025-11-24T09:10:36.895Z] 開始排序按鈕測試...
[2025-11-24T09:10:42.593Z] 測試項目 4/9 完成
[2025-11-24T09:10:42.595Z] 開始執行測試項目 5/9: Promotion 圖片檢查
[2025-11-24T09:10:42.596Z] 開始 Promotion 圖片檢查...
[2025-11-24T09:10:45.120Z] 測試項目 5/9 完成
[2025-11-24T09:10:45.121Z] 開始執行測試項目 6/9: All Streamers 圖片檢查
[2025-11-24T09:10:45.121Z] 開始 All Streamers 圖片檢查...
[2025-11-24T09:10:46.652Z] 測試項目 6/9 完成
[2025-11-24T09:10:46.653Z] 開始執行測試項目 7/9: All Streamers 排列按鈕測試
[2025-11-24T09:10:46.653Z] 開始 All Streamers 排列按鈕測試...
[2025-11-24T09:10:52.430Z] 測試項目 7/9 完成
[2025-11-24T09:10:52.941Z] 開始執行測試項目 8/9: 直播主介紹卡片點擊測試
[2025-11-24T09:10:52.941Z] 開始直播主介紹卡片點擊測試...
[2025-11-24T09:10:58.998Z] 測試項目 8/9 完成
[2025-11-24T09:10:58.998Z] 開始執行測試項目 9/9: 排行榜檢查
[2025-11-24T09:10:58.999Z] 開始排行榜檢查...
[2025-11-24T09:11:00.248Z] 滾動到 All Times 區域...
[2025-11-24T09:11:01.759Z] 滑鼠移到 All Times 區域 (座標: 16, 112)...
[2025-11-24T09:11:02.291Z] 檢查 All Times 資料...
[2025-11-24T09:11:02.295Z] 查找 Weekly Ranking 元素位置...
[2025-11-24T09:11:02.302Z] 滾動到 Weekly Ranking 區域...
[2025-11-24T09:11:03.813Z] 滑鼠移到 Weekly Ranking 區域 (座標: 683, 1097.9765625)...
[2025-11-24T09:11:04.343Z] 檢查 Weekly Ranking 資料...
[2025-11-24T09:11:06.121Z] 測試項目 9/9 完成
[2025-11-24T09:11:06.122Z] 所有測試項目執行完成
[2025-11-24T09:11:06.124Z] ✅ 所有 9 個測試項目都已執行
