[2025-11-25T10:05:42.852Z] 📝 日誌文件已創建: C:\Users\penny\OneDrive\Desktop\stream-lobby\logs\server-2025-11-25T10-05-42-851Z.log
[2025-11-25T10:05:42.857Z] 
🚀 檢查工具伺服器運行在 http://localhost:3000
[2025-11-25T10:05:42.858Z] ━━━━━━━━━━━━━━━━━━━━━━━━━━━━━━━━━━━━━━
[2025-11-25T10:05:42.859Z] 📋 測試工具 1 (7項測試): http://localhost:3000/
[2025-11-25T10:05:42.859Z] 🎮 測試工具 2 (10項測試): http://localhost:3000/test2.html
[2025-11-25T10:05:42.860Z] ━━━━━━━━━━━━━━━━━━━━━━━━━━━━━━━━━━━━━━
[2025-11-25T10:05:42.861Z] 📝 所有日誌將保存到: C:\Users\penny\OneDrive\Desktop\stream-lobby\logs\server-2025-11-25T10-05-42-851Z.log

[2025-11-25T10:06:51.943Z] ERROR: checkWebsite 外層錯誤（不應影響測試執行）: {
  "name": "Error"
}
[2025-11-25T10:07:17.869Z] 開始執行測試項目 1/10: gVersion 版號測試
[2025-11-25T10:07:17.873Z] 測試項目 1/10 完成
[2025-11-25T10:07:17.875Z] 開始執行測試項目 2/10: Stream n'Spin 彈窗測試
[2025-11-25T10:07:17.876Z] 開始 Stream n'Spin 彈窗測試...
[2025-11-25T10:07:19.104Z] 測試項目 2/10 完成
[2025-11-25T10:07:19.105Z] 開始執行測試項目 3/10: 更名功能測試
[2025-11-25T10:07:19.106Z] 開始更名功能測試 (點擊帳號名稱 -> 開啟視窗 -> 點擊 X 關閉)...
[2025-11-25T10:07:22.103Z] 測試項目 3/10 完成
[2025-11-25T10:07:22.104Z] 開始執行測試項目 4/8: 排序按鈕測試
[2025-11-25T10:07:22.106Z] 開始排序按鈕測試...
[2025-11-25T10:07:27.946Z] 測試項目 4/10 完成
[2025-11-25T10:07:27.947Z] 開始執行測試項目 5/10: Promotion 圖片檢查
[2025-11-25T10:07:27.950Z] 開始 Promotion 圖片檢查...
[2025-11-25T10:07:30.441Z] 測試項目 5/10 完成
[2025-11-25T10:07:30.442Z] 開始執行測試項目 6/10: All Streamers 圖片檢查
[2025-11-25T10:07:30.443Z] 開始 All Streamers 圖片檢查...
[2025-11-25T10:07:31.967Z] 測試項目 6/10 完成
[2025-11-25T10:07:31.967Z] 開始執行測試項目 7/10: All Streamers 排列按鈕測試
[2025-11-25T10:07:31.969Z] 開始 All Streamers 排列按鈕測試...
[2025-11-25T10:07:37.839Z] 測試項目 7/10 完成
[2025-11-25T10:07:38.355Z] 開始執行測試項目 8/10: 直播主介紹卡片點擊測試
[2025-11-25T10:07:38.362Z] 開始直播主介紹卡片點擊測試...
[2025-11-25T10:07:44.737Z] 測試項目 8/10 完成
[2025-11-25T10:07:44.737Z] 開始執行測試項目 9/10: 排行榜檢查
[2025-11-25T10:07:44.739Z] 開始排行榜檢查...
[2025-11-25T10:07:45.983Z] 滾動到 All Times 區域 (y: 340)...
[2025-11-25T10:07:47.497Z] 移動滑鼠到 All Times 區域 (座標: 32, 340)...
[2025-11-25T10:07:48.204Z] 已截圖 All Times 區域: C:\Users\penny\OneDrive\Desktop\stream-lobby\debug\ranking-all-times-2025-11-25T10-06-58-850Z.png
[2025-11-25T10:07:48.205Z] 檢查 All Times 資料...
[2025-11-25T10:07:48.211Z] All Times 檢查結果: {
  "found": true,
  "hasData": true,
  "textContent": "All Timestrytry01$2,012,000Ash2248$1,110,000Victor8147$601,000",
  "textLength": 62
}
[2025-11-25T10:07:48.212Z] 滾動到 Weekly Ranking 區域 (y: 412)...
[2025-11-25T10:07:49.718Z] 移動滑鼠到 Weekly Ranking 區域 (座標: 50, 412)...
[2025-11-25T10:07:50.411Z] 已截圖 Weekly Ranking 區域: C:\Users\penny\OneDrive\Desktop\stream-lobby\debug\ranking-weekly-2025-11-25T10-06-58-850Z.png
[2025-11-25T10:07:50.412Z] 檢查 Weekly Ranking 資料...
[2025-11-25T10:07:50.418Z] Weekly Ranking 檢查結果: {
  "found": true,
  "hasData": true,
  "textContent": "All Timestrytry01$2,012,000Ash2248$1,110,000Victor8147$601,000",
  "textLength": 62
}
[2025-11-25T10:07:50.578Z] 測試項目 9/10 完成
[2025-11-25T10:07:50.580Z] 開始執行測試項目 10/10: 直播主照片檢查
[2025-11-25T10:07:50.581Z] 開始直播主照片檢查...
[2025-11-25T10:07:51.755Z] 點擊 Photo 分頁...
[2025-11-25T10:07:51.761Z] 移動滑鼠到 Photo 分頁中心 (座標: 655, -226.5)...
[2025-11-25T10:07:52.079Z] 點擊 Photo 分頁 (座標: 655, -226.5)...
[2025-11-25T10:07:52.594Z] ✓ Photo 分頁已點擊
[2025-11-25T10:07:55.255Z] 點擊照片區域...
[2025-11-25T10:07:55.769Z] 移動滑鼠到照片區域中心 (座標: 245, 395)...
[2025-11-25T10:07:56.094Z] 點擊照片區域 (座標: 245, 395)...
[2025-11-25T10:07:56.604Z] ✓ 照片區域已點擊
[2025-11-25T10:07:58.297Z] 測試項目 10/10 完成
[2025-11-25T10:07:58.299Z] 所有測試項目執行完成
[2025-11-25T10:07:58.300Z] ✅ 所有 10 個測試項目都已執行
