[2025-11-25T04:12:48.451Z] 📝 日誌文件已創建: C:\Users\penny\OneDrive\Desktop\stream-lobby\logs\server-2025-11-25T04-12-48-450Z.log
[2025-11-25T04:12:48.456Z] 
🚀 檢查工具伺服器運行在 http://localhost:3000
[2025-11-25T04:12:48.457Z] ━━━━━━━━━━━━━━━━━━━━━━━━━━━━━━━━━━━━━━
[2025-11-25T04:12:48.458Z] 📋 測試工具 1 (7項測試): http://localhost:3000/
[2025-11-25T04:12:48.459Z] 🎮 測試工具 2 (10項測試): http://localhost:3000/test2.html
[2025-11-25T04:12:48.459Z] ━━━━━━━━━━━━━━━━━━━━━━━━━━━━━━━━━━━━━━
[2025-11-25T04:12:48.460Z] 📝 所有日誌將保存到: C:\Users\penny\OneDrive\Desktop\stream-lobby\logs\server-2025-11-25T04-12-48-450Z.log

[2025-11-25T04:13:42.372Z] 開始執行測試項目 1/9: gVersion 版號測試
[2025-11-25T04:13:42.376Z] 測試項目 1/9 完成
[2025-11-25T04:13:42.377Z] 開始執行測試項目 2/9: Stream n'Spin 彈窗測試
[2025-11-25T04:13:42.378Z] 開始 Stream n'Spin 彈窗測試...
[2025-11-25T04:13:45.344Z] 測試項目 2/9 完成
[2025-11-25T04:13:45.345Z] 開始執行測試項目 3/9: 更名功能測試
[2025-11-25T04:13:45.347Z] 開始更名功能測試 (點擊帳號名稱 -> 開啟視窗 -> 點擊 X 關閉)...
[2025-11-25T04:13:47.785Z] 測試項目 3/9 完成
[2025-11-25T04:13:47.786Z] 開始執行測試項目 4/9: 排序按鈕測試
[2025-11-25T04:13:47.786Z] 開始排序按鈕測試...
[2025-11-25T04:13:53.591Z] 測試項目 4/9 完成
[2025-11-25T04:13:53.592Z] 開始執行測試項目 5/9: Promotion 圖片檢查
[2025-11-25T04:13:53.594Z] 開始 Promotion 圖片檢查...
[2025-11-25T04:13:56.064Z] 測試項目 5/9 完成
[2025-11-25T04:13:56.065Z] 開始執行測試項目 6/9: All Streamers 圖片檢查
[2025-11-25T04:13:56.066Z] 開始 All Streamers 圖片檢查...
[2025-11-25T04:13:57.538Z] 測試項目 6/9 完成
[2025-11-25T04:13:57.538Z] 開始執行測試項目 7/9: All Streamers 排列按鈕測試
[2025-11-25T04:13:57.539Z] 開始 All Streamers 排列按鈕測試...
[2025-11-25T04:14:03.362Z] 測試項目 7/9 完成
[2025-11-25T04:14:03.876Z] 開始執行測試項目 8/9: 直播主介紹卡片點擊測試
[2025-11-25T04:14:03.879Z] 開始直播主介紹卡片點擊測試...
[2025-11-25T04:14:09.843Z] 測試項目 8/9 完成
[2025-11-25T04:14:09.845Z] 開始執行測試項目 9/9: 排行榜檢查
[2025-11-25T04:14:09.846Z] 開始排行榜檢查...
[2025-11-25T04:14:11.043Z] 滾動到 All Times 區域...
[2025-11-25T04:14:11.048Z] 當前滾動位置: 0, 目標位置: 0, 需要滾動: 0 像素
[2025-11-25T04:14:12.064Z] 移動滑鼠到 All Times 區域 (座標: 16, 112)...
[2025-11-25T04:14:12.389Z] 檢查 All Times 資料...
[2025-11-25T04:14:12.391Z] 滾動到 Weekly Ranking 區域...
[2025-11-25T04:14:12.394Z] 找到 Weekly Ranking 元素，當前滾動位置: 0, 目標位置: 0
[2025-11-25T04:14:14.422Z] 最終滾動位置: 0 像素
[2025-11-25T04:14:14.426Z] 元素在頁面中的 top: 415, 元素在視窗中的 y 座標: 415
[2025-11-25T04:14:14.427Z] 移動滑鼠到 Weekly Ranking 區域 (座標: 16, 415)...
[2025-11-25T04:14:15.113Z] 已截圖確認 Weekly Ranking 滾動位置: C:\Users\penny\OneDrive\Desktop\stream-lobby\debug\weekly-ranking-scroll-2025-11-25T04-13-34-983Z.png
[2025-11-25T04:14:15.114Z] 檢查 Weekly Ranking 資料...
[2025-11-25T04:14:15.290Z] 測試項目 9/9 完成
[2025-11-25T04:14:15.290Z] 所有測試項目執行完成
[2025-11-25T04:14:15.291Z] ✅ 所有 9 個測試項目都已執行
[2025-11-25T06:53:14.292Z] 開始執行測試項目 1/9: gVersion 版號測試
[2025-11-25T06:53:14.294Z] 測試項目 1/9 完成
[2025-11-25T06:53:14.294Z] 開始執行測試項目 2/9: Stream n'Spin 彈窗測試
[2025-11-25T06:53:14.295Z] 開始 Stream n'Spin 彈窗測試...
[2025-11-25T06:53:15.525Z] 測試項目 2/9 完成
[2025-11-25T06:53:15.526Z] 開始執行測試項目 3/9: 更名功能測試
[2025-11-25T06:53:15.527Z] 開始更名功能測試 (點擊帳號名稱 -> 開啟視窗 -> 點擊 X 關閉)...
[2025-11-25T06:53:17.995Z] 測試項目 3/9 完成
[2025-11-25T06:53:17.995Z] 開始執行測試項目 4/9: 排序按鈕測試
[2025-11-25T06:53:17.995Z] 開始排序按鈕測試...
[2025-11-25T06:53:23.670Z] 測試項目 4/9 完成
[2025-11-25T06:53:23.671Z] 開始執行測試項目 5/9: Promotion 圖片檢查
[2025-11-25T06:53:23.671Z] 開始 Promotion 圖片檢查...
[2025-11-25T06:53:26.217Z] 測試項目 5/9 完成
[2025-11-25T06:53:26.217Z] 開始執行測試項目 6/9: All Streamers 圖片檢查
[2025-11-25T06:53:26.218Z] 開始 All Streamers 圖片檢查...
[2025-11-25T06:53:27.655Z] 測試項目 6/9 完成
[2025-11-25T06:53:27.656Z] 開始執行測試項目 7/9: All Streamers 排列按鈕測試
[2025-11-25T06:53:27.656Z] 開始 All Streamers 排列按鈕測試...
[2025-11-25T06:53:33.374Z] 測試項目 7/9 完成
[2025-11-25T06:53:33.882Z] 開始執行測試項目 8/9: 直播主介紹卡片點擊測試
[2025-11-25T06:53:33.885Z] 開始直播主介紹卡片點擊測試...
[2025-11-25T06:53:39.827Z] 測試項目 8/9 完成
[2025-11-25T06:53:39.828Z] 開始執行測試項目 9/9: 排行榜檢查
[2025-11-25T06:53:39.828Z] 開始排行榜檢查...
[2025-11-25T06:53:41.035Z] 滾動到 All Times 區域...
[2025-11-25T06:53:41.038Z] 當前滾動位置: 0, 目標位置: 0, 需要滾動: 0 像素
[2025-11-25T06:53:42.054Z] 移動滑鼠到 All Times 區域 (座標: 16, 112)...
[2025-11-25T06:53:42.366Z] 檢查 All Times 資料...
[2025-11-25T06:53:42.369Z] 滾動到 Weekly Ranking 區域...
[2025-11-25T06:53:42.371Z] 找到 Weekly Ranking 元素，當前滾動位置: 0, 目標位置: 0
[2025-11-25T06:53:44.402Z] 最終滾動位置: 0 像素
[2025-11-25T06:53:44.406Z] 元素在頁面中的 top: 415, 元素在視窗中的 y 座標: 415
[2025-11-25T06:53:44.406Z] 移動滑鼠到 Weekly Ranking 區域 (座標: 16, 415)...
[2025-11-25T06:53:45.094Z] 已截圖確認 Weekly Ranking 滾動位置: C:\Users\penny\OneDrive\Desktop\stream-lobby\debug\weekly-ranking-scroll-2025-11-25T06-53-05-821Z.png
[2025-11-25T06:53:45.095Z] 檢查 Weekly Ranking 資料...
[2025-11-25T06:53:45.299Z] 測試項目 9/9 完成
[2025-11-25T06:53:45.300Z] 所有測試項目執行完成
[2025-11-25T06:53:45.301Z] ✅ 所有 9 個測試項目都已執行
