[2025-11-24T09:13:40.009Z] 📝 日誌文件已創建: C:\Users\penny\OneDrive\Desktop\stream-lobby\logs\server-2025-11-24T09-13-40-008Z.log
[2025-11-24T09:13:40.016Z] 
🚀 檢查工具伺服器運行在 http://localhost:3000
[2025-11-24T09:13:40.017Z] ━━━━━━━━━━━━━━━━━━━━━━━━━━━━━━━━━━━━━━
[2025-11-24T09:13:40.018Z] 📋 測試工具 1 (7項測試): http://localhost:3000/
[2025-11-24T09:13:40.018Z] 🎮 測試工具 2 (10項測試): http://localhost:3000/test2.html
[2025-11-24T09:13:40.019Z] ━━━━━━━━━━━━━━━━━━━━━━━━━━━━━━━━━━━━━━
[2025-11-24T09:13:40.019Z] 📝 所有日誌將保存到: C:\Users\penny\OneDrive\Desktop\stream-lobby\logs\server-2025-11-24T09-13-40-008Z.log

[2025-11-24T09:14:12.210Z] 開始執行測試項目 1/9: gVersion 版號測試
[2025-11-24T09:14:12.212Z] 測試項目 1/9 完成
[2025-11-24T09:14:12.213Z] 開始執行測試項目 2/9: Stream n'Spin 彈窗測試
[2025-11-24T09:14:12.213Z] 開始 Stream n'Spin 彈窗測試...
[2025-11-24T09:14:15.130Z] 測試項目 2/9 完成
[2025-11-24T09:14:15.130Z] 開始執行測試項目 3/9: 更名功能測試
[2025-11-24T09:14:15.131Z] 開始更名功能測試 (點擊帳號名稱 -> 開啟視窗 -> 點擊 X 關閉)...
[2025-11-24T09:14:17.547Z] 測試項目 3/9 完成
[2025-11-24T09:14:17.547Z] 開始執行測試項目 4/9: 排序按鈕測試
[2025-11-24T09:14:17.548Z] 開始排序按鈕測試...
[2025-11-24T09:14:23.284Z] 測試項目 4/9 完成
[2025-11-24T09:14:23.285Z] 開始執行測試項目 5/9: Promotion 圖片檢查
[2025-11-24T09:14:23.286Z] 開始 Promotion 圖片檢查...
[2025-11-24T09:14:25.735Z] 測試項目 5/9 完成
[2025-11-24T09:14:25.736Z] 開始執行測試項目 6/9: All Streamers 圖片檢查
[2025-11-24T09:14:25.737Z] 開始 All Streamers 圖片檢查...
[2025-11-24T09:14:27.238Z] 測試項目 6/9 完成
[2025-11-24T09:14:27.239Z] 開始執行測試項目 7/9: All Streamers 排列按鈕測試
[2025-11-24T09:14:27.241Z] 開始 All Streamers 排列按鈕測試...
[2025-11-24T09:14:32.921Z] 測試項目 7/9 完成
[2025-11-24T09:14:33.430Z] 開始執行測試項目 8/9: 直播主介紹卡片點擊測試
[2025-11-24T09:14:33.431Z] 開始直播主介紹卡片點擊測試...
[2025-11-24T09:14:39.397Z] 測試項目 8/9 完成
[2025-11-24T09:14:39.399Z] 開始執行測試項目 9/9: 排行榜檢查
[2025-11-24T09:14:39.400Z] 開始排行榜檢查...
[2025-11-24T09:14:40.621Z] 滾動到 All Times 區域...
[2025-11-24T09:14:40.622Z] 移動滑鼠到 All Times 區域 (座標: 16, 112)...
[2025-11-24T09:14:40.939Z] 當前滾動位置: 0, 目標位置: 0, 需要滾動: 0 像素
[2025-11-24T09:14:42.273Z] 檢查 All Times 資料...
[2025-11-24T09:14:42.277Z] 滾動到 Weekly Ranking 區域...
[2025-11-24T09:14:42.277Z] 移動滑鼠到 Weekly Ranking 區域 (座標: 16, 356)...
[2025-11-24T09:14:42.603Z] 當前滾動位置: 0, 目標位置: 156, 需要滾動: 156 像素
[2025-11-24T09:14:42.603Z] 使用滑鼠滾輪滾動 156 像素...
[2025-11-24T09:14:44.353Z] 再次移動滑鼠到 Weekly Ranking 區域 (座標: 16, 356)...
[2025-11-24T09:14:44.681Z] 檢查 Weekly Ranking 資料...
[2025-11-24T09:14:46.426Z] 測試項目 9/9 完成
[2025-11-24T09:14:46.426Z] 所有測試項目執行完成
[2025-11-24T09:14:46.427Z] ✅ 所有 9 個測試項目都已執行
