[2025-11-27T02:57:07.240Z] 📝 日誌文件已創建: C:\Users\penny\OneDrive\Desktop\stream-lobby\logs\server-2025-11-27T02-57-07-239Z.log
[2025-11-27T02:57:07.244Z] 
🚀 檢查工具伺服器運行在 http://localhost:3000
[2025-11-27T02:57:07.245Z] ━━━━━━━━━━━━━━━━━━━━━━━━━━━━━━━━━━━━━━
[2025-11-27T02:57:07.246Z] 📋 測試工具 1 (7項測試): http://localhost:3000/
[2025-11-27T02:57:07.246Z] 🎮 測試工具 2 (10項測試): http://localhost:3000/test2.html
[2025-11-27T02:57:07.247Z] ━━━━━━━━━━━━━━━━━━━━━━━━━━━━━━━━━━━━━━
[2025-11-27T02:57:07.248Z] 📝 所有日誌將保存到: C:\Users\penny\OneDrive\Desktop\stream-lobby\logs\server-2025-11-27T02-57-07-239Z.log

[2025-11-27T02:57:42.885Z] 開始執行測試項目 1/12: gVersion 版號測試
[2025-11-27T02:57:42.893Z] 測試項目 1/12 完成
[2025-11-27T02:57:42.894Z] 開始執行測試項目 2/12: Stream n'Spin 彈窗測試
[2025-11-27T02:57:42.896Z] 開始 Stream n'Spin 彈窗測試...
[2025-11-27T02:57:44.207Z] 測試項目 2/12 完成
[2025-11-27T02:57:44.209Z] 開始執行測試項目 3/12: 更名功能測試
[2025-11-27T02:57:44.212Z] 開始更名功能測試 (點擊帳號名稱 -> 開啟視窗 -> 點擊 X 關閉)...
[2025-11-27T02:57:45.448Z] 找到輸入框，先清空原本的名字...
[2025-11-27T02:57:46.420Z] 已清空原本名字，截圖: C:\Users\penny\OneDrive\Desktop\stream-lobby\debug\account-name-cleared-2025-11-27T02-57-35-858Z.png
[2025-11-27T02:57:46.421Z] 輸入 IDN...
[2025-11-27T02:57:47.755Z] 已輸入 IDN，截圖: C:\Users\penny\OneDrive\Desktop\stream-lobby\debug\account-name-idn-2025-11-27T02-57-35-858Z.png
[2025-11-27T02:57:47.760Z] ✅ 偵測到錯誤訊息: Oracle4900Balance 30,000,000Streaming Now4 viewersgame018 viewersgame021 viewersgame035 viewersgame046 viewersmanagerPromotionAll Streamersgame01game02game03game04game05managermayStream n' Spin×Please enter your nicknameNickname cannot start with "idn"Confirm
[2025-11-27T02:57:47.761Z] 等待 1 秒...
[2025-11-27T02:57:48.778Z] 刪除 IDN...
[2025-11-27T02:57:49.392Z] 已刪除 IDN，截圖: C:\Users\penny\OneDrive\Desktop\stream-lobby\debug\account-name-deleted-idn-2025-11-27T02-57-35-858Z.png
[2025-11-27T02:57:49.393Z] 生成的隨機名字: Alex9794
[2025-11-27T02:57:49.393Z] 輸入隨機名字...
[2025-11-27T02:57:51.104Z] 已輸入隨機名字，截圖: C:\Users\penny\OneDrive\Desktop\stream-lobby\debug\account-name-random-2025-11-27T02-57-35-858Z.png
[2025-11-27T02:57:51.104Z] 尋找 Confirm 按鈕...
[2025-11-27T02:57:51.108Z] 找到 Confirm 按鈕: Confirm
[2025-11-27T02:57:52.369Z] 已點擊 Confirm 按鈕，截圖: C:\Users\penny\OneDrive\Desktop\stream-lobby\debug\account-name-confirmed-2025-11-27T02-57-35-858Z.png
[2025-11-27T02:57:52.372Z] 測試項目 3/12 完成
[2025-11-27T02:57:52.372Z] 開始執行測試項目 4/12: 排序按鈕測試
[2025-11-27T02:57:52.373Z] 開始排序按鈕測試...
[2025-11-27T02:57:55.261Z] 測試項目 4/12 完成
[2025-11-27T02:57:55.262Z] 開始執行測試項目 5/12: Promotion 圖片檢查
[2025-11-27T02:57:55.263Z] 開始 Promotion 圖片檢查...
[2025-11-27T02:57:56.491Z] 測試項目 5/12 完成
[2025-11-27T02:57:56.491Z] 開始執行測試項目 6/12: All Streamers 圖片檢查
[2025-11-27T02:57:56.492Z] 開始 All Streamers 圖片檢查...
[2025-11-27T02:57:57.301Z] 測試項目 6/12 完成
[2025-11-27T02:57:57.302Z] 開始執行測試項目 7/12: All Streamers 排列按鈕測試
[2025-11-27T02:57:57.304Z] 開始 All Streamers 排列按鈕測試...
[2025-11-27T02:58:03.063Z] 測試項目 7/12 完成
[2025-11-27T02:58:03.571Z] 開始執行測試項目 8/12: 直播主介紹卡片點擊測試
[2025-11-27T02:58:03.574Z] 開始直播主介紹卡片點擊測試...
[2025-11-27T02:58:09.518Z] 測試項目 8/12 完成
[2025-11-27T02:58:09.519Z] 開始執行測試項目 9/12: 排行榜檢查
[2025-11-27T02:58:09.520Z] 開始排行榜檢查...
[2025-11-27T02:58:10.741Z] 滾動到 All Times 區域 (y: 340)...
[2025-11-27T02:58:12.256Z] 移動滑鼠到 All Times 區域 (座標: 32, 340)...
[2025-11-27T02:58:12.990Z] 已截圖 All Times 區域: C:\Users\penny\OneDrive\Desktop\stream-lobby\debug\ranking-all-times-2025-11-27T02-57-35-858Z.png
[2025-11-27T02:58:12.991Z] 檢查 All Times 資料...
[2025-11-27T02:58:12.997Z] 滾動到 Weekly Ranking 區域 (y: 412)...
[2025-11-27T02:58:14.505Z] 移動滑鼠到 Weekly Ranking 區域 (座標: 50, 412)...
[2025-11-27T02:58:15.195Z] 已截圖 Weekly Ranking 區域: C:\Users\penny\OneDrive\Desktop\stream-lobby\debug\ranking-weekly-2025-11-27T02-57-35-858Z.png
[2025-11-27T02:58:15.196Z] 檢查 Weekly Ranking 資料...
[2025-11-27T02:58:15.362Z] 測試項目 9/12 完成
[2025-11-27T02:58:15.363Z] 開始執行測試項目 10/12: 直播主照片檢查
[2025-11-27T02:58:15.364Z] 開始直播主照片檢查...
[2025-11-27T02:58:15.427Z] 已點擊 Photo 分頁
[2025-11-27T02:58:15.429Z] 找到 3 張照片（含破圖也算）
[2025-11-27T02:58:15.468Z] 照片統計：總數=3，正常=0，破圖=3（第 1、2、3 張為破圖）
[2025-11-27T02:58:15.573Z] 已點擊第 1 張照片
[2025-11-27T02:58:16.604Z] 偵測到照片大圖彈窗，嘗試關閉...
[2025-11-27T02:58:16.613Z] 照片大圖彈窗已透過 Esc 關閉
[2025-11-27T02:58:16.695Z] 已點擊第 2 張照片
[2025-11-27T02:58:17.707Z] 偵測到照片大圖彈窗，嘗試關閉...
[2025-11-27T02:58:17.713Z] 照片大圖彈窗已透過 Esc 關閉
[2025-11-27T02:58:17.713Z] ❌ 照片異常：共 3 張，正常 0 張，破圖 3 張（第 1、2、3 張為破圖）
[2025-11-27T02:58:17.714Z] 測試項目 10/12 完成
[2025-11-27T02:58:17.714Z] 開始執行測試項目 12/12: 返回按鈕測試
[2025-11-27T02:58:17.715Z] 開始返回按鈕測試...
[2025-11-27T02:58:18.397Z] 截圖（點擊前）: C:\Users\penny\OneDrive\Desktop\stream-lobby\debug\back-button-before-2025-11-27T02-57-35-858Z.png
[2025-11-27T02:58:18.402Z] 找到返回按鈕，位置: {
  "x": 317,
  "y": 48
}
[2025-11-27T02:58:18.405Z] 點擊前的 URL: http://lobby.sns.lab/?isAgentApi=&token=MTc1MjIxNzI1NTg0NTg1MDYyNAEQJCktfhVHtRoHFwnahonbYkNUOWfZCEjnGzpy
[2025-11-27T02:58:18.418Z] 已點擊返回按鈕，等待頁面載入...
[2025-11-27T02:58:18.421Z] 頁面載入完成 (domcontentloaded)
[2025-11-27T02:58:19.616Z] 截圖（點擊後）: C:\Users\penny\OneDrive\Desktop\stream-lobby\debug\back-button-after-2025-11-27T02-57-35-858Z.png
[2025-11-27T02:58:19.617Z] 點擊後的 URL: http://lobby.sns.lab/?isAgentApi=&token=MTc1MjIxNzI1NTg0NTg1MDYyNAEQJCktfhVHtRoHFwnahonbYkNUOWfZCEjnGzpy
[2025-11-27T02:58:19.617Z] ⚠️ 返回按鈕已點擊，但 URL 未改變
[2025-11-27T02:58:19.619Z] 測試項目 12/12 完成
[2025-11-27T02:58:19.620Z] 所有測試項目執行完成
[2025-11-27T02:58:19.620Z] ✅ 所有 10 個測試項目都已執行
