[2025-11-25T08:44:56.180Z] 📝 日誌文件已創建: C:\Users\penny\OneDrive\Desktop\stream-lobby\logs\server-2025-11-25T08-44-56-178Z.log
[2025-11-25T08:44:56.201Z] 
🚀 檢查工具伺服器運行在 http://localhost:3000
[2025-11-25T08:44:56.204Z] ━━━━━━━━━━━━━━━━━━━━━━━━━━━━━━━━━━━━━━
[2025-11-25T08:44:56.206Z] 📋 測試工具 1 (7項測試): http://localhost:3000/
[2025-11-25T08:44:56.207Z] 🎮 測試工具 2 (10項測試): http://localhost:3000/test2.html
[2025-11-25T08:44:56.209Z] ━━━━━━━━━━━━━━━━━━━━━━━━━━━━━━━━━━━━━━
[2025-11-25T08:44:56.211Z] 📝 所有日誌將保存到: C:\Users\penny\OneDrive\Desktop\stream-lobby\logs\server-2025-11-25T08-44-56-178Z.log

[2025-11-25T08:45:26.620Z] 開始執行測試項目 1/9: gVersion 版號測試
[2025-11-25T08:45:26.640Z] 測試項目 1/9 完成
[2025-11-25T08:45:26.643Z] 開始執行測試項目 2/9: Stream n'Spin 彈窗測試
[2025-11-25T08:45:26.645Z] 開始 Stream n'Spin 彈窗測試...
[2025-11-25T08:45:30.153Z] 測試項目 2/9 完成
[2025-11-25T08:45:30.157Z] 開始執行測試項目 3/9: 更名功能測試
[2025-11-25T08:45:30.161Z] 開始更名功能測試 (點擊帳號名稱 -> 開啟視窗 -> 點擊 X 關閉)...
[2025-11-25T08:45:33.107Z] 測試項目 3/9 完成
[2025-11-25T08:45:33.108Z] 開始執行測試項目 4/8: 排序按鈕測試
[2025-11-25T08:45:33.111Z] 開始排序按鈕測試...
[2025-11-25T08:45:39.573Z] 測試項目 4/9 完成
[2025-11-25T08:45:39.575Z] 開始執行測試項目 5/9: Promotion 圖片檢查
[2025-11-25T08:45:39.583Z] 開始 Promotion 圖片檢查...
[2025-11-25T08:45:42.583Z] 測試項目 5/9 完成
[2025-11-25T08:45:42.585Z] 開始執行測試項目 6/9: All Streamers 圖片檢查
[2025-11-25T08:45:42.592Z] 開始 All Streamers 圖片檢查...
[2025-11-25T08:45:44.533Z] 測試項目 6/9 完成
[2025-11-25T08:45:44.534Z] 開始執行測試項目 7/9: All Streamers 排列按鈕測試
[2025-11-25T08:45:44.536Z] 開始 All Streamers 排列按鈕測試...
[2025-11-25T08:45:50.883Z] 測試項目 7/9 完成
[2025-11-25T08:45:51.396Z] 開始執行測試項目 8/9: 直播主介紹卡片點擊測試
[2025-11-25T08:45:51.400Z] 開始直播主介紹卡片點擊測試...
[2025-11-25T08:45:57.776Z] 測試項目 8/9 完成
[2025-11-25T08:45:57.778Z] 開始執行測試項目 9/9: 排行榜檢查
[2025-11-25T08:45:57.783Z] 開始排行榜檢查...
[2025-11-25T08:45:59.249Z] 滾動到 All Times 區域 (y: 340)...
[2025-11-25T08:46:00.775Z] 移動滑鼠到 All Times 區域 (座標: 32, 340)...
[2025-11-25T08:46:01.667Z] 已截圖 All Times 區域: C:\Users\penny\OneDrive\Desktop\stream-lobby\debug\ranking-all-times-2025-11-25T08-45-20-330Z.png
[2025-11-25T08:46:01.670Z] 檢查 All Times 資料...
[2025-11-25T08:46:01.691Z] All Times 檢查結果: {
  "found": true,
  "hasData": true,
  "textContent": "All Timestrytry01$2,012,000Ash2248$1,110,000Victor8147$601,000",
  "textLength": 62
}
[2025-11-25T08:46:01.703Z] 滾動到 Weekly Ranking 區域 (y: 408)...
[2025-11-25T08:46:03.238Z] 移動滑鼠到 Weekly Ranking 區域 (座標: 50, 408)...
[2025-11-25T08:46:04.110Z] 已截圖 Weekly Ranking 區域: C:\Users\penny\OneDrive\Desktop\stream-lobby\debug\ranking-weekly-2025-11-25T08-45-20-330Z.png
[2025-11-25T08:46:04.112Z] 檢查 Weekly Ranking 資料...
[2025-11-25T08:46:04.125Z] Weekly Ranking 檢查結果: {
  "found": true,
  "hasData": false,
  "textContent": "game01",
  "textLength": 6
}
[2025-11-25T08:46:04.490Z] 測試項目 9/9 完成
[2025-11-25T08:46:04.491Z] 所有測試項目執行完成
[2025-11-25T08:46:04.494Z] ✅ 所有 9 個測試項目都已執行
