[2025-11-26T02:33:18.233Z] 📝 日誌文件已創建: C:\Users\penny\OneDrive\Desktop\stream-lobby\logs\server-2025-11-26T02-33-18-232Z.log
[2025-11-26T02:33:18.239Z] 
🚀 檢查工具伺服器運行在 http://localhost:3000
[2025-11-26T02:33:18.240Z] ━━━━━━━━━━━━━━━━━━━━━━━━━━━━━━━━━━━━━━
[2025-11-26T02:33:18.241Z] 📋 測試工具 1 (7項測試): http://localhost:3000/
[2025-11-26T02:33:18.241Z] 🎮 測試工具 2 (10項測試): http://localhost:3000/test2.html
[2025-11-26T02:33:18.242Z] ━━━━━━━━━━━━━━━━━━━━━━━━━━━━━━━━━━━━━━
[2025-11-26T02:33:18.243Z] 📝 所有日誌將保存到: C:\Users\penny\OneDrive\Desktop\stream-lobby\logs\server-2025-11-26T02-33-18-232Z.log

[2025-11-26T02:33:55.094Z] 開始執行測試項目 1/10: gVersion 版號測試
[2025-11-26T02:33:55.101Z] 測試項目 1/10 完成
[2025-11-26T02:33:55.103Z] 開始執行測試項目 2/10: Stream n'Spin 彈窗測試
[2025-11-26T02:33:55.105Z] 開始 Stream n'Spin 彈窗測試...
[2025-11-26T02:33:56.485Z] 測試項目 2/10 完成
[2025-11-26T02:33:56.490Z] 開始執行測試項目 3/10: 更名功能測試
[2025-11-26T02:33:56.501Z] 開始更名功能測試 (點擊帳號名稱 -> 開啟視窗 -> 點擊 X 關閉)...
[2025-11-26T02:33:59.249Z] 測試項目 3/10 完成
[2025-11-26T02:33:59.251Z] 開始執行測試項目 4/10: 排序按鈕測試
[2025-11-26T02:33:59.253Z] 開始排序按鈕測試...
[2025-11-26T02:34:05.399Z] 測試項目 4/10 完成
[2025-11-26T02:34:05.403Z] 開始執行測試項目 5/10: Promotion 圖片檢查
[2025-11-26T02:34:05.406Z] 開始 Promotion 圖片檢查...
[2025-11-26T02:34:08.231Z] 測試項目 5/10 完成
[2025-11-26T02:34:08.233Z] 開始執行測試項目 6/10: All Streamers 圖片檢查
[2025-11-26T02:34:08.235Z] 開始 All Streamers 圖片檢查...
[2025-11-26T02:34:09.994Z] 測試項目 6/10 完成
[2025-11-26T02:34:09.996Z] 開始執行測試項目 7/10: All Streamers 排列按鈕測試
[2025-11-26T02:34:10.000Z] 開始 All Streamers 排列按鈕測試...
[2025-11-26T02:34:16.186Z] 測試項目 7/10 完成
[2025-11-26T02:34:16.697Z] 開始執行測試項目 8/10: 直播主介紹卡片點擊測試
[2025-11-26T02:34:16.700Z] 開始直播主介紹卡片點擊測試...
[2025-11-26T02:34:23.014Z] 測試項目 8/10 完成
[2025-11-26T02:34:23.017Z] 開始執行測試項目 9/10: 排行榜檢查
[2025-11-26T02:34:23.020Z] 開始排行榜檢查...
[2025-11-26T02:34:24.294Z] 滾動到 All Times 區域 (y: 340)...
[2025-11-26T02:34:25.806Z] 移動滑鼠到 All Times 區域 (座標: 32, 340)...
[2025-11-26T02:34:26.648Z] 已截圖 All Times 區域: C:\Users\penny\OneDrive\Desktop\stream-lobby\debug\ranking-all-times-2025-11-26T02-33-48-384Z.png
[2025-11-26T02:34:26.649Z] 檢查 All Times 資料...
[2025-11-26T02:34:26.660Z] 滾動到 Weekly Ranking 區域 (y: 412)...
[2025-11-26T02:34:28.200Z] 移動滑鼠到 Weekly Ranking 區域 (座標: 50, 412)...
[2025-11-26T02:34:29.055Z] 已截圖 Weekly Ranking 區域: C:\Users\penny\OneDrive\Desktop\stream-lobby\debug\ranking-weekly-2025-11-26T02-33-48-384Z.png
[2025-11-26T02:34:29.057Z] 檢查 Weekly Ranking 資料...
[2025-11-26T02:34:29.350Z] 測試項目 9/10 完成
[2025-11-26T02:34:29.351Z] 開始執行測試項目 10/10: 直播主照片檢查
[2025-11-26T02:34:29.352Z] 開始直播主照片檢查...
[2025-11-26T02:34:30.636Z] 點擊 Photo 分頁...
[2025-11-26T02:34:30.642Z] 滾動到頁面頂部...
[2025-11-26T02:34:31.715Z] ✓ Photo 按鈕已點擊 (Photo) at (888, 536)
[2025-11-26T02:34:34.112Z] 頁面切換驗證: Photo按鈕選中=true, Profile按鈕選中=false
[2025-11-26T02:34:34.113Z] ✓ 已成功切換到 Photo 頁面
[2025-11-26T02:34:34.114Z] 點擊照片區域...
[2025-11-26T02:34:34.115Z] 照片區域位置: x=16, y=260, 寬=314, 高=314
[2025-11-26T02:34:34.117Z] 照片區域中心點: (173, 417)
[2025-11-26T02:34:34.119Z] 滾動到照片區域 (y: 260)...
[2025-11-26T02:34:34.122Z] ERROR: 直播主照片檢查錯誤: {}
[2025-11-26T02:34:34.134Z] 測試項目 10/10 完成
[2025-11-26T02:34:34.135Z] 所有測試項目執行完成
[2025-11-26T02:34:34.136Z] ✅ 所有 10 個測試項目都已執行
[2025-11-26T02:35:01.263Z] 開始執行測試項目 1/10: gVersion 版號測試
[2025-11-26T02:35:01.266Z] 測試項目 1/10 完成
[2025-11-26T02:35:01.266Z] 開始執行測試項目 2/10: Stream n'Spin 彈窗測試
[2025-11-26T02:35:01.266Z] 開始 Stream n'Spin 彈窗測試...
[2025-11-26T02:35:04.176Z] 測試項目 2/10 完成
[2025-11-26T02:35:04.177Z] 開始執行測試項目 3/10: 更名功能測試
[2025-11-26T02:35:04.177Z] 開始更名功能測試 (點擊帳號名稱 -> 開啟視窗 -> 點擊 X 關閉)...
[2025-11-26T02:35:06.699Z] 測試項目 3/10 完成
[2025-11-26T02:35:06.699Z] 開始執行測試項目 4/10: 排序按鈕測試
[2025-11-26T02:35:06.700Z] 開始排序按鈕測試...
[2025-11-26T02:35:12.558Z] 測試項目 4/10 完成
[2025-11-26T02:35:12.559Z] 開始執行測試項目 5/10: Promotion 圖片檢查
[2025-11-26T02:35:12.560Z] 開始 Promotion 圖片檢查...
[2025-11-26T02:35:15.103Z] 測試項目 5/10 完成
[2025-11-26T02:35:15.104Z] 開始執行測試項目 6/10: All Streamers 圖片檢查
[2025-11-26T02:35:15.105Z] 開始 All Streamers 圖片檢查...
[2025-11-26T02:35:16.669Z] 測試項目 6/10 完成
[2025-11-26T02:35:16.671Z] 開始執行測試項目 7/10: All Streamers 排列按鈕測試
[2025-11-26T02:35:16.672Z] 開始 All Streamers 排列按鈕測試...
[2025-11-26T02:35:22.545Z] 測試項目 7/10 完成
[2025-11-26T02:35:23.047Z] 開始執行測試項目 8/10: 直播主介紹卡片點擊測試
[2025-11-26T02:35:23.048Z] 開始直播主介紹卡片點擊測試...
[2025-11-26T02:35:29.055Z] 測試項目 8/10 完成
[2025-11-26T02:35:29.056Z] 開始執行測試項目 9/10: 排行榜檢查
[2025-11-26T02:35:29.056Z] 開始排行榜檢查...
[2025-11-26T02:35:30.259Z] 滾動到 All Times 區域 (y: 340)...
[2025-11-26T02:35:31.774Z] 移動滑鼠到 All Times 區域 (座標: 32, 340)...
[2025-11-26T02:35:32.523Z] 已截圖 All Times 區域: C:\Users\penny\OneDrive\Desktop\stream-lobby\debug\ranking-all-times-2025-11-26T02-34-52-800Z.png
[2025-11-26T02:35:32.524Z] 檢查 All Times 資料...
[2025-11-26T02:35:32.528Z] 滾動到 Weekly Ranking 區域 (y: 412)...
[2025-11-26T02:35:34.038Z] 移動滑鼠到 Weekly Ranking 區域 (座標: 50, 412)...
[2025-11-26T02:35:34.719Z] 已截圖 Weekly Ranking 區域: C:\Users\penny\OneDrive\Desktop\stream-lobby\debug\ranking-weekly-2025-11-26T02-34-52-800Z.png
[2025-11-26T02:35:34.720Z] 檢查 Weekly Ranking 資料...
[2025-11-26T02:35:34.874Z] 測試項目 9/10 完成
[2025-11-26T02:35:34.875Z] 開始執行測試項目 10/10: 直播主照片檢查
[2025-11-26T02:35:34.875Z] 開始直播主照片檢查...
[2025-11-26T02:35:36.078Z] 點擊 Photo 分頁...
[2025-11-26T02:35:36.080Z] 滾動到頁面頂部...
[2025-11-26T02:35:37.090Z] ✓ Photo 按鈕已點擊 (Photo) at (888, 536)
[2025-11-26T02:35:39.385Z] 頁面切換驗證: Photo按鈕選中=true, Profile按鈕選中=false
[2025-11-26T02:35:39.386Z] ✓ 已成功切換到 Photo 頁面
[2025-11-26T02:35:39.387Z] 點擊照片區域...
[2025-11-26T02:35:39.387Z] 照片區域位置: x=16, y=260, 寬=314, 高=314
[2025-11-26T02:35:39.387Z] 照片區域中心點: (173, 417)
[2025-11-26T02:35:39.388Z] 滾動到照片區域 (y: 260)...
[2025-11-26T02:35:39.389Z] ERROR: 直播主照片檢查錯誤: {}
[2025-11-26T02:35:39.390Z] 測試項目 10/10 完成
[2025-11-26T02:35:39.391Z] 所有測試項目執行完成
[2025-11-26T02:35:39.391Z] ✅ 所有 10 個測試項目都已執行
