[2025-11-25T08:51:57.401Z] 📝 日誌文件已創建: C:\Users\penny\OneDrive\Desktop\stream-lobby\logs\server-2025-11-25T08-51-57-399Z.log
[2025-11-25T08:51:57.420Z] 
🚀 檢查工具伺服器運行在 http://localhost:3000
[2025-11-25T08:51:57.428Z] ━━━━━━━━━━━━━━━━━━━━━━━━━━━━━━━━━━━━━━
[2025-11-25T08:51:57.431Z] 📋 測試工具 1 (7項測試): http://localhost:3000/
[2025-11-25T08:51:57.434Z] 🎮 測試工具 2 (10項測試): http://localhost:3000/test2.html
[2025-11-25T08:51:57.436Z] ━━━━━━━━━━━━━━━━━━━━━━━━━━━━━━━━━━━━━━
[2025-11-25T08:51:57.446Z] 📝 所有日誌將保存到: C:\Users\penny\OneDrive\Desktop\stream-lobby\logs\server-2025-11-25T08-51-57-399Z.log

[2025-11-25T08:54:11.381Z] 開始執行測試項目 1/9: gVersion 版號測試
[2025-11-25T08:54:11.388Z] 測試項目 1/9 完成
[2025-11-25T08:54:11.389Z] 開始執行測試項目 2/9: Stream n'Spin 彈窗測試
[2025-11-25T08:54:11.392Z] 開始 Stream n'Spin 彈窗測試...
[2025-11-25T08:54:12.901Z] 測試項目 2/9 完成
[2025-11-25T08:54:12.904Z] 開始執行測試項目 3/9: 更名功能測試
[2025-11-25T08:54:12.908Z] 開始更名功能測試 (點擊帳號名稱 -> 開啟視窗 -> 點擊 X 關閉)...
[2025-11-25T08:54:15.991Z] 測試項目 3/9 完成
[2025-11-25T08:54:15.994Z] 開始執行測試項目 4/8: 排序按鈕測試
[2025-11-25T08:54:16.001Z] 開始排序按鈕測試...
[2025-11-25T08:54:22.692Z] 測試項目 4/9 完成
[2025-11-25T08:54:22.695Z] 開始執行測試項目 5/9: Promotion 圖片檢查
[2025-11-25T08:54:22.698Z] 開始 Promotion 圖片檢查...
[2025-11-25T08:54:25.690Z] 測試項目 5/9 完成
[2025-11-25T08:54:25.696Z] 開始執行測試項目 6/9: All Streamers 圖片檢查
[2025-11-25T08:54:25.714Z] 開始 All Streamers 圖片檢查...
[2025-11-25T08:54:27.754Z] 測試項目 6/9 完成
[2025-11-25T08:54:27.757Z] 開始執行測試項目 7/9: All Streamers 排列按鈕測試
[2025-11-25T08:54:27.762Z] 開始 All Streamers 排列按鈕測試...
[2025-11-25T08:54:34.374Z] 測試項目 7/9 完成
[2025-11-25T08:54:34.891Z] 開始執行測試項目 8/9: 直播主介紹卡片點擊測試
[2025-11-25T08:54:34.893Z] 開始直播主介紹卡片點擊測試...
[2025-11-25T08:54:41.203Z] 測試項目 8/9 完成
[2025-11-25T08:54:41.205Z] 開始執行測試項目 9/9: 排行榜檢查
[2025-11-25T08:54:41.206Z] 開始排行榜檢查...
[2025-11-25T08:54:42.640Z] 滾動到 All Times 區域 (y: 340)...
[2025-11-25T08:54:44.179Z] 移動滑鼠到 All Times 區域 (座標: 32, 340)...
[2025-11-25T08:54:45.082Z] 已截圖 All Times 區域: C:\Users\penny\OneDrive\Desktop\stream-lobby\debug\ranking-all-times-2025-11-25T08-54-03-652Z.png
[2025-11-25T08:54:45.085Z] 檢查 All Times 資料...
[2025-11-25T08:54:45.100Z] All Times 檢查結果: {
  "found": true,
  "hasData": true,
  "textContent": "All Timestrytry01$2,012,000Ash2248$1,110,000Victor8147$601,000",
  "textLength": 62
}
[2025-11-25T08:54:45.111Z] 滾動到 Weekly Ranking 區域 (y: 412)...
[2025-11-25T08:54:46.628Z] 移動滑鼠到 Weekly Ranking 區域 (座標: 50, 412)...
[2025-11-25T08:54:47.572Z] 已截圖 Weekly Ranking 區域: C:\Users\penny\OneDrive\Desktop\stream-lobby\debug\ranking-weekly-2025-11-25T08-54-03-652Z.png
[2025-11-25T08:54:47.572Z] 檢查 Weekly Ranking 資料...
[2025-11-25T08:54:47.587Z] Weekly Ranking 檢查結果: {
  "found": true,
  "hasData": true,
  "textContent": "All Timestrytry01$2,012,000Ash2248$1,110,000Victor8147$601,000",
  "textLength": 62
}
[2025-11-25T08:54:47.975Z] 測試項目 9/9 完成
[2025-11-25T08:54:47.977Z] 所有測試項目執行完成
[2025-11-25T08:54:47.978Z] ✅ 所有 9 個測試項目都已執行
