[2025-11-24T09:02:54.838Z] 📝 日誌文件已創建: C:\Users\penny\OneDrive\Desktop\stream-lobby\logs\server-2025-11-24T09-02-54-833Z.log
[2025-11-24T09:02:54.858Z] 
🚀 檢查工具伺服器運行在 http://localhost:3000
[2025-11-24T09:02:54.861Z] ━━━━━━━━━━━━━━━━━━━━━━━━━━━━━━━━━━━━━━
[2025-11-24T09:02:54.863Z] 📋 測試工具 1 (7項測試): http://localhost:3000/
[2025-11-24T09:02:54.866Z] 🎮 測試工具 2 (10項測試): http://localhost:3000/test2.html
[2025-11-24T09:02:54.868Z] ━━━━━━━━━━━━━━━━━━━━━━━━━━━━━━━━━━━━━━
[2025-11-24T09:02:54.871Z] 📝 所有日誌將保存到: C:\Users\penny\OneDrive\Desktop\stream-lobby\logs\server-2025-11-24T09-02-54-833Z.log

[2025-11-24T09:03:20.236Z] 開始執行測試項目 1/9: gVersion 版號測試
[2025-11-24T09:03:20.252Z] 測試項目 1/9 完成
[2025-11-24T09:03:20.255Z] 開始執行測試項目 2/9: Stream n'Spin 彈窗測試
[2025-11-24T09:03:20.258Z] 開始 Stream n'Spin 彈窗測試...
[2025-11-24T09:03:24.027Z] 測試項目 2/9 完成
[2025-11-24T09:03:24.030Z] 開始執行測試項目 3/9: 更名功能測試
[2025-11-24T09:03:24.033Z] 開始更名功能測試 (點擊帳號名稱 -> 開啟視窗 -> 點擊 X 關閉)...
[2025-11-24T09:03:27.682Z] 測試項目 3/9 完成
[2025-11-24T09:03:27.684Z] 開始執行測試項目 4/9: 排序按鈕測試
[2025-11-24T09:03:27.689Z] 開始排序按鈕測試...
[2025-11-24T09:03:34.814Z] 測試項目 4/9 完成
[2025-11-24T09:03:34.817Z] 開始執行測試項目 5/9: Promotion 圖片檢查
[2025-11-24T09:03:34.820Z] 開始 Promotion 圖片檢查...
[2025-11-24T09:03:38.296Z] 測試項目 5/9 完成
[2025-11-24T09:03:38.298Z] 開始執行測試項目 6/9: All Streamers 圖片檢查
[2025-11-24T09:03:38.302Z] 開始 All Streamers 圖片檢查...
[2025-11-24T09:03:40.672Z] 測試項目 6/9 完成
[2025-11-24T09:03:40.681Z] 開始執行測試項目 7/9: All Streamers 排列按鈕測試
[2025-11-24T09:03:40.685Z] 開始 All Streamers 排列按鈕測試...
[2025-11-24T09:03:47.924Z] 測試項目 7/9 完成
[2025-11-24T09:03:48.483Z] 開始執行測試項目 8/9: 直播主介紹卡片點擊測試
[2025-11-24T09:03:48.488Z] 開始直播主介紹卡片點擊測試...
[2025-11-24T09:03:55.456Z] 測試項目 8/9 完成
[2025-11-24T09:03:55.462Z] 開始執行測試項目 9/9: 排行榜檢查
[2025-11-24T09:03:55.466Z] 開始排行榜檢查...
[2025-11-24T09:03:56.999Z] 滾動到 All Times 區域...
[2025-11-24T09:03:58.523Z] 滑鼠移到 All Times 區域 (座標: 16, 112)...
[2025-11-24T09:03:59.070Z] 檢查 All Times 資料...
[2025-11-24T09:03:59.192Z] 查找 Weekly Ranking 元素位置...
[2025-11-24T09:03:59.207Z] 滾動到 Weekly Ranking 區域...
[2025-11-24T09:04:00.727Z] 滑鼠移到 Weekly Ranking 區域 (座標: 683, 1097.9765625)...
[2025-11-24T09:04:01.260Z] 檢查 Weekly Ranking 資料...
[2025-11-24T09:04:03.443Z] 測試項目 9/9 完成
[2025-11-24T09:04:03.446Z] 所有測試項目執行完成
[2025-11-24T09:04:03.457Z] ✅ 所有 9 個測試項目都已執行
[2025-11-24T09:06:18.571Z] 開始執行測試項目 1/9: gVersion 版號測試
[2025-11-24T09:06:18.583Z] 測試項目 1/9 完成
[2025-11-24T09:06:18.585Z] 開始執行測試項目 2/9: Stream n'Spin 彈窗測試
[2025-11-24T09:06:18.587Z] 開始 Stream n'Spin 彈窗測試...
[2025-11-24T09:06:20.349Z] 測試項目 2/9 完成
[2025-11-24T09:06:20.353Z] 開始執行測試項目 3/9: 更名功能測試
[2025-11-24T09:06:20.357Z] 開始更名功能測試 (點擊帳號名稱 -> 開啟視窗 -> 點擊 X 關閉)...
[2025-11-24T09:06:24.105Z] 測試項目 3/9 完成
[2025-11-24T09:06:24.106Z] 開始執行測試項目 4/9: 排序按鈕測試
[2025-11-24T09:06:24.110Z] 開始排序按鈕測試...
[2025-11-24T09:06:31.324Z] 測試項目 4/9 完成
[2025-11-24T09:06:31.328Z] 開始執行測試項目 5/9: Promotion 圖片檢查
[2025-11-24T09:06:31.334Z] 開始 Promotion 圖片檢查...
[2025-11-24T09:06:34.727Z] 測試項目 5/9 完成
[2025-11-24T09:06:34.730Z] 開始執行測試項目 6/9: All Streamers 圖片檢查
[2025-11-24T09:06:34.732Z] 開始 All Streamers 圖片檢查...
[2025-11-24T09:06:37.216Z] 測試項目 6/9 完成
[2025-11-24T09:06:37.311Z] 開始執行測試項目 7/9: All Streamers 排列按鈕測試
[2025-11-24T09:06:37.319Z] 開始 All Streamers 排列按鈕測試...
[2025-11-24T09:06:44.380Z] 測試項目 7/9 完成
[2025-11-24T09:06:44.899Z] 開始執行測試項目 8/9: 直播主介紹卡片點擊測試
[2025-11-24T09:06:44.902Z] 開始直播主介紹卡片點擊測試...
[2025-11-24T09:06:51.750Z] 測試項目 8/9 完成
[2025-11-24T09:06:51.752Z] 開始執行測試項目 9/9: 排行榜檢查
[2025-11-24T09:06:51.753Z] 開始排行榜檢查...
[2025-11-24T09:06:53.253Z] 滾動到 All Times 區域...
[2025-11-24T09:06:54.776Z] 滑鼠移到 All Times 區域 (座標: 16, 112)...
[2025-11-24T09:06:55.369Z] 檢查 All Times 資料...
[2025-11-24T09:06:55.419Z] 查找 Weekly Ranking 元素位置...
[2025-11-24T09:06:55.424Z] 滾動到 Weekly Ranking 區域...
[2025-11-24T09:06:56.948Z] 滑鼠移到 Weekly Ranking 區域 (座標: 683, 1097.9765625)...
[2025-11-24T09:06:57.490Z] 檢查 Weekly Ranking 資料...
[2025-11-24T09:06:59.584Z] 測試項目 9/9 完成
[2025-11-24T09:06:59.587Z] 所有測試項目執行完成
[2025-11-24T09:06:59.590Z] ✅ 所有 9 個測試項目都已執行
