[2025-11-24T08:53:40.851Z] 📝 日誌文件已創建: C:\Users\penny\OneDrive\Desktop\stream-lobby\logs\server-2025-11-24T08-53-40-850Z.log
[2025-11-24T08:53:40.857Z] 
🚀 檢查工具伺服器運行在 http://localhost:3000
[2025-11-24T08:53:40.858Z] ━━━━━━━━━━━━━━━━━━━━━━━━━━━━━━━━━━━━━━
[2025-11-24T08:53:40.858Z] 📋 測試工具 1 (7項測試): http://localhost:3000/
[2025-11-24T08:53:40.859Z] 🎮 測試工具 2 (10項測試): http://localhost:3000/test2.html
[2025-11-24T08:53:40.860Z] ━━━━━━━━━━━━━━━━━━━━━━━━━━━━━━━━━━━━━━
[2025-11-24T08:53:40.861Z] 📝 所有日誌將保存到: C:\Users\penny\OneDrive\Desktop\stream-lobby\logs\server-2025-11-24T08-53-40-850Z.log

[2025-11-24T08:54:05.494Z] 開始執行測試項目 1/9: gVersion 版號測試
[2025-11-24T08:54:05.496Z] 測試項目 1/9 完成
[2025-11-24T08:54:05.496Z] 開始執行測試項目 2/9: Stream n'Spin 彈窗測試
[2025-11-24T08:54:05.497Z] 開始 Stream n'Spin 彈窗測試...
[2025-11-24T08:54:08.399Z] 測試項目 2/9 完成
[2025-11-24T08:54:08.400Z] 開始執行測試項目 3/9: 更名功能測試
[2025-11-24T08:54:08.401Z] 開始更名功能測試 (點擊帳號名稱 -> 開啟視窗 -> 點擊 X 關閉)...
[2025-11-24T08:54:10.864Z] 測試項目 3/9 完成
[2025-11-24T08:54:10.864Z] 開始執行測試項目 4/9: 排序按鈕測試
[2025-11-24T08:54:10.865Z] 開始排序按鈕測試...
[2025-11-24T08:54:16.587Z] 測試項目 4/9 完成
[2025-11-24T08:54:16.588Z] 開始執行測試項目 5/9: Promotion 圖片檢查
[2025-11-24T08:54:16.589Z] 開始 Promotion 圖片檢查...
[2025-11-24T08:54:19.121Z] 測試項目 5/9 完成
[2025-11-24T08:54:19.121Z] 開始執行測試項目 6/9: All Streamers 圖片檢查
[2025-11-24T08:54:19.122Z] 開始 All Streamers 圖片檢查...
[2025-11-24T08:54:20.640Z] 測試項目 6/9 完成
[2025-11-24T08:54:20.641Z] 開始執行測試項目 7/9: All Streamers 排列按鈕測試
[2025-11-24T08:54:20.642Z] 開始 All Streamers 排列按鈕測試...
[2025-11-24T08:54:26.359Z] 測試項目 7/9 完成
[2025-11-24T08:54:26.861Z] 開始執行測試項目 8/9: 直播主介紹卡片點擊測試
[2025-11-24T08:54:26.863Z] 開始直播主介紹卡片點擊測試...
[2025-11-24T08:54:32.843Z] 測試項目 8/9 完成
[2025-11-24T08:54:32.844Z] 開始執行測試項目 9/9: 排行榜檢查
[2025-11-24T08:54:32.844Z] 開始排行榜檢查...
[2025-11-24T08:54:34.039Z] 檢查 All Times 資料...
[2025-11-24T08:54:35.554Z] 滑鼠移到 Weekly Ranking 區域...
[2025-11-24T08:54:36.069Z] 檢查 Weekly Ranking 資料...
[2025-11-24T08:54:37.768Z] 測試項目 9/9 完成
[2025-11-24T08:54:37.769Z] 所有測試項目執行完成
[2025-11-24T08:54:37.769Z] ✅ 所有 9 個測試項目都已執行
[2025-11-24T08:59:14.226Z] 開始執行測試項目 1/9: gVersion 版號測試
[2025-11-24T08:59:14.238Z] 測試項目 1/9 完成
[2025-11-24T08:59:14.240Z] 開始執行測試項目 2/9: Stream n'Spin 彈窗測試
[2025-11-24T08:59:14.242Z] 開始 Stream n'Spin 彈窗測試...
[2025-11-24T08:59:18.045Z] 測試項目 2/9 完成
[2025-11-24T08:59:18.049Z] 開始執行測試項目 3/9: 更名功能測試
[2025-11-24T08:59:18.053Z] 開始更名功能測試 (點擊帳號名稱 -> 開啟視窗 -> 點擊 X 關閉)...
[2025-11-24T08:59:21.263Z] 測試項目 3/9 完成
[2025-11-24T08:59:21.277Z] 開始執行測試項目 4/9: 排序按鈕測試
[2025-11-24T08:59:21.279Z] 開始排序按鈕測試...
[2025-11-24T08:59:28.106Z] 測試項目 4/9 完成
[2025-11-24T08:59:28.107Z] 開始執行測試項目 5/9: Promotion 圖片檢查
[2025-11-24T08:59:28.109Z] 開始 Promotion 圖片檢查...
[2025-11-24T08:59:31.569Z] 測試項目 5/9 完成
[2025-11-24T08:59:31.572Z] 開始執行測試項目 6/9: All Streamers 圖片檢查
[2025-11-24T08:59:31.574Z] 開始 All Streamers 圖片檢查...
[2025-11-24T08:59:33.937Z] 測試項目 6/9 完成
[2025-11-24T08:59:33.949Z] 開始執行測試項目 7/9: All Streamers 排列按鈕測試
[2025-11-24T08:59:33.951Z] 開始 All Streamers 排列按鈕測試...
[2025-11-24T08:59:40.841Z] 測試項目 7/9 完成
[2025-11-24T08:59:41.360Z] 開始執行測試項目 8/9: 直播主介紹卡片點擊測試
[2025-11-24T08:59:41.366Z] 開始直播主介紹卡片點擊測試...
[2025-11-24T08:59:48.066Z] 測試項目 8/9 完成
[2025-11-24T08:59:48.071Z] 開始執行測試項目 9/9: 排行榜檢查
[2025-11-24T08:59:48.092Z] 開始排行榜檢查...
[2025-11-24T08:59:49.672Z] 檢查 All Times 資料...
[2025-11-24T08:59:51.201Z] 滑鼠移到 Weekly Ranking 區域...
[2025-11-24T08:59:51.745Z] 檢查 Weekly Ranking 資料...
[2025-11-24T08:59:53.732Z] 測試項目 9/9 完成
[2025-11-24T08:59:53.734Z] 所有測試項目執行完成
[2025-11-24T08:59:53.736Z] ✅ 所有 9 個測試項目都已執行
