[2025-11-24T06:33:28.941Z] 📝 日誌文件已創建: C:\Users\penny\OneDrive\Desktop\stream-lobby\logs\server-2025-11-24T06-33-28-938Z.log
[2025-11-24T06:33:28.953Z] 
🚀 檢查工具伺服器運行在 http://localhost:3000
[2025-11-24T06:33:28.958Z] ━━━━━━━━━━━━━━━━━━━━━━━━━━━━━━━━━━━━━━
[2025-11-24T06:33:28.960Z] 📋 測試工具 1 (7項測試): http://localhost:3000/
[2025-11-24T06:33:28.962Z] 🎮 測試工具 2 (10項測試): http://localhost:3000/test2.html
[2025-11-24T06:33:28.963Z] ━━━━━━━━━━━━━━━━━━━━━━━━━━━━━━━━━━━━━━
[2025-11-24T06:33:28.964Z] 📝 所有日誌將保存到: C:\Users\penny\OneDrive\Desktop\stream-lobby\logs\server-2025-11-24T06-33-28-938Z.log

[2025-11-24T06:34:31.766Z] ✅ 找到 Spin Round 初始值: 50
[2025-11-24T06:34:35.655Z] ✅ 找到 Spin Round 初始值: 1000
[2025-11-24T06:34:51.864Z] ✅ 找到聊天輸入欄位，位置: (1169, 736)
[2025-11-24T06:34:52.270Z] 📝 已輸入文字: SNS-Test
[2025-11-24T06:34:54.106Z] ✅✅✅ 所有測試完成！瀏覽器保持開啟，停留在新視窗...
[2025-11-24T06:34:54.108Z] ⚠️  請手動關閉瀏覽器
[2025-11-24T06:39:35.843Z] ✅ 找到 Spin Round 初始值: 50
[2025-11-24T06:39:39.665Z] ✅ 找到 Spin Round 初始值: 1000
[2025-11-24T06:39:55.527Z] ✅ 找到聊天輸入欄位，位置: (1169, 736)
[2025-11-24T06:39:55.753Z] 📝 已輸入文字: SNS-Test
[2025-11-24T06:39:57.497Z] ⚠️  測試未完全成功，瀏覽器保持開啟 60 秒以供檢查...
[2025-11-24T06:39:57.498Z]    1️⃣ Stream n'Spin 彈窗: ✅
[2025-11-24T06:39:57.499Z]    2️⃣ 點擊 LIVE 卡片: ✅
[2025-11-24T06:39:57.499Z]    3️⃣ 新視窗開啟: ✅
[2025-11-24T06:39:57.499Z]    4️⃣ Cara Bermain 關閉: ❌
[2025-11-24T06:39:57.500Z]    5️⃣ gVersion 檢測: ✅
[2025-11-24T06:39:57.500Z]    7️⃣ MAX 按鈕（3M）: ✅
[2025-11-24T06:39:57.501Z]    8️⃣ MIN 按鈕（200）: ✅
[2025-11-24T06:39:57.501Z]    9️⃣ + 按鈕 28 次: ✅
[2025-11-24T06:39:57.502Z]    🔟 - 按鈕 28 次: ✅
[2025-11-24T06:39:57.503Z]    1️⃣1️⃣ Spin Round + 按鈕 4 次: ✅
[2025-11-24T06:39:57.504Z]    1️⃣2️⃣ Spin Round - 按鈕 5 次: ✅
[2025-11-24T06:39:57.505Z]    1️⃣3️⃣ 點擊綠色 PLAY 鈕: ✅
[2025-11-24T06:39:57.507Z]    1️⃣4️⃣ 送禮測試: ✅
[2025-11-24T06:39:57.508Z]    1️⃣5️⃣ 聊天視窗輸入: ✅
[2025-11-24T06:39:57.509Z] ⏱️  60秒後自動關閉，或請手動關閉瀏覽器...
[2025-11-24T06:40:17.106Z] Browser closed after 60 seconds
[2025-11-24T06:41:03.712Z] ERROR: 測試執行過程中發生錯誤: {}
[2025-11-24T06:41:03.715Z] ⚠️  測試未完全成功，瀏覽器保持開啟 60 秒以供檢查...
[2025-11-24T06:41:03.716Z]    1️⃣ Stream n'Spin 彈窗: ❌
[2025-11-24T06:41:03.716Z]    2️⃣ 點擊 LIVE 卡片: ❌
[2025-11-24T06:41:03.717Z]    3️⃣ 新視窗開啟: ❌
[2025-11-24T06:41:03.718Z]    4️⃣ Cara Bermain 關閉: ❌
[2025-11-24T06:41:03.719Z]    5️⃣ gVersion 檢測: ❌
[2025-11-24T06:41:03.721Z]    7️⃣ MAX 按鈕（3M）: ❌
[2025-11-24T06:41:03.722Z]    8️⃣ MIN 按鈕（200）: ❌
[2025-11-24T06:41:03.723Z]    9️⃣ + 按鈕 28 次: ❌
[2025-11-24T06:41:03.724Z]    🔟 - 按鈕 28 次: ❌
[2025-11-24T06:41:03.725Z]    1️⃣1️⃣ Spin Round + 按鈕 4 次: ❌
[2025-11-24T06:41:03.726Z]    1️⃣2️⃣ Spin Round - 按鈕 5 次: ❌
[2025-11-24T06:41:03.728Z]    1️⃣3️⃣ 點擊綠色 PLAY 鈕: ❌
[2025-11-24T06:41:03.730Z]    1️⃣4️⃣ 送禮測試: ❌
[2025-11-24T06:41:03.733Z]    1️⃣5️⃣ 聊天視窗輸入: ❌
[2025-11-24T06:41:03.734Z] ⏱️  60秒後自動關閉，或請手動關閉瀏覽器...
[2025-11-24T06:41:04.111Z] Browser closed after 60 seconds
[2025-11-24T06:41:52.645Z] ✅ 找到 Spin Round 初始值: 50
[2025-11-24T06:41:56.604Z] ✅ 找到 Spin Round 初始值: 1000
[2025-11-24T06:42:12.797Z] ✅ 找到聊天輸入欄位，位置: (1169, 736)
[2025-11-24T06:42:13.271Z] 📝 已輸入文字: SNS-Test
[2025-11-24T06:42:15.062Z] ✅✅✅ 所有測試完成！瀏覽器保持開啟，停留在新視窗...
[2025-11-24T06:42:15.063Z] ⚠️  請手動關閉瀏覽器
[2025-11-24T06:43:21.668Z] 開始執行測試項目 1/9: gVersion 版號測試
[2025-11-24T06:43:21.671Z] 測試項目 1/9 完成
[2025-11-24T06:43:21.671Z] 開始執行測試項目 2/9: Stream n'Spin 彈窗測試
[2025-11-24T06:43:21.673Z] 開始 Stream n'Spin 彈窗測試...
[2025-11-24T06:43:24.853Z] 測試項目 2/9 完成
[2025-11-24T06:43:24.856Z] 開始執行測試項目 3/9: 更名功能測試
[2025-11-24T06:43:24.858Z] 開始更名功能測試 (點擊帳號名稱 -> 開啟視窗 -> 點擊 X 關閉)...
[2025-11-24T06:43:27.850Z] 測試項目 3/9 完成
[2025-11-24T06:43:27.852Z] 開始執行測試項目 4/9: 排序按鈕測試
[2025-11-24T06:43:27.856Z] 開始排序按鈕測試...
[2025-11-24T06:43:34.054Z] 測試項目 4/9 完成
[2025-11-24T06:43:34.056Z] 開始執行測試項目 5/9: Promotion 圖片檢查
[2025-11-24T06:43:34.058Z] 開始 Promotion 圖片檢查...
[2025-11-24T06:43:36.940Z] 測試項目 5/9 完成
[2025-11-24T06:43:36.940Z] 開始執行測試項目 6/9: All Streamers 圖片檢查
[2025-11-24T06:43:36.944Z] 開始 All Streamers 圖片檢查...
[2025-11-24T06:43:39.035Z] 測試項目 6/9 完成
[2025-11-24T06:43:39.038Z] 開始執行測試項目 7/9: All Streamers 排列按鈕測試
[2025-11-24T06:43:39.039Z] 開始 All Streamers 排列按鈕測試...
[2025-11-24T06:43:45.430Z] 測試項目 7/9 完成
[2025-11-24T06:43:45.938Z] 開始執行測試項目 8/9: 直播主介紹卡片點擊測試
[2025-11-24T06:43:45.942Z] 開始直播主介紹卡片點擊測試...
[2025-11-24T06:43:52.459Z] 測試項目 8/9 完成
[2025-11-24T06:43:52.971Z] 開始執行測試項目 9/9: Lobby 送禮測試
[2025-11-24T06:43:52.977Z] 開始 Lobby 送禮測試...
[2025-11-24T06:43:53.279Z] 禮物按鈕查找結果: {
  "found": true,
  "x": 1047,
  "y": 444,
  "element": "IMG (by selector)",
  "isClickable": true,
  "hasGiftKeyword": true,
  "debug": "使用選擇器找到禮物按鈕"
}
[2025-11-24T06:43:53.822Z] 方法1成功: Playwright 選擇器點擊
[2025-11-24T06:43:54.841Z] 禮物按鈕已點擊，等待禮物清單出現...
[2025-11-24T06:43:55.872Z] 禮物清單檢查結果 (嘗試 1/5): {
  "overlayFound": true,
  "overlayVisible": false,
  "giftGridFound": true,
  "giftGridVisible": true,
  "giftOverlaysFound": 0,
  "giftOverlaysVisible": 0
}
[2025-11-24T06:43:55.875Z] 禮物清單已出現！
[2025-11-24T06:43:56.883Z] 嘗試點擊選中的禮物...
[2025-11-24T06:43:59.223Z] 方法2失敗: page.click: Timeout 2000ms exceeded.
Call log:
  - waiting for locator('#root > div > div > div._overlay_1fh5q_1 > div > div > div._giftGrid_1fh5q_108 > div._giftItem_1fh5q_122._selected_1fh5q_148')

[2025-11-24T06:43:59.874Z] 方法4成功: 點擊第一個禮物來選中它
[2025-11-24T06:44:00.404Z] 方法4成功: 禮物已選中並點擊
[2025-11-24T06:44:00.922Z] 禮物已成功選中（驗證通過）
[2025-11-24T06:44:00.923Z] 禮物已選擇，等待確認按鈕出現...
[2025-11-24T06:44:01.434Z] 禮物選中驗證通過（找到 1 個選中的禮物）
[2025-11-24T06:44:01.442Z] 選中禮物的價格: 無法獲取
[2025-11-24T06:44:01.443Z] 禮物已選中，現在查找並點擊 Confirm 按鈕完成送禮...
[2025-11-24T06:44:01.450Z] Confirm 按鈕檢查結果: {
  "bySelectorFound": true,
  "bySelectorVisible": true,
  "confirmButtonsFound": 1,
  "confirmButtonsVisible": 1,
  "allButtonsCount": 6
}
[2025-11-24T06:44:01.538Z] Confirm 方法1成功: Playwright locator 點擊
[2025-11-24T06:44:01.540Z] ✅ Confirm 按鈕已點擊，送禮完成！等待 Balance 更新...
[2025-11-24T06:44:03.730Z] Balance 檢查: 之前=5133, 之後=5133, 禮物價格=null
[2025-11-24T06:44:03.732Z] Balance 變化: 0
[2025-11-24T06:44:03.735Z] ERROR: Lobby 送禮測試錯誤: {}
[2025-11-24T06:44:03.740Z] 測試項目 9/9 完成
[2025-11-24T06:44:03.743Z] 所有測試項目執行完成
[2025-11-24T06:44:03.746Z] ✅ 所有 9 個測試項目都已執行
[2025-11-24T06:48:59.678Z] ⚠️  測試未完全成功，瀏覽器保持開啟 60 秒以供檢查...
[2025-11-24T06:48:59.679Z]    1️⃣ Stream n'Spin 彈窗: ✅
[2025-11-24T06:48:59.680Z]    2️⃣ 點擊 LIVE 卡片: ✅
[2025-11-24T06:48:59.681Z]    3️⃣ 新視窗開啟: ❌
[2025-11-24T06:48:59.682Z]    4️⃣ Cara Bermain 關閉: ❌
[2025-11-24T06:48:59.684Z]    5️⃣ gVersion 檢測: ❌
[2025-11-24T06:48:59.685Z]    7️⃣ MAX 按鈕（3M）: ❌
[2025-11-24T06:48:59.686Z]    8️⃣ MIN 按鈕（200）: ❌
[2025-11-24T06:48:59.687Z]    9️⃣ + 按鈕 28 次: ❌
[2025-11-24T06:48:59.688Z]    🔟 - 按鈕 28 次: ❌
[2025-11-24T06:48:59.688Z]    1️⃣1️⃣ Spin Round + 按鈕 4 次: ❌
[2025-11-24T06:48:59.689Z]    1️⃣2️⃣ Spin Round - 按鈕 5 次: ❌
[2025-11-24T06:48:59.690Z]    1️⃣3️⃣ 點擊綠色 PLAY 鈕: ❌
[2025-11-24T06:48:59.691Z]    1️⃣4️⃣ 送禮測試: ❌
[2025-11-24T06:48:59.692Z]    1️⃣5️⃣ 聊天視窗輸入: ❌
[2025-11-24T06:48:59.693Z] ⏱️  60秒後自動關閉，或請手動關閉瀏覽器...
[2025-11-24T06:49:15.318Z] Browser closed after 60 seconds
[2025-11-24T06:50:13.421Z] ✅ 找到 Spin Round 初始值: 50
[2025-11-24T06:50:17.435Z] ✅ 找到 Spin Round 初始值: 1000
[2025-11-24T06:50:33.662Z] ✅ 找到聊天輸入欄位，位置: (1169, 736)
[2025-11-24T06:50:33.925Z] 📝 已輸入文字: SNS-Test
[2025-11-24T06:50:35.619Z] ✅✅✅ 所有測試完成！瀏覽器保持開啟，停留在新視窗...
[2025-11-24T06:50:35.620Z] ⚠️  請手動關閉瀏覽器
[2025-11-24T06:51:57.144Z] ✅ 找到 Spin Round 初始值: 50
[2025-11-24T06:52:01.153Z] ✅ 找到 Spin Round 初始值: 1000
[2025-11-24T06:52:17.244Z] ✅ 找到聊天輸入欄位，位置: (1169, 736)
[2025-11-24T06:52:17.554Z] 📝 已輸入文字: SNS-Test
[2025-11-24T06:52:19.269Z] ✅✅✅ 所有測試完成！瀏覽器保持開啟，停留在新視窗...
[2025-11-24T06:52:19.270Z] ⚠️  請手動關閉瀏覽器
[2025-11-24T06:58:00.054Z] ✅ 找到 Spin Round 初始值: 50
[2025-11-24T06:58:04.148Z] ✅ 找到 Spin Round 初始值: 1000
[2025-11-24T06:58:20.583Z] ✅ 找到聊天輸入欄位，位置: (1169, 736)
[2025-11-24T06:58:20.991Z] 📝 已輸入文字: SNS-Test
[2025-11-24T06:58:22.885Z] ✅✅✅ 所有測試完成！瀏覽器保持開啟，停留在新視窗...
[2025-11-24T06:58:22.889Z] ⚠️  請手動關閉瀏覽器
