[2025-11-26T03:44:27.549Z] 📝 日誌文件已創建: C:\Users\penny\OneDrive\Desktop\stream-lobby\logs\server-2025-11-26T03-44-27-548Z.log
[2025-11-26T03:44:27.553Z] 
🚀 檢查工具伺服器運行在 http://localhost:3000
[2025-11-26T03:44:27.554Z] ━━━━━━━━━━━━━━━━━━━━━━━━━━━━━━━━━━━━━━
[2025-11-26T03:44:27.554Z] 📋 測試工具 1 (7項測試): http://localhost:3000/
[2025-11-26T03:44:27.555Z] 🎮 測試工具 2 (10項測試): http://localhost:3000/test2.html
[2025-11-26T03:44:27.556Z] ━━━━━━━━━━━━━━━━━━━━━━━━━━━━━━━━━━━━━━
[2025-11-26T03:44:27.557Z] 📝 所有日誌將保存到: C:\Users\penny\OneDrive\Desktop\stream-lobby\logs\server-2025-11-26T03-44-27-548Z.log

[2025-11-26T03:44:58.746Z] 開始執行測試項目 1/10: gVersion 版號測試
[2025-11-26T03:44:58.753Z] 測試項目 1/10 完成
[2025-11-26T03:44:58.753Z] 開始執行測試項目 2/10: Stream n'Spin 彈窗測試
[2025-11-26T03:44:58.754Z] 開始 Stream n'Spin 彈窗測試...
[2025-11-26T03:45:01.710Z] 測試項目 2/10 完成
[2025-11-26T03:45:01.711Z] 開始執行測試項目 3/10: 更名功能測試
[2025-11-26T03:45:01.713Z] 開始更名功能測試 (點擊帳號名稱 -> 開啟視窗 -> 點擊 X 關閉)...
[2025-11-26T03:45:04.215Z] 測試項目 3/10 完成
[2025-11-26T03:45:04.216Z] 開始執行測試項目 4/10: 排序按鈕測試
[2025-11-26T03:45:04.218Z] 開始排序按鈕測試...
[2025-11-26T03:45:09.922Z] 測試項目 4/10 完成
[2025-11-26T03:45:09.924Z] 開始執行測試項目 5/10: Promotion 圖片檢查
[2025-11-26T03:45:09.925Z] 開始 Promotion 圖片檢查...
[2025-11-26T03:45:11.116Z] 測試項目 5/10 完成
[2025-11-26T03:45:11.117Z] 開始執行測試項目 6/10: All Streamers 圖片檢查
[2025-11-26T03:45:11.118Z] 開始 All Streamers 圖片檢查...
[2025-11-26T03:45:11.911Z] 測試項目 6/10 完成
[2025-11-26T03:45:11.911Z] 開始執行測試項目 7/10: All Streamers 排列按鈕測試
[2025-11-26T03:45:11.912Z] 開始 All Streamers 排列按鈕測試...
[2025-11-26T03:45:17.633Z] 測試項目 7/10 完成
[2025-11-26T03:45:18.148Z] 開始執行測試項目 8/10: 直播主介紹卡片點擊測試
[2025-11-26T03:45:18.153Z] 開始直播主介紹卡片點擊測試...
[2025-11-26T03:45:24.193Z] 測試項目 8/10 完成
[2025-11-26T03:45:24.194Z] 開始執行測試項目 9/10: 排行榜檢查
[2025-11-26T03:45:24.195Z] 開始排行榜檢查...
[2025-11-26T03:45:25.441Z] 滾動到 All Times 區域 (y: 340)...
[2025-11-26T03:45:26.956Z] 移動滑鼠到 All Times 區域 (座標: 32, 340)...
[2025-11-26T03:45:27.677Z] 已截圖 All Times 區域: C:\Users\penny\OneDrive\Desktop\stream-lobby\debug\ranking-all-times-2025-11-26T03-44-51-820Z.png
[2025-11-26T03:45:27.679Z] 檢查 All Times 資料...
[2025-11-26T03:45:27.685Z] 滾動到 Weekly Ranking 區域 (y: 412)...
[2025-11-26T03:45:29.204Z] 移動滑鼠到 Weekly Ranking 區域 (座標: 50, 412)...
[2025-11-26T03:45:29.894Z] 已截圖 Weekly Ranking 區域: C:\Users\penny\OneDrive\Desktop\stream-lobby\debug\ranking-weekly-2025-11-26T03-44-51-820Z.png
[2025-11-26T03:45:29.895Z] 檢查 Weekly Ranking 資料...
[2025-11-26T03:45:30.076Z] 測試項目 9/10 完成
[2025-11-26T03:45:30.077Z] 開始執行測試項目 10/10: 直播主照片檢查
[2025-11-26T03:45:30.078Z] 開始直播主照片檢查...
[2025-11-26T03:45:30.584Z] 尋找 Photo 分頁按鈕...
[2025-11-26T03:45:30.915Z] ✅ 已點擊 Photo 分頁
[2025-11-26T03:45:31.087Z] 已截圖 (切到 Photo 分頁後): C:\Users\penny\OneDrive\Desktop\stream-lobby\debug\photo-after-tab-2025-11-26T03-44-51-820Z.png
[2025-11-26T03:45:31.088Z] 尋找照片 wrapper 元素 (div[class*="_photoImageWrapper_"]) ...
[2025-11-26T03:45:31.099Z] 找到 photo wrapper 元素數量: 3
[2025-11-26T03:45:31.337Z] 已截圖 (點擊前): C:\Users\penny\OneDrive\Desktop\stream-lobby\debug\photo-before-click-2025-11-26T03-44-51-820Z.png
[2025-11-26T03:45:31.704Z] 第 0 個 wrapper 的 boundingBox: {
  "x": 283,
  "y": 298,
  "width": 390,
  "height": 390
}
[2025-11-26T03:45:31.749Z] ✅ 已點擊第 0 個 wrapper（目前累計點擊 1 張）
[2025-11-26T03:45:31.749Z] 🖱️ 滑鼠點擊該 wrapper 中心: (478, 493)
[2025-11-26T03:45:32.969Z] 第 1 個 wrapper 的 boundingBox: {
  "x": 693,
  "y": 298,
  "width": 390,
  "height": 390
}
[2025-11-26T03:45:33.029Z] ✅ 已點擊第 1 個 wrapper（目前累計點擊 2 張）
[2025-11-26T03:45:33.029Z] 🖱️ 滑鼠點擊該 wrapper 中心: (888, 493)
[2025-11-26T03:45:34.063Z] 已截圖 (兩張 wrapper 點擊後): C:\Users\penny\OneDrive\Desktop\stream-lobby\debug\photo-after-click-2025-11-26T03-44-51-820Z.png
[2025-11-26T03:45:34.065Z] ✅ 直播主照片檢查完成，Photo 分頁=true，已點擊 wrapper 數=2
[2025-11-26T03:45:34.066Z] 測試項目 10/10 完成
[2025-11-26T03:45:34.067Z] 所有測試項目執行完成
[2025-11-26T03:45:34.069Z] ✅ 所有 10 個測試項目都已執行
