[2025-11-27T02:40:19.004Z] 📝 日誌文件已創建: C:\Users\penny\OneDrive\Desktop\stream-lobby\logs\server-2025-11-27T02-40-19-003Z.log
[2025-11-27T02:40:19.008Z] 
🚀 檢查工具伺服器運行在 http://localhost:3000
[2025-11-27T02:40:19.009Z] ━━━━━━━━━━━━━━━━━━━━━━━━━━━━━━━━━━━━━━
[2025-11-27T02:40:19.010Z] 📋 測試工具 1 (7項測試): http://localhost:3000/
[2025-11-27T02:40:19.010Z] 🎮 測試工具 2 (10項測試): http://localhost:3000/test2.html
[2025-11-27T02:40:19.011Z] ━━━━━━━━━━━━━━━━━━━━━━━━━━━━━━━━━━━━━━
[2025-11-27T02:40:19.012Z] 📝 所有日誌將保存到: C:\Users\penny\OneDrive\Desktop\stream-lobby\logs\server-2025-11-27T02-40-19-003Z.log

[2025-11-27T02:41:37.748Z] 開始執行測試項目 1/10: gVersion 版號測試
[2025-11-27T02:41:37.754Z] 測試項目 1/10 完成
[2025-11-27T02:41:37.755Z] 開始執行測試項目 2/10: Stream n'Spin 彈窗測試
[2025-11-27T02:41:37.757Z] 開始 Stream n'Spin 彈窗測試...
[2025-11-27T02:41:40.808Z] 測試項目 2/10 完成
[2025-11-27T02:41:40.809Z] 開始執行測試項目 3/10: 更名功能測試
[2025-11-27T02:41:40.812Z] 開始更名功能測試 (點擊帳號名稱 -> 開啟視窗 -> 點擊 X 關閉)...
[2025-11-27T02:41:42.022Z] 找到輸入框，先清空原本的名字...
[2025-11-27T02:41:42.938Z] 已清空原本名字，截圖: C:\Users\penny\OneDrive\Desktop\stream-lobby\debug\account-name-cleared-2025-11-27T02-41-31-057Z.png
[2025-11-27T02:41:42.939Z] 輸入 IDN...
[2025-11-27T02:41:44.289Z] 已輸入 IDN，截圖: C:\Users\penny\OneDrive\Desktop\stream-lobby\debug\account-name-idn-2025-11-27T02-41-31-057Z.png
[2025-11-27T02:41:44.294Z] ✅ 偵測到錯誤訊息: Ashley5213Balance 30,000,000Streaming Now6 viewersgame018 viewersgame023 viewersgame035 viewersgame044 viewersmanagerPromotionAll Streamersgame01game02game03game04game05managermayStream n' Spin×Please enter your nicknameNickname cannot start with "idn"Confirm
[2025-11-27T02:41:44.295Z] 等待 1 秒...
[2025-11-27T02:41:45.304Z] 刪除 IDN...
[2025-11-27T02:41:45.939Z] 已刪除 IDN，截圖: C:\Users\penny\OneDrive\Desktop\stream-lobby\debug\account-name-deleted-idn-2025-11-27T02-41-31-057Z.png
[2025-11-27T02:41:45.940Z] 生成的隨機名字: Grace2761
[2025-11-27T02:41:45.941Z] 輸入隨機名字...
[2025-11-27T02:41:47.768Z] 已輸入隨機名字，截圖: C:\Users\penny\OneDrive\Desktop\stream-lobby\debug\account-name-random-2025-11-27T02-41-31-057Z.png
[2025-11-27T02:41:49.021Z] 測試項目 3/10 完成
[2025-11-27T02:41:49.022Z] 開始執行測試項目 4/10: 排序按鈕測試
[2025-11-27T02:41:49.023Z] 開始排序按鈕測試...
[2025-11-27T02:41:51.863Z] 測試項目 4/10 完成
[2025-11-27T02:41:51.864Z] 開始執行測試項目 5/10: Promotion 圖片檢查
[2025-11-27T02:41:51.865Z] 開始 Promotion 圖片檢查...
[2025-11-27T02:41:53.038Z] 測試項目 5/10 完成
[2025-11-27T02:41:53.039Z] 開始執行測試項目 6/10: All Streamers 圖片檢查
[2025-11-27T02:41:53.040Z] 開始 All Streamers 圖片檢查...
[2025-11-27T02:41:53.808Z] 測試項目 6/10 完成
[2025-11-27T02:41:53.809Z] 開始執行測試項目 7/10: All Streamers 排列按鈕測試
[2025-11-27T02:41:53.809Z] 開始 All Streamers 排列按鈕測試...
[2025-11-27T02:41:59.620Z] 測試項目 7/10 完成
[2025-11-27T02:42:00.134Z] 開始執行測試項目 8/10: 直播主介紹卡片點擊測試
[2025-11-27T02:42:00.137Z] 開始直播主介紹卡片點擊測試...
[2025-11-27T02:42:06.192Z] 測試項目 8/10 完成
[2025-11-27T02:42:06.193Z] 開始執行測試項目 9/10: 排行榜檢查
[2025-11-27T02:42:06.194Z] 開始排行榜檢查...
[2025-11-27T02:42:07.415Z] 滾動到 All Times 區域 (y: 340)...
[2025-11-27T02:42:08.940Z] 移動滑鼠到 All Times 區域 (座標: 32, 340)...
[2025-11-27T02:42:09.712Z] 已截圖 All Times 區域: C:\Users\penny\OneDrive\Desktop\stream-lobby\debug\ranking-all-times-2025-11-27T02-41-31-057Z.png
[2025-11-27T02:42:09.712Z] 檢查 All Times 資料...
[2025-11-27T02:42:09.720Z] 滾動到 Weekly Ranking 區域 (y: 412)...
[2025-11-27T02:42:11.236Z] 移動滑鼠到 Weekly Ranking 區域 (座標: 50, 412)...
[2025-11-27T02:42:11.899Z] 已截圖 Weekly Ranking 區域: C:\Users\penny\OneDrive\Desktop\stream-lobby\debug\ranking-weekly-2025-11-27T02-41-31-057Z.png
[2025-11-27T02:42:11.900Z] 檢查 Weekly Ranking 資料...
[2025-11-27T02:42:12.105Z] 測試項目 9/10 完成
[2025-11-27T02:42:12.108Z] 開始執行測試項目 10/10: 直播主照片檢查
[2025-11-27T02:42:12.111Z] 開始直播主照片檢查...
[2025-11-27T02:42:12.187Z] 已點擊 Photo 分頁
[2025-11-27T02:42:12.193Z] 找到 3 張照片（含破圖也算）
[2025-11-27T02:42:12.234Z] 照片統計：總數=3，正常=0，破圖=3（第 1、2、3 張為破圖）
[2025-11-27T02:42:12.329Z] 已點擊第 1 張照片
[2025-11-27T02:42:13.354Z] 偵測到照片大圖彈窗，嘗試關閉...
[2025-11-27T02:42:13.376Z] 照片大圖彈窗已透過 Esc 關閉
[2025-11-27T02:42:13.469Z] 已點擊第 2 張照片
[2025-11-27T02:42:14.478Z] 偵測到照片大圖彈窗，嘗試關閉...
[2025-11-27T02:42:14.483Z] 照片大圖彈窗已透過 Esc 關閉
[2025-11-27T02:42:14.483Z] ❌ 照片異常：共 3 張，正常 0 張，破圖 3 張（第 1、2、3 張為破圖）
[2025-11-27T02:42:14.484Z] 測試項目 10/10 完成
[2025-11-27T02:42:14.484Z] 所有測試項目執行完成
[2025-11-27T02:42:14.485Z] ✅ 所有 10 個測試項目都已執行
