[2025-11-27T02:34:21.770Z] 📝 日誌文件已創建: C:\Users\penny\OneDrive\Desktop\stream-lobby\logs\server-2025-11-27T02-34-21-769Z.log
[2025-11-27T02:34:21.775Z] 
🚀 檢查工具伺服器運行在 http://localhost:3000
[2025-11-27T02:34:21.777Z] ━━━━━━━━━━━━━━━━━━━━━━━━━━━━━━━━━━━━━━
[2025-11-27T02:34:21.778Z] 📋 測試工具 1 (7項測試): http://localhost:3000/
[2025-11-27T02:34:21.779Z] 🎮 測試工具 2 (10項測試): http://localhost:3000/test2.html
[2025-11-27T02:34:21.779Z] ━━━━━━━━━━━━━━━━━━━━━━━━━━━━━━━━━━━━━━
[2025-11-27T02:34:21.780Z] 📝 所有日誌將保存到: C:\Users\penny\OneDrive\Desktop\stream-lobby\logs\server-2025-11-27T02-34-21-769Z.log

[2025-11-27T02:35:04.728Z] 開始執行測試項目 1/10: gVersion 版號測試
[2025-11-27T02:35:04.737Z] 測試項目 1/10 完成
[2025-11-27T02:35:04.738Z] 開始執行測試項目 2/10: Stream n'Spin 彈窗測試
[2025-11-27T02:35:04.738Z] 開始 Stream n'Spin 彈窗測試...
[2025-11-27T02:35:05.974Z] 測試項目 2/10 完成
[2025-11-27T02:35:05.974Z] 開始執行測試項目 3/10: 更名功能測試
[2025-11-27T02:35:05.975Z] 開始更名功能測試 (點擊帳號名稱 -> 開啟視窗 -> 點擊 X 關閉)...
[2025-11-27T02:35:10.058Z] 找到輸入框，開始輸入 IDN...
[2025-11-27T02:35:11.718Z] 已輸入 IDN，截圖: C:\Users\penny\OneDrive\Desktop\stream-lobby\debug\account-name-idn-2025-11-27T02-34-48-940Z.png
[2025-11-27T02:35:11.723Z] ⚠️ 未偵測到錯誤訊息
[2025-11-27T02:35:11.724Z] 清空輸入框並生成隨機名字...
[2025-11-27T02:35:11.725Z] 生成的隨機名字: Olivia5035
[2025-11-27T02:35:14.301Z] 已輸入隨機名字，截圖: C:\Users\penny\OneDrive\Desktop\stream-lobby\debug\account-name-random-2025-11-27T02-34-48-940Z.png
[2025-11-27T02:35:15.549Z] 測試項目 3/10 完成
[2025-11-27T02:35:15.550Z] 開始執行測試項目 4/10: 排序按鈕測試
[2025-11-27T02:35:15.551Z] 開始排序按鈕測試...
[2025-11-27T02:35:18.364Z] 測試項目 4/10 完成
[2025-11-27T02:35:18.365Z] 開始執行測試項目 5/10: Promotion 圖片檢查
[2025-11-27T02:35:18.367Z] 開始 Promotion 圖片檢查...
[2025-11-27T02:35:19.525Z] 測試項目 5/10 完成
[2025-11-27T02:35:19.526Z] 開始執行測試項目 6/10: All Streamers 圖片檢查
[2025-11-27T02:35:19.527Z] 開始 All Streamers 圖片檢查...
[2025-11-27T02:35:20.305Z] 測試項目 6/10 完成
[2025-11-27T02:35:20.306Z] 開始執行測試項目 7/10: All Streamers 排列按鈕測試
[2025-11-27T02:35:20.307Z] 開始 All Streamers 排列按鈕測試...
[2025-11-27T02:35:21.110Z] ERROR: 測試項目 7/10 錯誤: {}
[2025-11-27T02:35:21.115Z] ERROR: checkWebsite 外層錯誤（不應影響測試執行）: {}
[2025-11-27T02:35:41.051Z] 開始執行測試項目 1/10: gVersion 版號測試
[2025-11-27T02:35:41.055Z] 測試項目 1/10 完成
[2025-11-27T02:35:41.056Z] 開始執行測試項目 2/10: Stream n'Spin 彈窗測試
[2025-11-27T02:35:41.056Z] 開始 Stream n'Spin 彈窗測試...
[2025-11-27T02:35:42.335Z] 測試項目 2/10 完成
[2025-11-27T02:35:42.335Z] 開始執行測試項目 3/10: 更名功能測試
[2025-11-27T02:35:42.336Z] 開始更名功能測試 (點擊帳號名稱 -> 開啟視窗 -> 點擊 X 關閉)...
[2025-11-27T02:35:43.522Z] 找到輸入框，開始輸入 IDN...
[2025-11-27T02:35:45.173Z] 已輸入 IDN，截圖: C:\Users\penny\OneDrive\Desktop\stream-lobby\debug\account-name-idn-2025-11-27T02-35-31-558Z.png
[2025-11-27T02:35:45.176Z] ⚠️ 未偵測到錯誤訊息
[2025-11-27T02:35:45.177Z] 清空輸入框並生成隨機名字...
[2025-11-27T02:35:45.178Z] 生成的隨機名字: Chris9021
[2025-11-27T02:35:47.675Z] 已輸入隨機名字，截圖: C:\Users\penny\OneDrive\Desktop\stream-lobby\debug\account-name-random-2025-11-27T02-35-31-558Z.png
[2025-11-27T02:35:48.894Z] 測試項目 3/10 完成
[2025-11-27T02:35:48.894Z] 開始執行測試項目 4/10: 排序按鈕測試
[2025-11-27T02:35:48.895Z] 開始排序按鈕測試...
[2025-11-27T02:35:48.975Z] ERROR: 測試項目 4/10 錯誤: {}
[2025-11-27T02:35:48.977Z] 開始執行測試項目 5/10: Promotion 圖片檢查
[2025-11-27T02:35:48.977Z] 開始 Promotion 圖片檢查...
[2025-11-27T02:35:48.980Z] ERROR: Promotion 圖片檢查錯誤: {}
[2025-11-27T02:35:48.981Z] 測試項目 5/10 完成
[2025-11-27T02:35:48.982Z] 開始執行測試項目 6/10: All Streamers 圖片檢查
[2025-11-27T02:35:48.983Z] 開始 All Streamers 圖片檢查...
[2025-11-27T02:35:48.986Z] ERROR: All Streamers 圖片檢查錯誤: {}
[2025-11-27T02:35:48.987Z] 測試項目 6/10 完成
[2025-11-27T02:35:48.987Z] 開始執行測試項目 7/10: All Streamers 排列按鈕測試
[2025-11-27T02:35:48.988Z] 開始 All Streamers 排列按鈕測試...
[2025-11-27T02:35:48.992Z] ERROR: 測試項目 7/10 錯誤: {}
[2025-11-27T02:35:48.994Z] ERROR: checkWebsite 外層錯誤（不應影響測試執行）: {}
