[2025-11-20T03:33:39.703Z] 📝 日誌文件已創建: C:\Users\penny\OneDrive\Desktop\stream-lobby\logs\server-2025-11-20T03-33-39-702Z.log
[2025-11-20T03:33:39.708Z] 
🚀 檢查工具伺服器運行在 http://localhost:3000
[2025-11-20T03:33:39.709Z] ━━━━━━━━━━━━━━━━━━━━━━━━━━━━━━━━━━━━━━
[2025-11-20T03:33:39.709Z] 📋 測試工具 1 (7項測試): http://localhost:3000/
[2025-11-20T03:33:39.710Z] 🎮 測試工具 2 (10項測試): http://localhost:3000/test2.html
[2025-11-20T03:33:39.710Z] ━━━━━━━━━━━━━━━━━━━━━━━━━━━━━━━━━━━━━━
[2025-11-20T03:33:39.711Z] 📝 所有日誌將保存到: C:\Users\penny\OneDrive\Desktop\stream-lobby\logs\server-2025-11-20T03-33-39-702Z.log

[2025-11-20T03:34:00.872Z] 開始執行測試項目 1/9: gVersion 版號測試
[2025-11-20T03:34:00.877Z] 測試項目 1/9 完成
[2025-11-20T03:34:00.879Z] 開始執行測試項目 2/9: Stream n'Spin 彈窗測試
[2025-11-20T03:34:00.880Z] 開始 Stream n'Spin 彈窗測試...
[2025-11-20T03:34:03.881Z] 測試項目 2/9 完成
[2025-11-20T03:34:03.882Z] 開始執行測試項目 3/9: 更名功能測試
[2025-11-20T03:34:03.883Z] 開始更名功能測試 (點擊帳號名稱 -> 開啟視窗 -> 點擊 X 關閉)...
[2025-11-20T03:34:06.380Z] 測試項目 3/9 完成
[2025-11-20T03:34:06.381Z] 開始執行測試項目 4/9: 排序按鈕測試
[2025-11-20T03:34:06.382Z] 開始排序按鈕測試...
[2025-11-20T03:34:12.199Z] 測試項目 4/9 完成
[2025-11-20T03:34:12.199Z] 開始執行測試項目 5/9: Promotion 圖片檢查
[2025-11-20T03:34:12.201Z] 開始 Promotion 圖片檢查...
[2025-11-20T03:34:14.741Z] 測試項目 5/9 完成
[2025-11-20T03:34:14.742Z] 開始執行測試項目 6/9: All Streamers 圖片檢查
[2025-11-20T03:34:14.745Z] 開始 All Streamers 圖片檢查...
[2025-11-20T03:34:16.345Z] 測試項目 6/9 完成
[2025-11-20T03:34:16.346Z] 開始執行測試項目 7/9: All Streamers 排列按鈕測試
[2025-11-20T03:34:16.349Z] 開始 All Streamers 排列按鈕測試...
[2025-11-20T03:34:22.148Z] 測試項目 7/9 完成
[2025-11-20T03:34:22.665Z] 開始執行測試項目 8/9: 直播主介紹卡片點擊測試
[2025-11-20T03:34:22.666Z] 開始直播主介紹卡片點擊測試...
[2025-11-20T03:34:28.714Z] 測試項目 8/9 完成
[2025-11-20T03:34:29.223Z] 開始執行測試項目 9/9: Lobby 送禮測試
[2025-11-20T03:34:29.226Z] 開始 Lobby 送禮測試...
[2025-11-20T03:34:29.435Z] 禮物按鈕查找結果: {
  "found": true,
  "x": 1047,
  "y": 444,
  "element": "IMG (by selector)",
  "isClickable": true,
  "hasGiftKeyword": true,
  "debug": "使用選擇器找到禮物按鈕"
}
[2025-11-20T03:34:29.831Z] 方法1成功: Playwright 選擇器點擊
[2025-11-20T03:34:30.839Z] 禮物按鈕已點擊，等待禮物清單出現...
[2025-11-20T03:34:31.854Z] 禮物清單檢查結果 (嘗試 1/5): {
  "overlayFound": true,
  "overlayVisible": false,
  "giftGridFound": true,
  "giftGridVisible": true,
  "giftOverlaysFound": 0,
  "giftOverlaysVisible": 0
}
[2025-11-20T03:34:31.855Z] 禮物清單已出現！
[2025-11-20T03:34:32.860Z] 嘗試點擊選中的禮物...
[2025-11-20T03:34:35.172Z] 方法2失敗: page.click: Timeout 2000ms exceeded.
Call log:
  - waiting for locator('#root > div > div > div._overlay_1fh5q_1 > div > div > div._giftGrid_1fh5q_108 > div._giftItem_1fh5q_122._selected_1fh5q_148')

[2025-11-20T03:34:35.798Z] 方法4成功: 點擊第一個禮物來選中它
[2025-11-20T03:34:36.311Z] 方法4成功: 禮物已選中並點擊
[2025-11-20T03:34:36.820Z] 禮物已成功選中（驗證通過）
[2025-11-20T03:34:36.820Z] 禮物已選擇，等待確認按鈕出現...
[2025-11-20T03:34:37.342Z] 禮物選中驗證通過（找到 1 個選中的禮物）
[2025-11-20T03:34:37.353Z] 選中禮物的價格: null
[2025-11-20T03:34:37.355Z] 禮物已選中，現在點擊 Confirm 按鈕完成送禮...
[2025-11-20T03:34:37.371Z] Confirm 方法1成功: JavaScript 點擊
[2025-11-20T03:34:37.373Z] ✅ Confirm 按鈕已點擊，送禮完成！等待 Balance 更新...
[2025-11-20T03:34:40.944Z] 警告：禮物清單可能未完全關閉
[2025-11-20T03:34:42.067Z] 檢查 Balance 變化...
[2025-11-20T03:34:42.073Z] Balance 檢查: 之前=5693, 之後=5693, 禮物價格=null
[2025-11-20T03:34:42.073Z] Balance 變化: 0
[2025-11-20T03:34:42.074Z] 測試項目 9/9 完成
[2025-11-20T03:34:42.074Z] 所有測試項目執行完成
[2025-11-20T03:34:42.075Z] ✅ 所有 9 個測試項目都已執行
