[2025-11-26T03:30:58.548Z] 📝 日誌文件已創建: C:\Users\penny\OneDrive\Desktop\stream-lobby\logs\server-2025-11-26T03-30-58-547Z.log
[2025-11-26T03:30:58.554Z] 
🚀 檢查工具伺服器運行在 http://localhost:3000
[2025-11-26T03:30:58.555Z] ━━━━━━━━━━━━━━━━━━━━━━━━━━━━━━━━━━━━━━
[2025-11-26T03:30:58.555Z] 📋 測試工具 1 (7項測試): http://localhost:3000/
[2025-11-26T03:30:58.556Z] 🎮 測試工具 2 (10項測試): http://localhost:3000/test2.html
[2025-11-26T03:30:58.557Z] ━━━━━━━━━━━━━━━━━━━━━━━━━━━━━━━━━━━━━━
[2025-11-26T03:30:58.561Z] 📝 所有日誌將保存到: C:\Users\penny\OneDrive\Desktop\stream-lobby\logs\server-2025-11-26T03-30-58-547Z.log

[2025-11-26T03:31:33.279Z] 開始執行測試項目 1/10: gVersion 版號測試
[2025-11-26T03:31:33.285Z] 測試項目 1/10 完成
[2025-11-26T03:31:33.286Z] 開始執行測試項目 2/10: Stream n'Spin 彈窗測試
[2025-11-26T03:31:33.287Z] 開始 Stream n'Spin 彈窗測試...
[2025-11-26T03:31:36.312Z] 測試項目 2/10 完成
[2025-11-26T03:31:36.313Z] 開始執行測試項目 3/10: 更名功能測試
[2025-11-26T03:31:36.314Z] 開始更名功能測試 (點擊帳號名稱 -> 開啟視窗 -> 點擊 X 關閉)...
[2025-11-26T03:31:38.791Z] 測試項目 3/10 完成
[2025-11-26T03:31:38.793Z] 開始執行測試項目 4/10: 排序按鈕測試
[2025-11-26T03:31:38.794Z] 開始排序按鈕測試...
[2025-11-26T03:31:44.554Z] 測試項目 4/10 完成
[2025-11-26T03:31:44.555Z] 開始執行測試項目 5/10: Promotion 圖片檢查
[2025-11-26T03:31:44.556Z] 開始 Promotion 圖片檢查...
[2025-11-26T03:31:47.186Z] 測試項目 5/10 完成
[2025-11-26T03:31:47.188Z] 開始執行測試項目 6/10: All Streamers 圖片檢查
[2025-11-26T03:31:47.193Z] 開始 All Streamers 圖片檢查...
[2025-11-26T03:31:48.694Z] 測試項目 6/10 完成
[2025-11-26T03:31:48.694Z] 開始執行測試項目 7/10: All Streamers 排列按鈕測試
[2025-11-26T03:31:48.696Z] 開始 All Streamers 排列按鈕測試...
[2025-11-26T03:31:54.523Z] 測試項目 7/10 完成
[2025-11-26T03:31:55.025Z] 開始執行測試項目 8/10: 直播主介紹卡片點擊測試
[2025-11-26T03:31:55.026Z] 開始直播主介紹卡片點擊測試...
[2025-11-26T03:32:01.104Z] 測試項目 8/10 完成
[2025-11-26T03:32:01.105Z] 開始執行測試項目 9/10: 排行榜檢查
[2025-11-26T03:32:01.106Z] 開始排行榜檢查...
[2025-11-26T03:32:02.311Z] 滾動到 All Times 區域 (y: 340)...
[2025-11-26T03:32:03.818Z] 移動滑鼠到 All Times 區域 (座標: 32, 340)...
[2025-11-26T03:32:04.579Z] 已截圖 All Times 區域: C:\Users\penny\OneDrive\Desktop\stream-lobby\debug\ranking-all-times-2025-11-26T03-31-26-680Z.png
[2025-11-26T03:32:04.580Z] 檢查 All Times 資料...
[2025-11-26T03:32:04.588Z] 滾動到 Weekly Ranking 區域 (y: 412)...
[2025-11-26T03:32:06.101Z] 移動滑鼠到 Weekly Ranking 區域 (座標: 50, 412)...
[2025-11-26T03:32:06.785Z] 已截圖 Weekly Ranking 區域: C:\Users\penny\OneDrive\Desktop\stream-lobby\debug\ranking-weekly-2025-11-26T03-31-26-680Z.png
[2025-11-26T03:32:06.786Z] 檢查 Weekly Ranking 資料...
[2025-11-26T03:32:06.963Z] 測試項目 9/10 完成
[2025-11-26T03:32:06.963Z] 開始執行測試項目 10/10: 直播主照片檢查
[2025-11-26T03:32:06.964Z] 開始直播主照片檢查...
[2025-11-26T03:32:07.474Z] 尋找 Photo 分頁按鈕...
[2025-11-26T03:32:07.885Z] ✅ 已點擊 Photo 分頁
[2025-11-26T03:32:08.137Z] 已截圖 (切到 Photo 分頁後): C:\Users\penny\OneDrive\Desktop\stream-lobby\debug\photo-after-tab-2025-11-26T03-31-26-680Z.png
[2025-11-26T03:32:08.138Z] 定位 Photo 區塊並捲動到照片...
[2025-11-26T03:32:09.081Z] 照片元素位置: {
  "x": 353,
  "y": 36,
  "width": 166,
  "height": 24
}
[2025-11-26T03:32:09.272Z] 已截圖 (點擊前): C:\Users\penny\OneDrive\Desktop\stream-lobby\debug\photo-before-click-2025-11-26T03-31-26-680Z.png
[2025-11-26T03:32:09.273Z] 準備點擊照片元素...
[2025-11-26T03:32:09.317Z] ✅ locator.click 已執行
[2025-11-26T03:32:09.318Z] 🖱️ 滑鼠點擊照片中心: (436, 48)
[2025-11-26T03:32:10.595Z] 已截圖 (點擊照片後): C:\Users\penny\OneDrive\Desktop\stream-lobby\debug\photo-after-click-2025-11-26T03-31-26-680Z.png
[2025-11-26T03:32:10.597Z] ✅ 直播主照片檢查完成（分頁 + 照片點擊）
[2025-11-26T03:32:10.598Z] 測試項目 10/10 完成
[2025-11-26T03:32:10.599Z] 所有測試項目執行完成
[2025-11-26T03:32:10.600Z] ✅ 所有 10 個測試項目都已執行
