[2025-11-27T02:50:59.280Z] 📝 日誌文件已創建: C:\Users\penny\OneDrive\Desktop\stream-lobby\logs\server-2025-11-27T02-50-59-279Z.log
[2025-11-27T02:50:59.285Z] 
🚀 檢查工具伺服器運行在 http://localhost:3000
[2025-11-27T02:50:59.286Z] ━━━━━━━━━━━━━━━━━━━━━━━━━━━━━━━━━━━━━━
[2025-11-27T02:50:59.286Z] 📋 測試工具 1 (7項測試): http://localhost:3000/
[2025-11-27T02:50:59.287Z] 🎮 測試工具 2 (10項測試): http://localhost:3000/test2.html
[2025-11-27T02:50:59.288Z] ━━━━━━━━━━━━━━━━━━━━━━━━━━━━━━━━━━━━━━
[2025-11-27T02:50:59.291Z] 📝 所有日誌將保存到: C:\Users\penny\OneDrive\Desktop\stream-lobby\logs\server-2025-11-27T02-50-59-279Z.log

[2025-11-27T02:51:38.123Z] 開始執行測試項目 1/12: gVersion 版號測試
[2025-11-27T02:51:38.127Z] 測試項目 1/12 完成
[2025-11-27T02:51:38.128Z] 開始執行測試項目 2/12: Stream n'Spin 彈窗測試
[2025-11-27T02:51:38.129Z] 開始 Stream n'Spin 彈窗測試...
[2025-11-27T02:51:41.040Z] 測試項目 2/12 完成
[2025-11-27T02:51:41.040Z] 開始執行測試項目 3/12: 更名功能測試
[2025-11-27T02:51:41.041Z] 開始更名功能測試 (點擊帳號名稱 -> 開啟視窗 -> 點擊 X 關閉)...
[2025-11-27T02:51:42.236Z] 找到輸入框，先清空原本的名字...
[2025-11-27T02:51:43.181Z] 已清空原本名字，截圖: C:\Users\penny\OneDrive\Desktop\stream-lobby\debug\account-name-cleared-2025-11-27T02-51-30-035Z.png
[2025-11-27T02:51:43.181Z] 輸入 IDN...
[2025-11-27T02:51:44.506Z] 已輸入 IDN，截圖: C:\Users\penny\OneDrive\Desktop\stream-lobby\debug\account-name-idn-2025-11-27T02-51-30-035Z.png
[2025-11-27T02:51:44.509Z] ✅ 偵測到錯誤訊息: Maya2088Balance 30,000,000Streaming Now5 viewersgame018 viewersgame028 viewersgame030 viewersgame045 viewersmanagerPromotionAll Streamersgame01game02game03game04game05managermayStream n' Spin×Please enter your nicknameNickname cannot start with "idn"Confirm
[2025-11-27T02:51:44.510Z] 等待 1 秒...
[2025-11-27T02:51:45.515Z] 刪除 IDN...
[2025-11-27T02:51:46.153Z] 已刪除 IDN，截圖: C:\Users\penny\OneDrive\Desktop\stream-lobby\debug\account-name-deleted-idn-2025-11-27T02-51-30-035Z.png
[2025-11-27T02:51:46.154Z] 生成的隨機名字: Emma2033
[2025-11-27T02:51:46.155Z] 輸入隨機名字...
[2025-11-27T02:51:47.869Z] 已輸入隨機名字，截圖: C:\Users\penny\OneDrive\Desktop\stream-lobby\debug\account-name-random-2025-11-27T02-51-30-035Z.png
[2025-11-27T02:51:47.870Z] 尋找 Confirm 按鈕...
[2025-11-27T02:51:47.875Z] 找到 Confirm 按鈕: Confirm
[2025-11-27T02:51:49.159Z] 已點擊 Confirm 按鈕，截圖: C:\Users\penny\OneDrive\Desktop\stream-lobby\debug\account-name-confirmed-2025-11-27T02-51-30-035Z.png
[2025-11-27T02:51:49.164Z] 測試項目 3/12 完成
[2025-11-27T02:51:49.165Z] 開始執行測試項目 4/12: 排序按鈕測試
[2025-11-27T02:51:49.166Z] 開始排序按鈕測試...
[2025-11-27T02:51:51.983Z] 測試項目 4/12 完成
[2025-11-27T02:51:51.984Z] 開始執行測試項目 5/12: Promotion 圖片檢查
[2025-11-27T02:51:51.985Z] 開始 Promotion 圖片檢查...
[2025-11-27T02:51:53.200Z] 測試項目 5/12 完成
[2025-11-27T02:51:53.201Z] 開始執行測試項目 6/12: All Streamers 圖片檢查
[2025-11-27T02:51:53.202Z] 開始 All Streamers 圖片檢查...
[2025-11-27T02:51:53.985Z] 測試項目 6/12 完成
[2025-11-27T02:51:53.986Z] 開始執行測試項目 7/12: All Streamers 排列按鈕測試
[2025-11-27T02:51:53.987Z] 開始 All Streamers 排列按鈕測試...
[2025-11-27T02:51:59.705Z] 測試項目 7/12 完成
[2025-11-27T02:52:00.206Z] 開始執行測試項目 8/12: 直播主介紹卡片點擊測試
[2025-11-27T02:52:00.207Z] 開始直播主介紹卡片點擊測試...
[2025-11-27T02:52:06.163Z] 測試項目 8/12 完成
[2025-11-27T02:52:06.164Z] 開始執行測試項目 9/12: 排行榜檢查
[2025-11-27T02:52:06.165Z] 開始排行榜檢查...
[2025-11-27T02:52:07.372Z] 滾動到 All Times 區域 (y: 340)...
[2025-11-27T02:52:08.884Z] 移動滑鼠到 All Times 區域 (座標: 32, 340)...
[2025-11-27T02:52:09.583Z] 已截圖 All Times 區域: C:\Users\penny\OneDrive\Desktop\stream-lobby\debug\ranking-all-times-2025-11-27T02-51-30-035Z.png
[2025-11-27T02:52:09.584Z] 檢查 All Times 資料...
[2025-11-27T02:52:09.588Z] 滾動到 Weekly Ranking 區域 (y: 412)...
[2025-11-27T02:52:11.103Z] 移動滑鼠到 Weekly Ranking 區域 (座標: 50, 412)...
[2025-11-27T02:52:11.777Z] 已截圖 Weekly Ranking 區域: C:\Users\penny\OneDrive\Desktop\stream-lobby\debug\ranking-weekly-2025-11-27T02-51-30-035Z.png
[2025-11-27T02:52:11.778Z] 檢查 Weekly Ranking 資料...
[2025-11-27T02:52:11.914Z] 測試項目 9/12 完成
[2025-11-27T02:52:11.915Z] 開始執行測試項目 10/12: 直播主照片檢查
[2025-11-27T02:52:11.916Z] 開始直播主照片檢查...
[2025-11-27T02:52:11.988Z] 已點擊 Photo 分頁
[2025-11-27T02:52:11.995Z] 找到 3 張照片（含破圖也算）
[2025-11-27T02:52:12.034Z] 照片統計：總數=3，正常=0，破圖=3（第 1、2、3 張為破圖）
[2025-11-27T02:52:12.123Z] 已點擊第 1 張照片
[2025-11-27T02:52:13.135Z] 偵測到照片大圖彈窗，嘗試關閉...
[2025-11-27T02:52:13.140Z] 照片大圖彈窗已透過 Esc 關閉
[2025-11-27T02:52:13.219Z] 已點擊第 2 張照片
[2025-11-27T02:52:14.235Z] 偵測到照片大圖彈窗，嘗試關閉...
[2025-11-27T02:52:14.242Z] 照片大圖彈窗已透過 Esc 關閉
[2025-11-27T02:52:14.242Z] ❌ 照片異常：共 3 張，正常 0 張，破圖 3 張（第 1、2、3 張為破圖）
[2025-11-27T02:52:14.243Z] 測試項目 10/12 完成
[2025-11-27T02:52:14.244Z] 開始執行測試項目 12/12: 返回按鈕測試
[2025-11-27T02:52:14.245Z] 開始返回按鈕測試...
[2025-11-27T02:52:14.931Z] 截圖（點擊前）: C:\Users\penny\OneDrive\Desktop\stream-lobby\debug\back-button-before-2025-11-27T02-51-30-035Z.png
[2025-11-27T02:52:14.936Z] 找到返回按鈕，位置: {
  "x": 317,
  "y": 48
}
[2025-11-27T02:52:14.941Z] 點擊前的 URL: http://lobby.sns.lab/?isAgentApi=&token=MTc1MjExMTg5MTcwODM0ODE2MAdcIUEoNngEAKTCwYDysLpjmdFJeblOQVWBtuDM
[2025-11-27T02:52:16.657Z] 截圖（點擊後）: C:\Users\penny\OneDrive\Desktop\stream-lobby\debug\back-button-after-2025-11-27T02-51-30-035Z.png
[2025-11-27T02:52:16.658Z] 點擊後的 URL: http://lobby.sns.lab/?isAgentApi=&token=MTc1MjExMTg5MTcwODM0ODE2MAdcIUEoNngEAKTCwYDysLpjmdFJeblOQVWBtuDM
[2025-11-27T02:52:16.659Z] ⚠️ 返回按鈕已點擊，但 URL 未改變
[2025-11-27T02:52:16.659Z] 測試項目 12/12 完成
[2025-11-27T02:52:16.659Z] 所有測試項目執行完成
[2025-11-27T02:52:16.660Z] ✅ 所有 10 個測試項目都已執行
