[2025-11-26T03:26:45.365Z] 📝 日誌文件已創建: C:\Users\penny\OneDrive\Desktop\stream-lobby\logs\server-2025-11-26T03-26-45-364Z.log
[2025-11-26T03:26:45.371Z] 
🚀 檢查工具伺服器運行在 http://localhost:3000
[2025-11-26T03:26:45.372Z] ━━━━━━━━━━━━━━━━━━━━━━━━━━━━━━━━━━━━━━
[2025-11-26T03:26:45.373Z] 📋 測試工具 1 (7項測試): http://localhost:3000/
[2025-11-26T03:26:45.373Z] 🎮 測試工具 2 (10項測試): http://localhost:3000/test2.html
[2025-11-26T03:26:45.374Z] ━━━━━━━━━━━━━━━━━━━━━━━━━━━━━━━━━━━━━━
[2025-11-26T03:26:45.375Z] 📝 所有日誌將保存到: C:\Users\penny\OneDrive\Desktop\stream-lobby\logs\server-2025-11-26T03-26-45-364Z.log

[2025-11-26T03:27:40.854Z] 開始執行測試項目 1/10: gVersion 版號測試
[2025-11-26T03:27:40.863Z] 測試項目 1/10 完成
[2025-11-26T03:27:40.863Z] 開始執行測試項目 2/10: Stream n'Spin 彈窗測試
[2025-11-26T03:27:40.864Z] 開始 Stream n'Spin 彈窗測試...
[2025-11-26T03:27:42.135Z] 測試項目 2/10 完成
[2025-11-26T03:27:42.136Z] 開始執行測試項目 3/10: 更名功能測試
[2025-11-26T03:27:42.138Z] 開始更名功能測試 (點擊帳號名稱 -> 開啟視窗 -> 點擊 X 關閉)...
[2025-11-26T03:27:44.656Z] 測試項目 3/10 完成
[2025-11-26T03:27:44.657Z] 開始執行測試項目 4/10: 排序按鈕測試
[2025-11-26T03:27:44.658Z] 開始排序按鈕測試...
[2025-11-26T03:27:50.394Z] 測試項目 4/10 完成
[2025-11-26T03:27:50.395Z] 開始執行測試項目 5/10: Promotion 圖片檢查
[2025-11-26T03:27:50.397Z] 開始 Promotion 圖片檢查...
[2025-11-26T03:27:52.931Z] 測試項目 5/10 完成
[2025-11-26T03:27:52.932Z] 開始執行測試項目 6/10: All Streamers 圖片檢查
[2025-11-26T03:27:52.933Z] 開始 All Streamers 圖片檢查...
[2025-11-26T03:27:54.580Z] 測試項目 6/10 完成
[2025-11-26T03:27:54.581Z] 開始執行測試項目 7/10: All Streamers 排列按鈕測試
[2025-11-26T03:27:54.582Z] 開始 All Streamers 排列按鈕測試...
[2025-11-26T03:28:00.392Z] 測試項目 7/10 完成
[2025-11-26T03:28:00.894Z] 開始執行測試項目 8/10: 直播主介紹卡片點擊測試
[2025-11-26T03:28:00.896Z] 開始直播主介紹卡片點擊測試...
[2025-11-26T03:28:06.948Z] 測試項目 8/10 完成
[2025-11-26T03:28:06.950Z] 開始執行測試項目 9/10: 排行榜檢查
[2025-11-26T03:28:06.952Z] 開始排行榜檢查...
[2025-11-26T03:28:08.181Z] 滾動到 All Times 區域 (y: 340)...
[2025-11-26T03:28:09.689Z] 移動滑鼠到 All Times 區域 (座標: 32, 340)...
[2025-11-26T03:28:10.465Z] 已截圖 All Times 區域: C:\Users\penny\OneDrive\Desktop\stream-lobby\debug\ranking-all-times-2025-11-26T03-27-31-378Z.png
[2025-11-26T03:28:10.466Z] 檢查 All Times 資料...
[2025-11-26T03:28:10.473Z] 滾動到 Weekly Ranking 區域 (y: 412)...
[2025-11-26T03:28:11.991Z] 移動滑鼠到 Weekly Ranking 區域 (座標: 50, 412)...
[2025-11-26T03:28:12.675Z] 已截圖 Weekly Ranking 區域: C:\Users\penny\OneDrive\Desktop\stream-lobby\debug\ranking-weekly-2025-11-26T03-27-31-378Z.png
[2025-11-26T03:28:12.675Z] 檢查 Weekly Ranking 資料...
[2025-11-26T03:28:12.884Z] 測試項目 9/10 完成
[2025-11-26T03:28:12.885Z] 開始執行測試項目 10/10: 直播主照片檢查
[2025-11-26T03:28:12.886Z] 開始直播主照片檢查...
[2025-11-26T03:28:13.398Z] 尋找 Photo 分頁按鈕...
[2025-11-26T03:28:13.440Z] ERROR: 直播主照片檢查錯誤: {
  "name": "Error"
}
[2025-11-26T03:28:13.450Z] 測試項目 10/10 完成
[2025-11-26T03:28:13.453Z] 所有測試項目執行完成
[2025-11-26T03:28:13.457Z] ✅ 所有 10 個測試項目都已執行
