[2025-11-20T03:54:03.934Z] 📝 日誌文件已創建: C:\Users\penny\OneDrive\Desktop\stream-lobby\logs\server-2025-11-20T03-54-03-933Z.log
[2025-11-20T03:54:03.939Z] 
🚀 檢查工具伺服器運行在 http://localhost:3000
[2025-11-20T03:54:03.940Z] ━━━━━━━━━━━━━━━━━━━━━━━━━━━━━━━━━━━━━━
[2025-11-20T03:54:03.941Z] 📋 測試工具 1 (7項測試): http://localhost:3000/
[2025-11-20T03:54:03.941Z] 🎮 測試工具 2 (10項測試): http://localhost:3000/test2.html
[2025-11-20T03:54:03.941Z] ━━━━━━━━━━━━━━━━━━━━━━━━━━━━━━━━━━━━━━
[2025-11-20T03:54:03.942Z] 📝 所有日誌將保存到: C:\Users\penny\OneDrive\Desktop\stream-lobby\logs\server-2025-11-20T03-54-03-933Z.log

[2025-11-20T03:54:36.081Z] 開始執行測試項目 1/9: gVersion 版號測試
[2025-11-20T03:54:36.094Z] 測試項目 1/9 完成
[2025-11-20T03:54:36.095Z] 開始執行測試項目 2/9: Stream n'Spin 彈窗測試
[2025-11-20T03:54:36.096Z] 開始 Stream n'Spin 彈窗測試...
[2025-11-20T03:54:39.031Z] 測試項目 2/9 完成
[2025-11-20T03:54:39.031Z] 開始執行測試項目 3/9: 更名功能測試
[2025-11-20T03:54:39.032Z] 開始更名功能測試 (點擊帳號名稱 -> 開啟視窗 -> 點擊 X 關閉)...
[2025-11-20T03:54:41.554Z] 測試項目 3/9 完成
[2025-11-20T03:54:41.555Z] 開始執行測試項目 4/9: 排序按鈕測試
[2025-11-20T03:54:41.557Z] 開始排序按鈕測試...
[2025-11-20T03:54:47.323Z] 測試項目 4/9 完成
[2025-11-20T03:54:47.324Z] 開始執行測試項目 5/9: Promotion 圖片檢查
[2025-11-20T03:54:47.325Z] 開始 Promotion 圖片檢查...
[2025-11-20T03:54:49.898Z] 測試項目 5/9 完成
[2025-11-20T03:54:49.899Z] 開始執行測試項目 6/9: All Streamers 圖片檢查
[2025-11-20T03:54:49.901Z] 開始 All Streamers 圖片檢查...
[2025-11-20T03:54:51.430Z] 測試項目 6/9 完成
[2025-11-20T03:54:51.432Z] 開始執行測試項目 7/9: All Streamers 排列按鈕測試
[2025-11-20T03:54:51.433Z] 開始 All Streamers 排列按鈕測試...
[2025-11-20T03:54:57.148Z] 測試項目 7/9 完成
[2025-11-20T03:54:57.664Z] 開始執行測試項目 8/9: 直播主介紹卡片點擊測試
[2025-11-20T03:54:57.665Z] 開始直播主介紹卡片點擊測試...
[2025-11-20T03:55:03.651Z] 測試項目 8/9 完成
[2025-11-20T03:55:04.162Z] 開始執行測試項目 9/9: Lobby 送禮測試
[2025-11-20T03:55:04.165Z] 開始 Lobby 送禮測試...
[2025-11-20T03:55:04.384Z] 禮物按鈕查找結果: {
  "found": true,
  "x": 1047,
  "y": 444,
  "element": "IMG (by selector)",
  "isClickable": true,
  "hasGiftKeyword": true,
  "debug": "使用選擇器找到禮物按鈕"
}
[2025-11-20T03:55:04.771Z] 方法1成功: Playwright 選擇器點擊
[2025-11-20T03:55:05.781Z] 禮物按鈕已點擊，等待禮物清單出現...
[2025-11-20T03:55:06.796Z] 禮物清單檢查結果 (嘗試 1/5): {
  "overlayFound": true,
  "overlayVisible": false,
  "giftGridFound": true,
  "giftGridVisible": true,
  "giftOverlaysFound": 0,
  "giftOverlaysVisible": 0
}
[2025-11-20T03:55:06.798Z] 禮物清單已出現！
[2025-11-20T03:55:07.817Z] 嘗試點擊選中的禮物...
[2025-11-20T03:55:10.137Z] 方法2失敗: page.click: Timeout 2000ms exceeded.
Call log:
  - waiting for locator('#root > div > div > div._overlay_1fh5q_1 > div > div > div._giftGrid_1fh5q_108 > div._giftItem_1fh5q_122._selected_1fh5q_148')

[2025-11-20T03:55:10.754Z] 方法4成功: 點擊第一個禮物來選中它
[2025-11-20T03:55:11.262Z] 方法4成功: 禮物已選中並點擊
[2025-11-20T03:55:11.774Z] 禮物已成功選中（驗證通過）
[2025-11-20T03:55:11.775Z] 禮物已選擇，等待確認按鈕出現...
[2025-11-20T03:55:12.288Z] 禮物選中驗證通過（找到 1 個選中的禮物）
[2025-11-20T03:55:12.292Z] 選中禮物的價格: 無法獲取
[2025-11-20T03:55:12.293Z] 禮物已選中，現在查找並點擊 Confirm 按鈕完成送禮...
[2025-11-20T03:55:12.295Z] Confirm 按鈕檢查結果: {
  "bySelectorFound": true,
  "bySelectorVisible": true,
  "confirmButtonsFound": 1,
  "confirmButtonsVisible": 1,
  "allButtonsCount": 6
}
[2025-11-20T03:55:12.305Z] Confirm 方法1成功: JavaScript 選擇器點擊
[2025-11-20T03:55:12.306Z] ✅ Confirm 按鈕已點擊，送禮完成！等待 Balance 更新...
[2025-11-20T03:55:18.923Z] 警告：禮物清單可能未完全關閉，但繼續檢查 Balance
[2025-11-20T03:55:18.924Z] 開始檢查 Balance 變化（最多檢查 10 次）...
[2025-11-20T03:55:19.439Z] Balance 檢查 1/10: 尚未變化（6845 -> 6845）
[2025-11-20T03:55:19.947Z] Balance 檢查 2/10: 尚未變化（6845 -> 6845）
[2025-11-20T03:55:20.459Z] Balance 檢查 3/10: 尚未變化（6845 -> 6845）
[2025-11-20T03:55:20.964Z] Balance 檢查 4/10: 尚未變化（6845 -> 6845）
[2025-11-20T03:55:21.480Z] Balance 檢查 5/10: 尚未變化（6845 -> 6845）
[2025-11-20T03:55:21.989Z] Balance 檢查 6/10: 尚未變化（6845 -> 6845）
[2025-11-20T03:55:22.506Z] Balance 檢查 7/10: 尚未變化（6845 -> 6845）
[2025-11-20T03:55:23.023Z] Balance 檢查 8/10: 尚未變化（6845 -> 6845）
[2025-11-20T03:55:23.536Z] Balance 檢查 9/10: 尚未變化（6845 -> 6845）
[2025-11-20T03:55:24.044Z] ⚠️ Balance 未變化（檢查 10 次後）: 6845 -> 6845
[2025-11-20T03:55:24.156Z] Balance 檢查: 之前=6845, 之後=6845, 禮物價格=null
[2025-11-20T03:55:24.157Z] Balance 變化: 0
[2025-11-20T03:55:24.157Z] 測試項目 9/9 完成
[2025-11-20T03:55:24.158Z] 所有測試項目執行完成
[2025-11-20T03:55:24.159Z] ✅ 所有 9 個測試項目都已執行
