[2025-11-26T02:44:33.165Z] 📝 日誌文件已創建: C:\Users\penny\OneDrive\Desktop\stream-lobby\logs\server-2025-11-26T02-44-33-164Z.log
[2025-11-26T02:44:33.169Z] 
🚀 檢查工具伺服器運行在 http://localhost:3000
[2025-11-26T02:44:33.170Z] ━━━━━━━━━━━━━━━━━━━━━━━━━━━━━━━━━━━━━━
[2025-11-26T02:44:33.170Z] 📋 測試工具 1 (7項測試): http://localhost:3000/
[2025-11-26T02:44:33.171Z] 🎮 測試工具 2 (10項測試): http://localhost:3000/test2.html
[2025-11-26T02:44:33.171Z] ━━━━━━━━━━━━━━━━━━━━━━━━━━━━━━━━━━━━━━
[2025-11-26T02:44:33.172Z] 📝 所有日誌將保存到: C:\Users\penny\OneDrive\Desktop\stream-lobby\logs\server-2025-11-26T02-44-33-164Z.log

[2025-11-26T02:45:12.712Z] 開始執行測試項目 1/10: gVersion 版號測試
[2025-11-26T02:45:12.727Z] 測試項目 1/10 完成
[2025-11-26T02:45:12.728Z] 開始執行測試項目 2/10: Stream n'Spin 彈窗測試
[2025-11-26T02:45:12.729Z] 開始 Stream n'Spin 彈窗測試...
[2025-11-26T02:45:15.643Z] 測試項目 2/10 完成
[2025-11-26T02:45:15.643Z] 開始執行測試項目 3/10: 更名功能測試
[2025-11-26T02:45:15.644Z] 開始更名功能測試 (點擊帳號名稱 -> 開啟視窗 -> 點擊 X 關閉)...
[2025-11-26T02:45:18.093Z] 測試項目 3/10 完成
[2025-11-26T02:45:18.094Z] 開始執行測試項目 4/10: 排序按鈕測試
[2025-11-26T02:45:18.095Z] 開始排序按鈕測試...
[2025-11-26T02:45:23.784Z] 測試項目 4/10 完成
[2025-11-26T02:45:23.785Z] 開始執行測試項目 5/10: Promotion 圖片檢查
[2025-11-26T02:45:23.786Z] 開始 Promotion 圖片檢查...
[2025-11-26T02:45:26.344Z] 測試項目 5/10 完成
[2025-11-26T02:45:26.345Z] 開始執行測試項目 6/10: All Streamers 圖片檢查
[2025-11-26T02:45:26.347Z] 開始 All Streamers 圖片檢查...
[2025-11-26T02:45:27.890Z] 測試項目 6/10 完成
[2025-11-26T02:45:27.891Z] 開始執行測試項目 7/10: All Streamers 排列按鈕測試
[2025-11-26T02:45:27.892Z] 開始 All Streamers 排列按鈕測試...
[2025-11-26T02:45:33.727Z] 測試項目 7/10 完成
[2025-11-26T02:45:34.228Z] 開始執行測試項目 8/10: 直播主介紹卡片點擊測試
[2025-11-26T02:45:34.229Z] 開始直播主介紹卡片點擊測試...
[2025-11-26T02:45:40.235Z] 測試項目 8/10 完成
[2025-11-26T02:45:40.235Z] 開始執行測試項目 9/10: 排行榜檢查
[2025-11-26T02:45:40.236Z] 開始排行榜檢查...
[2025-11-26T02:45:41.443Z] 滾動到 All Times 區域 (y: 340)...
[2025-11-26T02:45:42.951Z] 移動滑鼠到 All Times 區域 (座標: 32, 340)...
[2025-11-26T02:45:43.699Z] 已截圖 All Times 區域: C:\Users\penny\OneDrive\Desktop\stream-lobby\debug\ranking-all-times-2025-11-26T02-45-05-924Z.png
[2025-11-26T02:45:43.701Z] 檢查 All Times 資料...
[2025-11-26T02:45:43.708Z] 滾動到 Weekly Ranking 區域 (y: 412)...
[2025-11-26T02:45:45.224Z] 移動滑鼠到 Weekly Ranking 區域 (座標: 50, 412)...
[2025-11-26T02:45:45.899Z] 已截圖 Weekly Ranking 區域: C:\Users\penny\OneDrive\Desktop\stream-lobby\debug\ranking-weekly-2025-11-26T02-45-05-924Z.png
[2025-11-26T02:45:45.899Z] 檢查 Weekly Ranking 資料...
[2025-11-26T02:45:46.091Z] 測試項目 9/10 完成
[2025-11-26T02:45:46.093Z] 開始執行測試項目 10/10: 直播主照片檢查
[2025-11-26T02:45:46.095Z] 開始直播主照片檢查...
[2025-11-26T02:45:47.277Z] 點擊 Photo 分頁...
[2025-11-26T02:45:47.278Z] 滾動到頁面頂部...
[2025-11-26T02:45:48.304Z] ✓ Photo 按鈕已點擊 (Photo) at (888, 536)
[2025-11-26T02:45:50.511Z] 頁面切換驗證: Photo按鈕選中=true, Profile按鈕選中=false
[2025-11-26T02:45:50.512Z] ✓ 已成功切換到 Photo 頁面
[2025-11-26T02:45:50.513Z] 點擊照片區域...
[2025-11-26T02:45:50.513Z] 照片區域位置: x=16, y=260, 寬=314, 高=314
[2025-11-26T02:45:50.514Z] 照片區域中心點: (173, 417)
[2025-11-26T02:45:50.514Z] 滾動到照片區域 (y: 260)...
[2025-11-26T02:45:50.517Z] ERROR: 直播主照片檢查錯誤: {}
[2025-11-26T02:45:50.522Z] 測試項目 10/10 完成
[2025-11-26T02:45:50.522Z] 所有測試項目執行完成
[2025-11-26T02:45:50.523Z] ✅ 所有 10 個測試項目都已執行
