[2025-11-25T10:25:33.673Z] 📝 日誌文件已創建: C:\Users\penny\OneDrive\Desktop\stream-lobby\logs\server-2025-11-25T10-25-33-672Z.log
[2025-11-25T10:25:33.679Z] 
🚀 檢查工具伺服器運行在 http://localhost:3000
[2025-11-25T10:25:33.680Z] ━━━━━━━━━━━━━━━━━━━━━━━━━━━━━━━━━━━━━━
[2025-11-25T10:25:33.680Z] 📋 測試工具 1 (7項測試): http://localhost:3000/
[2025-11-25T10:25:33.682Z] 🎮 測試工具 2 (10項測試): http://localhost:3000/test2.html
[2025-11-25T10:25:33.683Z] ━━━━━━━━━━━━━━━━━━━━━━━━━━━━━━━━━━━━━━
[2025-11-25T10:25:33.684Z] 📝 所有日誌將保存到: C:\Users\penny\OneDrive\Desktop\stream-lobby\logs\server-2025-11-25T10-25-33-672Z.log

[2025-11-25T10:26:25.834Z] 開始執行測試項目 1/10: gVersion 版號測試
[2025-11-25T10:26:25.847Z] 測試項目 1/10 完成
[2025-11-25T10:26:25.848Z] 開始執行測試項目 2/10: Stream n'Spin 彈窗測試
[2025-11-25T10:26:25.850Z] 開始 Stream n'Spin 彈窗測試...
[2025-11-25T10:26:28.854Z] 測試項目 2/10 完成
[2025-11-25T10:26:28.855Z] 開始執行測試項目 3/10: 更名功能測試
[2025-11-25T10:26:28.857Z] 開始更名功能測試 (點擊帳號名稱 -> 開啟視窗 -> 點擊 X 關閉)...
[2025-11-25T10:26:31.383Z] 測試項目 3/10 完成
[2025-11-25T10:26:31.384Z] 開始執行測試項目 4/10: 排序按鈕測試
[2025-11-25T10:26:31.387Z] 開始排序按鈕測試...
[2025-11-25T10:26:37.235Z] 測試項目 4/10 完成
[2025-11-25T10:26:37.236Z] 開始執行測試項目 5/10: Promotion 圖片檢查
[2025-11-25T10:26:37.237Z] 開始 Promotion 圖片檢查...
[2025-11-25T10:26:39.802Z] 測試項目 5/10 完成
[2025-11-25T10:26:39.803Z] 開始執行測試項目 6/10: All Streamers 圖片檢查
[2025-11-25T10:26:39.804Z] 開始 All Streamers 圖片檢查...
[2025-11-25T10:26:41.287Z] 測試項目 6/10 完成
[2025-11-25T10:26:41.287Z] 開始執行測試項目 7/10: All Streamers 排列按鈕測試
[2025-11-25T10:26:41.288Z] 開始 All Streamers 排列按鈕測試...
[2025-11-25T10:26:47.049Z] 測試項目 7/10 完成
[2025-11-25T10:26:47.552Z] 開始執行測試項目 8/10: 直播主介紹卡片點擊測試
[2025-11-25T10:26:47.553Z] 開始直播主介紹卡片點擊測試...
[2025-11-25T10:26:53.600Z] 測試項目 8/10 完成
[2025-11-25T10:26:53.601Z] 開始執行測試項目 9/10: 排行榜檢查
[2025-11-25T10:26:53.602Z] 開始排行榜檢查...
[2025-11-25T10:26:54.804Z] 滾動到 All Times 區域 (y: 340)...
[2025-11-25T10:26:56.319Z] 移動滑鼠到 All Times 區域 (座標: 32, 340)...
[2025-11-25T10:26:57.049Z] 已截圖 All Times 區域: C:\Users\penny\OneDrive\Desktop\stream-lobby\debug\ranking-all-times-2025-11-25T10-26-19-526Z.png
[2025-11-25T10:26:57.050Z] 檢查 All Times 資料...
[2025-11-25T10:26:57.055Z] 滾動到 Weekly Ranking 區域 (y: 412)...
[2025-11-25T10:26:58.567Z] 移動滑鼠到 Weekly Ranking 區域 (座標: 50, 412)...
[2025-11-25T10:26:59.255Z] 已截圖 Weekly Ranking 區域: C:\Users\penny\OneDrive\Desktop\stream-lobby\debug\ranking-weekly-2025-11-25T10-26-19-526Z.png
[2025-11-25T10:26:59.256Z] 檢查 Weekly Ranking 資料...
[2025-11-25T10:26:59.462Z] 測試項目 9/10 完成
[2025-11-25T10:26:59.463Z] 開始執行測試項目 10/10: 直播主照片檢查
[2025-11-25T10:26:59.465Z] 開始直播主照片檢查...
[2025-11-25T10:27:00.693Z] 點擊 Photo 分頁...
[2025-11-25T10:27:00.694Z] 滾動到頁面頂部...
[2025-11-25T10:27:01.206Z] 移動滑鼠到 Photo 分頁中心 (座標: 621, 335.5)...
[2025-11-25T10:27:01.733Z] 點擊 Photo 分頁 (座標: 621, 335.5)...
[2025-11-25T10:27:02.540Z] ✓ Photo 分頁已點擊
[2025-11-25T10:27:05.297Z] 點擊照片區域...
[2025-11-25T10:27:05.813Z] 移動滑鼠到照片區域中心 (座標: 245, 395)...
[2025-11-25T10:27:06.327Z] 點擊照片區域 (座標: 245, 395)...
[2025-11-25T10:27:07.136Z] ✓ 照片區域已點擊
[2025-11-25T10:27:08.846Z] 測試項目 10/10 完成
[2025-11-25T10:27:08.847Z] 所有測試項目執行完成
[2025-11-25T10:27:08.848Z] ✅ 所有 10 個測試項目都已執行
