[2025-11-26T02:49:03.551Z] 📝 日誌文件已創建: C:\Users\penny\OneDrive\Desktop\stream-lobby\logs\server-2025-11-26T02-49-03-550Z.log
[2025-11-26T02:49:03.556Z] 
🚀 檢查工具伺服器運行在 http://localhost:3000
[2025-11-26T02:49:03.556Z] ━━━━━━━━━━━━━━━━━━━━━━━━━━━━━━━━━━━━━━
[2025-11-26T02:49:03.557Z] 📋 測試工具 1 (7項測試): http://localhost:3000/
[2025-11-26T02:49:03.558Z] 🎮 測試工具 2 (10項測試): http://localhost:3000/test2.html
[2025-11-26T02:49:03.559Z] ━━━━━━━━━━━━━━━━━━━━━━━━━━━━━━━━━━━━━━
[2025-11-26T02:49:03.560Z] 📝 所有日誌將保存到: C:\Users\penny\OneDrive\Desktop\stream-lobby\logs\server-2025-11-26T02-49-03-550Z.log

[2025-11-26T02:49:36.238Z] 開始執行測試項目 1/10: gVersion 版號測試
[2025-11-26T02:49:36.245Z] 測試項目 1/10 完成
[2025-11-26T02:49:36.246Z] 開始執行測試項目 2/10: Stream n'Spin 彈窗測試
[2025-11-26T02:49:36.248Z] 開始 Stream n'Spin 彈窗測試...
[2025-11-26T02:49:39.183Z] 測試項目 2/10 完成
[2025-11-26T02:49:39.183Z] 開始執行測試項目 3/10: 更名功能測試
[2025-11-26T02:49:39.185Z] 開始更名功能測試 (點擊帳號名稱 -> 開啟視窗 -> 點擊 X 關閉)...
[2025-11-26T02:49:41.660Z] 測試項目 3/10 完成
[2025-11-26T02:49:41.660Z] 開始執行測試項目 4/10: 排序按鈕測試
[2025-11-26T02:49:41.661Z] 開始排序按鈕測試...
[2025-11-26T02:49:47.394Z] 測試項目 4/10 完成
[2025-11-26T02:49:47.394Z] 開始執行測試項目 5/10: Promotion 圖片檢查
[2025-11-26T02:49:47.395Z] 開始 Promotion 圖片檢查...
[2025-11-26T02:49:49.917Z] 測試項目 5/10 完成
[2025-11-26T02:49:49.918Z] 開始執行測試項目 6/10: All Streamers 圖片檢查
[2025-11-26T02:49:49.918Z] 開始 All Streamers 圖片檢查...
[2025-11-26T02:49:51.371Z] 測試項目 6/10 完成
[2025-11-26T02:49:51.372Z] 開始執行測試項目 7/10: All Streamers 排列按鈕測試
[2025-11-26T02:49:51.374Z] 開始 All Streamers 排列按鈕測試...
[2025-11-26T02:49:57.188Z] 測試項目 7/10 完成
[2025-11-26T02:49:57.697Z] 開始執行測試項目 8/10: 直播主介紹卡片點擊測試
[2025-11-26T02:49:57.700Z] 開始直播主介紹卡片點擊測試...
[2025-11-26T02:50:03.713Z] 測試項目 8/10 完成
[2025-11-26T02:50:03.714Z] 開始執行測試項目 9/10: 排行榜檢查
[2025-11-26T02:50:03.715Z] 開始排行榜檢查...
[2025-11-26T02:50:04.963Z] 滾動到 All Times 區域 (y: 340)...
[2025-11-26T02:50:06.476Z] 移動滑鼠到 All Times 區域 (座標: 32, 340)...
[2025-11-26T02:50:07.214Z] 已截圖 All Times 區域: C:\Users\penny\OneDrive\Desktop\stream-lobby\debug\ranking-all-times-2025-11-26T02-49-29-681Z.png
[2025-11-26T02:50:07.215Z] 檢查 All Times 資料...
[2025-11-26T02:50:07.219Z] 滾動到 Weekly Ranking 區域 (y: 412)...
[2025-11-26T02:50:08.733Z] 移動滑鼠到 Weekly Ranking 區域 (座標: 50, 412)...
[2025-11-26T02:50:09.424Z] 已截圖 Weekly Ranking 區域: C:\Users\penny\OneDrive\Desktop\stream-lobby\debug\ranking-weekly-2025-11-26T02-49-29-681Z.png
[2025-11-26T02:50:09.425Z] 檢查 Weekly Ranking 資料...
[2025-11-26T02:50:09.606Z] 測試項目 9/10 完成
[2025-11-26T02:50:09.606Z] 開始執行測試項目 10/10: 直播主照片檢查
[2025-11-26T02:50:09.607Z] 開始直播主照片檢查...
[2025-11-26T02:50:10.785Z] 點擊 Photo 分頁...
[2025-11-26T02:50:10.785Z] 滾動到頁面頂部...
[2025-11-26T02:50:11.802Z] ✓ Photo 按鈕已點擊 (Photo) at (888, 536)
[2025-11-26T02:50:14.007Z] 頁面切換驗證: Photo按鈕選中=true, Profile按鈕選中=false
[2025-11-26T02:50:14.007Z] ✓ 已成功切換到 Photo 頁面
[2025-11-26T02:50:14.008Z] 點擊照片區域...
[2025-11-26T02:50:14.008Z] 照片區域: x=16, y=260, 寬=314, 高=314
[2025-11-26T02:50:14.009Z] 照片中心點（頁面座標）: (173, 417)
[2025-11-26T02:50:14.009Z] 滾動到照片區域...
[2025-11-26T02:50:15.529Z] 當前滾動位置: 150px
[2025-11-26T02:50:15.703Z] 照片在視窗中的位置: Y=110px
[2025-11-26T02:50:15.704Z] 點擊座標（視窗）: (173, 267)
[2025-11-26T02:50:18.245Z] ✓ 照片已點擊
[2025-11-26T02:50:19.125Z] 測試項目 10/10 完成
[2025-11-26T02:50:19.126Z] 所有測試項目執行完成
[2025-11-26T02:50:19.127Z] ✅ 所有 10 個測試項目都已執行
