[2025-11-26T03:52:23.538Z] 📝 日誌文件已創建: C:\Users\penny\OneDrive\Desktop\stream-lobby\logs\server-2025-11-26T03-52-23-537Z.log
[2025-11-26T03:52:23.544Z] 
🚀 檢查工具伺服器運行在 http://localhost:3000
[2025-11-26T03:52:23.546Z] ━━━━━━━━━━━━━━━━━━━━━━━━━━━━━━━━━━━━━━
[2025-11-26T03:52:23.546Z] 📋 測試工具 1 (7項測試): http://localhost:3000/
[2025-11-26T03:52:23.547Z] 🎮 測試工具 2 (10項測試): http://localhost:3000/test2.html
[2025-11-26T03:52:23.548Z] ━━━━━━━━━━━━━━━━━━━━━━━━━━━━━━━━━━━━━━
[2025-11-26T03:52:23.549Z] 📝 所有日誌將保存到: C:\Users\penny\OneDrive\Desktop\stream-lobby\logs\server-2025-11-26T03-52-23-537Z.log

[2025-11-26T03:53:12.040Z] 開始執行測試項目 1/10: gVersion 版號測試
[2025-11-26T03:53:12.043Z] 測試項目 1/10 完成
[2025-11-26T03:53:12.044Z] 開始執行測試項目 2/10: Stream n'Spin 彈窗測試
[2025-11-26T03:53:12.045Z] 開始 Stream n'Spin 彈窗測試...
[2025-11-26T03:53:15.000Z] 測試項目 2/10 完成
[2025-11-26T03:53:15.001Z] 開始執行測試項目 3/10: 更名功能測試
[2025-11-26T03:53:15.003Z] 開始更名功能測試 (點擊帳號名稱 -> 開啟視窗 -> 點擊 X 關閉)...
[2025-11-26T03:53:17.481Z] 測試項目 3/10 完成
[2025-11-26T03:53:17.482Z] 開始執行測試項目 4/10: 排序按鈕測試
[2025-11-26T03:53:17.483Z] 開始排序按鈕測試...
[2025-11-26T03:53:20.358Z] 測試項目 4/10 完成
[2025-11-26T03:53:20.360Z] 開始執行測試項目 5/10: Promotion 圖片檢查
[2025-11-26T03:53:20.363Z] 開始 Promotion 圖片檢查...
[2025-11-26T03:53:21.557Z] 測試項目 5/10 完成
[2025-11-26T03:53:21.558Z] 開始執行測試項目 6/10: All Streamers 圖片檢查
[2025-11-26T03:53:21.559Z] 開始 All Streamers 圖片檢查...
[2025-11-26T03:53:22.447Z] 測試項目 6/10 完成
[2025-11-26T03:53:22.448Z] 開始執行測試項目 7/10: All Streamers 排列按鈕測試
[2025-11-26T03:53:22.451Z] 開始 All Streamers 排列按鈕測試...
[2025-11-26T03:53:28.238Z] 測試項目 7/10 完成
[2025-11-26T03:53:28.753Z] 開始執行測試項目 8/10: 直播主介紹卡片點擊測試
[2025-11-26T03:53:28.755Z] 開始直播主介紹卡片點擊測試...
[2025-11-26T03:53:34.760Z] 測試項目 8/10 完成
[2025-11-26T03:53:34.761Z] 開始執行測試項目 9/10: 排行榜檢查
[2025-11-26T03:53:34.762Z] 開始排行榜檢查...
[2025-11-26T03:53:36.013Z] 滾動到 All Times 區域 (y: 340)...
[2025-11-26T03:53:37.526Z] 移動滑鼠到 All Times 區域 (座標: 32, 340)...
[2025-11-26T03:53:38.218Z] 已截圖 All Times 區域: C:\Users\penny\OneDrive\Desktop\stream-lobby\debug\ranking-all-times-2025-11-26T03-53-05-513Z.png
[2025-11-26T03:53:38.218Z] 檢查 All Times 資料...
[2025-11-26T03:53:38.224Z] 滾動到 Weekly Ranking 區域 (y: 412)...
[2025-11-26T03:53:39.737Z] 移動滑鼠到 Weekly Ranking 區域 (座標: 50, 412)...
[2025-11-26T03:53:40.435Z] 已截圖 Weekly Ranking 區域: C:\Users\penny\OneDrive\Desktop\stream-lobby\debug\ranking-weekly-2025-11-26T03-53-05-513Z.png
[2025-11-26T03:53:40.436Z] 檢查 Weekly Ranking 資料...
[2025-11-26T03:53:40.596Z] 測試項目 9/10 完成
[2025-11-26T03:53:40.597Z] 開始執行測試項目 10/10: 直播主照片檢查
[2025-11-26T03:53:40.598Z] 開始直播主照片檢查...
[2025-11-26T03:53:41.113Z] 尋找 Photo 分頁按鈕...
[2025-11-26T03:53:41.480Z] ✅ 已點擊 Photo 分頁
[2025-11-26T03:53:41.652Z] 已截圖 (切到 Photo 分頁後): C:\Users\penny\OneDrive\Desktop\stream-lobby\debug\photo-after-tab-2025-11-26T03-53-05-513Z.png
[2025-11-26T03:53:41.653Z] 尋找照片 wrapper 元素 (div[class*="_photoImageWrapper_"]) ...
[2025-11-26T03:53:41.659Z] 找到 photo wrapper 元素數量: 3
[2025-11-26T03:53:41.825Z] 已截圖 (點擊前): C:\Users\penny\OneDrive\Desktop\stream-lobby\debug\photo-before-click-2025-11-26T03-53-05-513Z.png
[2025-11-26T03:53:42.182Z] 第 0 個 wrapper 的 boundingBox: {
  "x": 283,
  "y": 298,
  "width": 390,
  "height": 390
}
[2025-11-26T03:53:42.219Z] ✅ 已點擊第 0 個 wrapper（目前累計點擊 1 張）
[2025-11-26T03:53:42.220Z] 🖱️ 滑鼠點擊該 wrapper 中心: (478, 493)
[2025-11-26T03:53:44.832Z] 第 1 個 wrapper 的 boundingBox: {
  "x": 693,
  "y": 298,
  "width": 390,
  "height": 390
}
[2025-11-26T03:53:44.873Z] ✅ 已點擊第 1 個 wrapper（目前累計點擊 2 張）
[2025-11-26T03:53:44.874Z] 🖱️ 滑鼠點擊該 wrapper 中心: (888, 493)
[2025-11-26T03:53:47.300Z] 已截圖 (兩張 wrapper 點擊後): C:\Users\penny\OneDrive\Desktop\stream-lobby\debug\photo-after-click-2025-11-26T03-53-05-513Z.png
[2025-11-26T03:53:47.302Z] ✅ 直播主照片檢查完成，Photo 分頁=true，已點擊 wrapper 數=2
[2025-11-26T03:53:47.304Z] 測試項目 10/10 完成
[2025-11-26T03:53:47.306Z] 所有測試項目執行完成
[2025-11-26T03:53:47.307Z] ✅ 所有 10 個測試項目都已執行
