[2025-11-24T09:25:46.340Z] 📝 日誌文件已創建: C:\Users\penny\OneDrive\Desktop\stream-lobby\logs\server-2025-11-24T09-25-46-339Z.log
[2025-11-24T09:25:46.348Z] 
🚀 檢查工具伺服器運行在 http://localhost:3000
[2025-11-24T09:25:46.349Z] ━━━━━━━━━━━━━━━━━━━━━━━━━━━━━━━━━━━━━━
[2025-11-24T09:25:46.350Z] 📋 測試工具 1 (7項測試): http://localhost:3000/
[2025-11-24T09:25:46.351Z] 🎮 測試工具 2 (10項測試): http://localhost:3000/test2.html
[2025-11-24T09:25:46.351Z] ━━━━━━━━━━━━━━━━━━━━━━━━━━━━━━━━━━━━━━
[2025-11-24T09:25:46.353Z] 📝 所有日誌將保存到: C:\Users\penny\OneDrive\Desktop\stream-lobby\logs\server-2025-11-24T09-25-46-339Z.log

[2025-11-24T09:26:17.034Z] 開始執行測試項目 1/9: gVersion 版號測試
[2025-11-24T09:26:17.039Z] 測試項目 1/9 完成
[2025-11-24T09:26:17.040Z] 開始執行測試項目 2/9: Stream n'Spin 彈窗測試
[2025-11-24T09:26:17.041Z] 開始 Stream n'Spin 彈窗測試...
[2025-11-24T09:26:19.980Z] 測試項目 2/9 完成
[2025-11-24T09:26:19.981Z] 開始執行測試項目 3/9: 更名功能測試
[2025-11-24T09:26:19.981Z] 開始更名功能測試 (點擊帳號名稱 -> 開啟視窗 -> 點擊 X 關閉)...
[2025-11-24T09:26:22.497Z] 測試項目 3/9 完成
[2025-11-24T09:26:22.499Z] 開始執行測試項目 4/9: 排序按鈕測試
[2025-11-24T09:26:22.501Z] 開始排序按鈕測試...
[2025-11-24T09:26:28.263Z] 測試項目 4/9 完成
[2025-11-24T09:26:28.264Z] 開始執行測試項目 5/9: Promotion 圖片檢查
[2025-11-24T09:26:28.265Z] 開始 Promotion 圖片檢查...
[2025-11-24T09:26:30.865Z] 測試項目 5/9 完成
[2025-11-24T09:26:30.865Z] 開始執行測試項目 6/9: All Streamers 圖片檢查
[2025-11-24T09:26:30.866Z] 開始 All Streamers 圖片檢查...
[2025-11-24T09:26:32.340Z] 測試項目 6/9 完成
[2025-11-24T09:26:32.341Z] 開始執行測試項目 7/9: All Streamers 排列按鈕測試
[2025-11-24T09:26:32.343Z] 開始 All Streamers 排列按鈕測試...
[2025-11-24T09:26:38.212Z] 測試項目 7/9 完成
[2025-11-24T09:26:38.723Z] 開始執行測試項目 8/9: 直播主介紹卡片點擊測試
[2025-11-24T09:26:38.724Z] 開始直播主介紹卡片點擊測試...
[2025-11-24T09:26:44.750Z] 測試項目 8/9 完成
[2025-11-24T09:26:44.750Z] 開始執行測試項目 9/9: 排行榜檢查
[2025-11-24T09:26:44.752Z] 開始排行榜檢查...
[2025-11-24T09:26:45.951Z] 滾動到 All Times 區域...
[2025-11-24T09:26:45.953Z] 移動滑鼠到 All Times 區域 (座標: 16, 112)...
[2025-11-24T09:26:46.273Z] 當前滾動位置: 0, 目標位置: 0, 需要滾動: 0 像素
[2025-11-24T09:26:47.590Z] 檢查 All Times 資料...
[2025-11-24T09:26:47.600Z] 滾動到 Weekly Ranking 區域...
[2025-11-24T09:26:47.608Z] 當前滾動位置: 0, 目標位置: 215, 需要滾動: 215 像素
[2025-11-24T09:26:47.610Z] 使用滑鼠滾輪滾動 215 像素...
[2025-11-24T09:26:50.488Z] 滾動後位置: 215, 元素在視窗中的 y 座標: 200
[2025-11-24T09:26:50.489Z] 移動滑鼠到 Weekly Ranking 區域 (座標: 16, 200)...
[2025-11-24T09:26:51.013Z] 再次移動滑鼠到 Weekly Ranking 區域...
[2025-11-24T09:26:51.327Z] 檢查 Weekly Ranking 資料...
[2025-11-24T09:26:53.034Z] 測試項目 9/9 完成
[2025-11-24T09:26:53.035Z] 所有測試項目執行完成
[2025-11-24T09:26:53.035Z] ✅ 所有 9 個測試項目都已執行
