[2025-11-27T03:08:38.966Z] 📝 日誌文件已創建: C:\Users\penny\OneDrive\Desktop\stream-lobby\logs\server-2025-11-27T03-08-38-966Z.log
[2025-11-27T03:08:38.971Z] 
🚀 檢查工具伺服器運行在 http://localhost:3000
[2025-11-27T03:08:38.972Z] ━━━━━━━━━━━━━━━━━━━━━━━━━━━━━━━━━━━━━━
[2025-11-27T03:08:38.973Z] 📋 測試工具 1 (7項測試): http://localhost:3000/
[2025-11-27T03:08:38.974Z] 🎮 測試工具 2 (10項測試): http://localhost:3000/test2.html
[2025-11-27T03:08:38.975Z] ━━━━━━━━━━━━━━━━━━━━━━━━━━━━━━━━━━━━━━
[2025-11-27T03:08:38.978Z] 📝 所有日誌將保存到: C:\Users\penny\OneDrive\Desktop\stream-lobby\logs\server-2025-11-27T03-08-38-966Z.log

[2025-11-27T03:29:06.803Z] 開始執行測試項目 1/11: gVersion 版號測試
[2025-11-27T03:29:06.828Z] 測試項目 1/11 完成
[2025-11-27T03:29:06.829Z] 開始執行測試項目 2/11: Stream n'Spin 彈窗測試
[2025-11-27T03:29:06.830Z] 開始 Stream n'Spin 彈窗測試...
[2025-11-27T03:29:09.732Z] 測試項目 2/11 完成
[2025-11-27T03:29:09.732Z] 開始執行測試項目 3/11: 更名功能測試
[2025-11-27T03:29:09.734Z] 開始更名功能測試 (點擊帳號名稱 -> 開啟視窗 -> 點擊 X 關閉)...
[2025-11-27T03:29:11.209Z] 找到輸入框，先清空原本的名字...
[2025-11-27T03:29:12.113Z] 已清空原本名字，截圖: C:\Users\penny\OneDrive\Desktop\stream-lobby\debug\account-name-cleared-2025-11-27T03-29-00-330Z.png
[2025-11-27T03:29:12.114Z] 輸入 IDN...
[2025-11-27T03:29:13.449Z] 已輸入 IDN，截圖: C:\Users\penny\OneDrive\Desktop\stream-lobby\debug\account-name-idn-2025-11-27T03-29-00-330Z.png
[2025-11-27T03:29:13.453Z] ✅ 偵測到錯誤訊息: Paul2418Balance 30,000,000Streaming Now4 viewersgame010 viewersgame020 viewersgame034 viewersgame047 viewersmanagerPromotionAll Streamersgame01game02game03game04game05managermayStream n' Spin×Please enter your nicknameNickname cannot start with "idn"Confirm
[2025-11-27T03:29:13.454Z] 等待 1 秒...
[2025-11-27T03:29:14.465Z] 刪除 IDN...
[2025-11-27T03:29:15.044Z] 已刪除 IDN，截圖: C:\Users\penny\OneDrive\Desktop\stream-lobby\debug\account-name-deleted-idn-2025-11-27T03-29-00-330Z.png
[2025-11-27T03:29:15.045Z] 生成的隨機名字: Kate7184
[2025-11-27T03:29:15.046Z] 輸入隨機名字...
[2025-11-27T03:29:16.758Z] 已輸入隨機名字，截圖: C:\Users\penny\OneDrive\Desktop\stream-lobby\debug\account-name-random-2025-11-27T03-29-00-330Z.png
[2025-11-27T03:29:16.759Z] 尋找 Confirm 按鈕...
[2025-11-27T03:29:16.765Z] 找到 Confirm 按鈕: Confirm
[2025-11-27T03:29:17.999Z] 已點擊 Confirm 按鈕，截圖: C:\Users\penny\OneDrive\Desktop\stream-lobby\debug\account-name-confirmed-2025-11-27T03-29-00-330Z.png
[2025-11-27T03:29:18.002Z] 測試項目 3/11 完成
[2025-11-27T03:29:18.002Z] 開始執行測試項目 4/11: 排序按鈕測試
[2025-11-27T03:29:18.003Z] 開始排序按鈕測試...
[2025-11-27T03:29:20.811Z] 測試項目 4/11 完成
[2025-11-27T03:29:20.811Z] 開始執行測試項目 5/11: Promotion 圖片檢查
[2025-11-27T03:29:20.812Z] 開始 Promotion 圖片檢查...
[2025-11-27T03:29:21.947Z] 測試項目 5/11 完成
[2025-11-27T03:29:21.948Z] 開始執行測試項目 6/11: All Streamers 圖片檢查
[2025-11-27T03:29:21.949Z] 開始 All Streamers 圖片檢查...
[2025-11-27T03:29:22.709Z] 測試項目 6/11 完成
[2025-11-27T03:29:22.710Z] 開始執行測試項目 7/11: All Streamers 排列按鈕測試
[2025-11-27T03:29:22.711Z] 開始 All Streamers 排列按鈕測試...
[2025-11-27T03:29:28.367Z] 測試項目 7/11 完成
[2025-11-27T03:29:28.878Z] 開始執行測試項目 8/11: 直播主介紹卡片點擊測試
[2025-11-27T03:29:28.879Z] 開始直播主介紹卡片點擊測試...
[2025-11-27T03:29:34.876Z] 測試項目 8/12 完成
[2025-11-27T03:29:34.879Z] 開始執行測試項目 9/11: 排行榜檢查
[2025-11-27T03:29:34.881Z] 開始排行榜檢查...
[2025-11-27T03:29:36.102Z] 滾動到 All Times 區域 (y: 340)...
[2025-11-27T03:29:37.622Z] 移動滑鼠到 All Times 區域 (座標: 32, 340)...
[2025-11-27T03:29:38.346Z] 已截圖 All Times 區域: C:\Users\penny\OneDrive\Desktop\stream-lobby\debug\ranking-all-times-2025-11-27T03-29-00-330Z.png
[2025-11-27T03:29:38.347Z] 檢查 All Times 資料...
[2025-11-27T03:29:38.354Z] 滾動到 Weekly Ranking 區域 (y: 412)...
[2025-11-27T03:29:39.873Z] 移動滑鼠到 Weekly Ranking 區域 (座標: 50, 412)...
[2025-11-27T03:29:40.569Z] 已截圖 Weekly Ranking 區域: C:\Users\penny\OneDrive\Desktop\stream-lobby\debug\ranking-weekly-2025-11-27T03-29-00-330Z.png
[2025-11-27T03:29:40.570Z] 檢查 Weekly Ranking 資料...
[2025-11-27T03:29:40.763Z] 測試項目 9/12 完成
[2025-11-27T03:29:40.763Z] 開始執行測試項目 10/11: 直播主照片檢查
[2025-11-27T03:29:40.764Z] 開始直播主照片檢查...
[2025-11-27T03:29:40.829Z] 已點擊 Photo 分頁
[2025-11-27T03:29:40.831Z] 找到 3 張照片（含破圖也算）
[2025-11-27T03:29:40.869Z] 照片統計：總數=3，正常=0，破圖=3（第 1、2、3 張為破圖）
[2025-11-27T03:29:40.963Z] 已點擊第 1 張照片
[2025-11-27T03:29:41.983Z] 偵測到照片大圖彈窗，嘗試關閉...
[2025-11-27T03:29:42.004Z] 照片大圖彈窗已透過 Esc 關閉
[2025-11-27T03:29:42.118Z] 已點擊第 2 張照片
[2025-11-27T03:29:43.126Z] 偵測到照片大圖彈窗，嘗試關閉...
[2025-11-27T03:29:43.133Z] 照片大圖彈窗已透過 Esc 關閉
[2025-11-27T03:29:43.135Z] ❌ 照片異常：共 3 張，正常 0 張，破圖 3 張（第 1、2、3 張為破圖）
[2025-11-27T03:29:43.135Z] 測試項目 10/12 完成
[2025-11-27T03:29:43.136Z] 開始執行測試項目 11/11: 返回按鈕測試
[2025-11-27T03:29:43.138Z] 開始返回按鈕測試...
[2025-11-27T03:29:43.829Z] 截圖（點擊前）: C:\Users\penny\OneDrive\Desktop\stream-lobby\debug\back-button-before-2025-11-27T03-29-00-330Z.png
[2025-11-27T03:29:43.833Z] 找到返回按鈕，位置: {
  "x": 317,
  "y": 48
}
[2025-11-27T03:29:43.835Z] 點擊前的 URL: http://lobby.sns.lab/?isAgentApi=&token=MTc0OTgwMjE0MDk3NDY1MzY5NgTGISrqZoQmbJyXbuAVxQbCuoSlvlgjGZNrDWpX
[2025-11-27T03:29:43.862Z] 已點擊返回按鈕，等待頁面載入...
[2025-11-27T03:29:43.864Z] 頁面載入完成 (domcontentloaded)
[2025-11-27T03:29:45.109Z] 截圖（點擊後）: C:\Users\penny\OneDrive\Desktop\stream-lobby\debug\back-button-after-2025-11-27T03-29-00-330Z.png
[2025-11-27T03:29:45.110Z] 點擊後的 URL: http://lobby.sns.lab/?isAgentApi=&token=MTc0OTgwMjE0MDk3NDY1MzY5NgTGISrqZoQmbJyXbuAVxQbCuoSlvlgjGZNrDWpX
[2025-11-27T03:29:45.111Z] ⚠️ URL 未改變（可能是 SPA 應用），但仍繼續執行置頂
[2025-11-27T03:29:45.111Z] 滾動到頁面頂部...
[2025-11-27T03:29:46.048Z] 當前滾動位置: 0
[2025-11-27T03:29:46.791Z] 截圖（滾動後）: C:\Users\penny\OneDrive\Desktop\stream-lobby\debug\back-button-scrolled-2025-11-27T03-29-00-330Z.png
[2025-11-27T03:29:46.794Z] 測試項目 11/11 完成
[2025-11-27T03:29:46.796Z] 所有測試項目執行完成
[2025-11-27T03:29:46.797Z] ✅ 所有 11 個測試項目都已執行
