[2025-11-26T02:54:58.691Z] 📝 日誌文件已創建: C:\Users\penny\OneDrive\Desktop\stream-lobby\logs\server-2025-11-26T02-54-58-690Z.log
[2025-11-26T02:54:58.695Z] 
🚀 檢查工具伺服器運行在 http://localhost:3000
[2025-11-26T02:54:58.697Z] ━━━━━━━━━━━━━━━━━━━━━━━━━━━━━━━━━━━━━━
[2025-11-26T02:54:58.698Z] 📋 測試工具 1 (7項測試): http://localhost:3000/
[2025-11-26T02:54:58.699Z] 🎮 測試工具 2 (10項測試): http://localhost:3000/test2.html
[2025-11-26T02:54:58.699Z] ━━━━━━━━━━━━━━━━━━━━━━━━━━━━━━━━━━━━━━
[2025-11-26T02:54:58.700Z] 📝 所有日誌將保存到: C:\Users\penny\OneDrive\Desktop\stream-lobby\logs\server-2025-11-26T02-54-58-690Z.log

[2025-11-26T03:04:05.179Z] 開始執行測試項目 1/10: gVersion 版號測試
[2025-11-26T03:04:05.186Z] 測試項目 1/10 完成
[2025-11-26T03:04:05.187Z] 開始執行測試項目 2/10: Stream n'Spin 彈窗測試
[2025-11-26T03:04:05.188Z] 開始 Stream n'Spin 彈窗測試...
[2025-11-26T03:04:08.144Z] 測試項目 2/10 完成
[2025-11-26T03:04:08.145Z] 開始執行測試項目 3/10: 更名功能測試
[2025-11-26T03:04:08.146Z] 開始更名功能測試 (點擊帳號名稱 -> 開啟視窗 -> 點擊 X 關閉)...
[2025-11-26T03:04:10.692Z] 測試項目 3/10 完成
[2025-11-26T03:04:10.692Z] 開始執行測試項目 4/10: 排序按鈕測試
[2025-11-26T03:04:10.694Z] 開始排序按鈕測試...
[2025-11-26T03:04:16.441Z] 測試項目 4/10 完成
[2025-11-26T03:04:16.442Z] 開始執行測試項目 5/10: Promotion 圖片檢查
[2025-11-26T03:04:16.443Z] 開始 Promotion 圖片檢查...
[2025-11-26T03:04:19.079Z] 測試項目 5/10 完成
[2025-11-26T03:04:19.080Z] 開始執行測試項目 6/10: All Streamers 圖片檢查
[2025-11-26T03:04:19.080Z] 開始 All Streamers 圖片檢查...
[2025-11-26T03:04:20.623Z] 測試項目 6/10 完成
[2025-11-26T03:04:20.623Z] 開始執行測試項目 7/10: All Streamers 排列按鈕測試
[2025-11-26T03:04:20.625Z] 開始 All Streamers 排列按鈕測試...
[2025-11-26T03:04:26.411Z] 測試項目 7/10 完成
[2025-11-26T03:04:26.920Z] 開始執行測試項目 8/10: 直播主介紹卡片點擊測試
[2025-11-26T03:04:26.921Z] 開始直播主介紹卡片點擊測試...
[2025-11-26T03:04:32.925Z] 測試項目 8/10 完成
[2025-11-26T03:04:32.925Z] 開始執行測試項目 9/10: 排行榜檢查
[2025-11-26T03:04:32.927Z] 開始排行榜檢查...
[2025-11-26T03:04:34.132Z] 滾動到 All Times 區域 (y: 340)...
[2025-11-26T03:04:35.641Z] 移動滑鼠到 All Times 區域 (座標: 32, 340)...
[2025-11-26T03:04:36.396Z] 已截圖 All Times 區域: C:\Users\penny\OneDrive\Desktop\stream-lobby\debug\ranking-all-times-2025-11-26T03-03-58-776Z.png
[2025-11-26T03:04:36.397Z] 檢查 All Times 資料...
[2025-11-26T03:04:36.402Z] 滾動到 Weekly Ranking 區域 (y: 412)...
[2025-11-26T03:04:37.908Z] 移動滑鼠到 Weekly Ranking 區域 (座標: 50, 412)...
[2025-11-26T03:04:38.627Z] 已截圖 Weekly Ranking 區域: C:\Users\penny\OneDrive\Desktop\stream-lobby\debug\ranking-weekly-2025-11-26T03-03-58-776Z.png
[2025-11-26T03:04:38.627Z] 檢查 Weekly Ranking 資料...
[2025-11-26T03:04:38.801Z] 測試項目 9/10 完成
[2025-11-26T03:04:38.802Z] 開始執行測試項目 10/10: 直播主照片檢查
[2025-11-26T03:04:38.803Z] 開始直播主照片檢查...
[2025-11-26T03:04:39.987Z] 點擊 Photo 分頁...
[2025-11-26T03:04:39.988Z] 滾動到頁面頂部...
[2025-11-26T03:04:41.001Z] ✓ Photo 按鈕已點擊 (Photo) at (888, 536)
[2025-11-26T03:04:43.226Z] 頁面切換驗證: Photo按鈕選中=true, Profile按鈕選中=false
[2025-11-26T03:04:43.227Z] ✓ 已成功切換到 Photo 頁面
[2025-11-26T03:04:43.228Z] 點擊照片區域...
[2025-11-26T03:04:43.232Z] 照片區域: x=16, y=260, 寬=314, 高=314
[2025-11-26T03:04:43.234Z] 照片中心點（頁面座標）: (173, 417)
[2025-11-26T03:04:43.236Z] 滾動頁面往下...
[2025-11-26T03:04:44.753Z] ✓ 當前滾動位置: 250px
[2025-11-26T03:04:44.929Z] 截圖已保存: C:\Users\penny\OneDrive\Desktop\stream-lobby\debug\photo-before-click-2025-11-26T03-03-58-776Z.png
[2025-11-26T03:04:44.930Z] 照片在視窗中: 頂部Y=10px, 中心Y=167px, 底部Y=324px
[2025-11-26T03:04:44.930Z] 準備點擊座標（視窗）: X=173, Y=167
[2025-11-26T03:04:44.930Z] 🖱️  移動滑鼠到照片中心...
[2025-11-26T03:04:46.462Z] 🖱️  執行點擊動作！
[2025-11-26T03:04:48.579Z] ✅ 照片點擊動作已執行
[2025-11-26T03:04:49.453Z] 測試項目 10/10 完成
[2025-11-26T03:04:49.454Z] 所有測試項目執行完成
[2025-11-26T03:04:49.455Z] ✅ 所有 10 個測試項目都已執行
