[2025-11-26T02:51:59.273Z] 📝 日誌文件已創建: C:\Users\penny\OneDrive\Desktop\stream-lobby\logs\server-2025-11-26T02-51-59-272Z.log
[2025-11-26T02:51:59.278Z] 
🚀 檢查工具伺服器運行在 http://localhost:3000
[2025-11-26T02:51:59.279Z] ━━━━━━━━━━━━━━━━━━━━━━━━━━━━━━━━━━━━━━
[2025-11-26T02:51:59.279Z] 📋 測試工具 1 (7項測試): http://localhost:3000/
[2025-11-26T02:51:59.280Z] 🎮 測試工具 2 (10項測試): http://localhost:3000/test2.html
[2025-11-26T02:51:59.281Z] ━━━━━━━━━━━━━━━━━━━━━━━━━━━━━━━━━━━━━━
[2025-11-26T02:51:59.281Z] 📝 所有日誌將保存到: C:\Users\penny\OneDrive\Desktop\stream-lobby\logs\server-2025-11-26T02-51-59-272Z.log

[2025-11-26T02:52:17.232Z] 開始執行測試項目 1/10: gVersion 版號測試
[2025-11-26T02:52:17.238Z] 測試項目 1/10 完成
[2025-11-26T02:52:17.240Z] 開始執行測試項目 2/10: Stream n'Spin 彈窗測試
[2025-11-26T02:52:17.242Z] 開始 Stream n'Spin 彈窗測試...
[2025-11-26T02:52:20.237Z] 測試項目 2/10 完成
[2025-11-26T02:52:20.238Z] 開始執行測試項目 3/10: 更名功能測試
[2025-11-26T02:52:20.239Z] 開始更名功能測試 (點擊帳號名稱 -> 開啟視窗 -> 點擊 X 關閉)...
[2025-11-26T02:52:22.748Z] 測試項目 3/10 完成
[2025-11-26T02:52:22.749Z] 開始執行測試項目 4/10: 排序按鈕測試
[2025-11-26T02:52:22.751Z] 開始排序按鈕測試...
[2025-11-26T02:52:28.508Z] 測試項目 4/10 完成
[2025-11-26T02:52:28.508Z] 開始執行測試項目 5/10: Promotion 圖片檢查
[2025-11-26T02:52:28.509Z] 開始 Promotion 圖片檢查...
[2025-11-26T02:52:31.045Z] 測試項目 5/10 完成
[2025-11-26T02:52:31.045Z] 開始執行測試項目 6/10: All Streamers 圖片檢查
[2025-11-26T02:52:31.046Z] 開始 All Streamers 圖片檢查...
[2025-11-26T02:52:32.584Z] 測試項目 6/10 完成
[2025-11-26T02:52:32.585Z] 開始執行測試項目 7/10: All Streamers 排列按鈕測試
[2025-11-26T02:52:32.586Z] 開始 All Streamers 排列按鈕測試...
[2025-11-26T02:52:38.372Z] 測試項目 7/10 完成
[2025-11-26T02:52:38.882Z] 開始執行測試項目 8/10: 直播主介紹卡片點擊測試
[2025-11-26T02:52:38.883Z] 開始直播主介紹卡片點擊測試...
[2025-11-26T02:52:44.920Z] 測試項目 8/10 完成
[2025-11-26T02:52:44.921Z] 開始執行測試項目 9/10: 排行榜檢查
[2025-11-26T02:52:44.922Z] 開始排行榜檢查...
[2025-11-26T02:52:46.126Z] 滾動到 All Times 區域 (y: 340)...
[2025-11-26T02:52:47.646Z] 移動滑鼠到 All Times 區域 (座標: 32, 340)...
[2025-11-26T02:52:48.378Z] 已截圖 All Times 區域: C:\Users\penny\OneDrive\Desktop\stream-lobby\debug\ranking-all-times-2025-11-26T02-52-10-131Z.png
[2025-11-26T02:52:48.378Z] 檢查 All Times 資料...
[2025-11-26T02:52:48.385Z] 滾動到 Weekly Ranking 區域 (y: 412)...
[2025-11-26T02:52:49.903Z] 移動滑鼠到 Weekly Ranking 區域 (座標: 50, 412)...
[2025-11-26T02:52:50.628Z] 已截圖 Weekly Ranking 區域: C:\Users\penny\OneDrive\Desktop\stream-lobby\debug\ranking-weekly-2025-11-26T02-52-10-131Z.png
[2025-11-26T02:52:50.629Z] 檢查 Weekly Ranking 資料...
[2025-11-26T02:52:50.811Z] 測試項目 9/10 完成
[2025-11-26T02:52:50.812Z] 開始執行測試項目 10/10: 直播主照片檢查
[2025-11-26T02:52:50.813Z] 開始直播主照片檢查...
[2025-11-26T02:52:52.025Z] 點擊 Photo 分頁...
[2025-11-26T02:52:52.026Z] 滾動到頁面頂部...
[2025-11-26T02:52:53.046Z] ✓ Photo 按鈕已點擊 (Photo) at (888, 536)
[2025-11-26T02:52:55.288Z] 頁面切換驗證: Photo按鈕選中=true, Profile按鈕選中=false
[2025-11-26T02:52:55.289Z] ✓ 已成功切換到 Photo 頁面
[2025-11-26T02:52:55.291Z] 點擊照片區域...
[2025-11-26T02:52:55.292Z] 照片區域: x=16, y=260, 寬=314, 高=314
[2025-11-26T02:52:55.292Z] 照片中心點（頁面座標）: (173, 417)
[2025-11-26T02:52:55.293Z] 滾動頁面往下...
[2025-11-26T02:52:56.805Z] ✓ 當前滾動位置: 200px
[2025-11-26T02:52:57.009Z] 照片在視窗中: 頂部Y=60px, 底部Y=374px
[2025-11-26T02:52:57.010Z] 照片中心（視窗座標）: (173, 217)
[2025-11-26T02:52:57.011Z] >>> 移動滑鼠到照片中心 (173, 217)...
[2025-11-26T02:52:58.535Z] >>> 執行點擊照片 (173, 217)...
[2025-11-26T02:53:00.542Z] ✓✓✓ 照片已點擊 ✓✓✓
[2025-11-26T02:53:01.423Z] 測試項目 10/10 完成
[2025-11-26T02:53:01.424Z] 所有測試項目執行完成
[2025-11-26T02:53:01.424Z] ✅ 所有 10 個測試項目都已執行
