[2025-11-26T07:43:51.012Z] 📝 日誌文件已創建: C:\Users\penny\OneDrive\Desktop\stream-lobby\logs\server-2025-11-26T07-43-51-011Z.log
[2025-11-26T07:43:51.020Z] 
🚀 檢查工具伺服器運行在 http://localhost:3000
[2025-11-26T07:43:51.021Z] ━━━━━━━━━━━━━━━━━━━━━━━━━━━━━━━━━━━━━━
[2025-11-26T07:43:51.021Z] 📋 測試工具 1 (7項測試): http://localhost:3000/
[2025-11-26T07:43:51.022Z] 🎮 測試工具 2 (10項測試): http://localhost:3000/test2.html
[2025-11-26T07:43:51.023Z] ━━━━━━━━━━━━━━━━━━━━━━━━━━━━━━━━━━━━━━
[2025-11-26T07:43:51.024Z] 📝 所有日誌將保存到: C:\Users\penny\OneDrive\Desktop\stream-lobby\logs\server-2025-11-26T07-43-51-011Z.log

[2025-11-26T07:49:34.430Z] 開始執行測試項目 1/10: gVersion 版號測試
[2025-11-26T07:49:34.438Z] 測試項目 1/10 完成
[2025-11-26T07:49:34.439Z] 開始執行測試項目 2/10: Stream n'Spin 彈窗測試
[2025-11-26T07:49:34.439Z] 開始 Stream n'Spin 彈窗測試...
[2025-11-26T07:49:35.707Z] 測試項目 2/10 完成
[2025-11-26T07:49:35.707Z] 開始執行測試項目 3/10: 更名功能測試
[2025-11-26T07:49:35.709Z] 開始更名功能測試 (點擊帳號名稱 -> 開啟視窗 -> 點擊 X 關閉)...
[2025-11-26T07:49:35.930Z] 測試項目 3/10 完成
[2025-11-26T07:49:35.931Z] 開始執行測試項目 4/10: 排序按鈕測試
[2025-11-26T07:49:35.932Z] 開始排序按鈕測試...
[2025-11-26T07:49:38.749Z] 測試項目 4/10 完成
[2025-11-26T07:49:38.750Z] 開始執行測試項目 5/10: Promotion 圖片檢查
[2025-11-26T07:49:38.752Z] 開始 Promotion 圖片檢查...
[2025-11-26T07:49:40.007Z] 測試項目 5/10 完成
[2025-11-26T07:49:40.008Z] 開始執行測試項目 6/10: All Streamers 圖片檢查
[2025-11-26T07:49:40.011Z] 開始 All Streamers 圖片檢查...
[2025-11-26T07:49:40.834Z] 測試項目 6/10 完成
[2025-11-26T07:49:40.835Z] 開始執行測試項目 7/10: All Streamers 排列按鈕測試
[2025-11-26T07:49:40.837Z] 開始 All Streamers 排列按鈕測試...
[2025-11-26T07:49:42.672Z] ERROR: 測試項目 7/10 錯誤: {}
[2025-11-26T07:49:42.677Z] ERROR: checkWebsite 外層錯誤（不應影響測試執行）: {}
[2025-11-26T08:01:04.190Z] 開始執行測試項目 1/10: gVersion 版號測試
[2025-11-26T08:01:04.222Z] 測試項目 1/10 完成
[2025-11-26T08:01:04.223Z] 開始執行測試項目 2/10: Stream n'Spin 彈窗測試
[2025-11-26T08:01:04.225Z] 開始 Stream n'Spin 彈窗測試...
[2025-11-26T08:01:06.041Z] 測試項目 2/10 完成
[2025-11-26T08:01:06.052Z] 開始執行測試項目 3/10: 更名功能測試
[2025-11-26T08:01:06.059Z] 開始更名功能測試 (點擊帳號名稱 -> 開啟視窗 -> 點擊 X 關閉)...
[2025-11-26T08:01:07.238Z] 測試項目 3/10 完成
[2025-11-26T08:01:07.240Z] 開始執行測試項目 4/10: 排序按鈕測試
[2025-11-26T08:01:07.243Z] 開始排序按鈕測試...
[2025-11-26T08:01:07.259Z] ERROR: 測試項目 4/10 錯誤: {}
[2025-11-26T08:01:07.264Z] 開始執行測試項目 5/10: Promotion 圖片檢查
[2025-11-26T08:01:07.267Z] 開始 Promotion 圖片檢查...
[2025-11-26T08:01:07.279Z] ERROR: Promotion 圖片檢查錯誤: {}
[2025-11-26T08:01:07.284Z] 測試項目 5/10 完成
[2025-11-26T08:01:07.286Z] 開始執行測試項目 6/10: All Streamers 圖片檢查
[2025-11-26T08:01:07.287Z] 開始 All Streamers 圖片檢查...
[2025-11-26T08:01:07.292Z] ERROR: All Streamers 圖片檢查錯誤: {}
[2025-11-26T08:01:07.297Z] 測試項目 6/10 完成
[2025-11-26T08:01:07.301Z] 開始執行測試項目 7/10: All Streamers 排列按鈕測試
[2025-11-26T08:01:07.303Z] 開始 All Streamers 排列按鈕測試...
[2025-11-26T08:01:07.309Z] ERROR: 測試項目 7/10 錯誤: {}
[2025-11-26T08:01:07.315Z] ERROR: checkWebsite 外層錯誤（不應影響測試執行）: {}
[2025-11-26T09:16:45.845Z] 開始執行測試項目 1/10: gVersion 版號測試
[2025-11-26T09:16:45.852Z] 測試項目 1/10 完成
[2025-11-26T09:16:45.852Z] 開始執行測試項目 2/10: Stream n'Spin 彈窗測試
[2025-11-26T09:16:45.853Z] 開始 Stream n'Spin 彈窗測試...
[2025-11-26T09:16:47.085Z] 測試項目 2/10 完成
[2025-11-26T09:16:47.085Z] 開始執行測試項目 3/10: 更名功能測試
[2025-11-26T09:16:47.086Z] 開始更名功能測試 (點擊帳號名稱 -> 開啟視窗 -> 點擊 X 關閉)...
[2025-11-26T09:16:49.546Z] 測試項目 3/10 完成
[2025-11-26T09:16:49.546Z] 開始執行測試項目 4/10: 排序按鈕測試
[2025-11-26T09:16:49.547Z] 開始排序按鈕測試...
[2025-11-26T09:16:52.467Z] 測試項目 4/10 完成
[2025-11-26T09:16:52.467Z] 開始執行測試項目 5/10: Promotion 圖片檢查
[2025-11-26T09:16:52.470Z] 開始 Promotion 圖片檢查...
[2025-11-26T09:16:53.656Z] 測試項目 5/10 完成
[2025-11-26T09:16:53.657Z] 開始執行測試項目 6/10: All Streamers 圖片檢查
[2025-11-26T09:16:53.658Z] 開始 All Streamers 圖片檢查...
[2025-11-26T09:16:54.458Z] 測試項目 6/10 完成
[2025-11-26T09:16:54.458Z] 開始執行測試項目 7/10: All Streamers 排列按鈕測試
[2025-11-26T09:16:54.459Z] 開始 All Streamers 排列按鈕測試...
[2025-11-26T09:17:00.198Z] 測試項目 7/10 完成
[2025-11-26T09:17:00.700Z] 開始執行測試項目 8/10: 直播主介紹卡片點擊測試
[2025-11-26T09:17:00.701Z] 開始直播主介紹卡片點擊測試...
[2025-11-26T09:17:06.708Z] 測試項目 8/10 完成
[2025-11-26T09:17:06.709Z] 開始執行測試項目 9/10: 排行榜檢查
[2025-11-26T09:17:06.710Z] 開始排行榜檢查...
[2025-11-26T09:17:07.915Z] 滾動到 All Times 區域 (y: 340)...
[2025-11-26T09:17:09.421Z] 移動滑鼠到 All Times 區域 (座標: 32, 340)...
[2025-11-26T09:17:10.157Z] 已截圖 All Times 區域: C:\Users\penny\OneDrive\Desktop\stream-lobby\debug\ranking-all-times-2025-11-26T09-16-38-983Z.png
[2025-11-26T09:17:10.157Z] 檢查 All Times 資料...
[2025-11-26T09:17:10.161Z] 滾動到 Weekly Ranking 區域 (y: 412)...
[2025-11-26T09:17:11.668Z] 移動滑鼠到 Weekly Ranking 區域 (座標: 50, 412)...
[2025-11-26T09:17:12.352Z] 已截圖 Weekly Ranking 區域: C:\Users\penny\OneDrive\Desktop\stream-lobby\debug\ranking-weekly-2025-11-26T09-16-38-983Z.png
[2025-11-26T09:17:12.354Z] 檢查 Weekly Ranking 資料...
[2025-11-26T09:17:12.508Z] 測試項目 9/10 完成
[2025-11-26T09:17:12.509Z] 開始執行測試項目 10/10: 直播主照片檢查
[2025-11-26T09:17:12.509Z] 開始直播主照片檢查...
[2025-11-26T09:17:12.561Z] 已點擊 Photo 分頁
[2025-11-26T09:17:12.564Z] 找到 3 張照片（含破圖也算）
[2025-11-26T09:17:12.600Z] 照片統計：總數=3，正常=0，破圖=3（第 1、2、3 張為破圖）
[2025-11-26T09:17:12.707Z] 已點擊第 1 張照片
[2025-11-26T09:17:13.738Z] 偵測到照片大圖彈窗，嘗試關閉...
[2025-11-26T09:17:13.766Z] 照片大圖彈窗已關閉
[2025-11-26T09:17:13.863Z] 已點擊第 2 張照片
[2025-11-26T09:17:14.866Z] ❌ 照片異常：共 3 張，正常 0 張，破圖 3 張（第 1、2、3 張為破圖）
[2025-11-26T09:17:14.867Z] 測試項目 10/10 完成
[2025-11-26T09:17:14.867Z] 所有測試項目執行完成
[2025-11-26T09:17:14.867Z] ✅ 所有 10 個測試項目都已執行
[2025-11-26T10:50:05.966Z] 開始執行測試項目 1/10: gVersion 版號測試
[2025-11-26T10:50:05.976Z] 測試項目 1/10 完成
[2025-11-26T10:50:05.976Z] 開始執行測試項目 2/10: Stream n'Spin 彈窗測試
[2025-11-26T10:50:05.977Z] 開始 Stream n'Spin 彈窗測試...
[2025-11-26T10:50:07.238Z] 測試項目 2/10 完成
[2025-11-26T10:50:07.240Z] 開始執行測試項目 3/10: 更名功能測試
[2025-11-26T10:50:07.241Z] 開始更名功能測試 (點擊帳號名稱 -> 開啟視窗 -> 點擊 X 關閉)...
[2025-11-26T10:50:09.800Z] 測試項目 3/10 完成
[2025-11-26T10:50:09.801Z] 開始執行測試項目 4/10: 排序按鈕測試
[2025-11-26T10:50:09.801Z] 開始排序按鈕測試...
[2025-11-26T10:50:12.872Z] 測試項目 4/10 完成
[2025-11-26T10:50:12.872Z] 開始執行測試項目 5/10: Promotion 圖片檢查
[2025-11-26T10:50:12.873Z] 開始 Promotion 圖片檢查...
[2025-11-26T10:50:14.132Z] 測試項目 5/10 完成
[2025-11-26T10:50:14.133Z] 開始執行測試項目 6/10: All Streamers 圖片檢查
[2025-11-26T10:50:14.134Z] 開始 All Streamers 圖片檢查...
[2025-11-26T10:50:15.000Z] 測試項目 6/10 完成
[2025-11-26T10:50:15.001Z] 開始執行測試項目 7/10: All Streamers 排列按鈕測試
[2025-11-26T10:50:15.003Z] 開始 All Streamers 排列按鈕測試...
[2025-11-26T10:50:20.903Z] 測試項目 7/10 完成
[2025-11-26T10:50:21.421Z] 開始執行測試項目 8/10: 直播主介紹卡片點擊測試
[2025-11-26T10:50:21.423Z] 開始直播主介紹卡片點擊測試...
[2025-11-26T10:50:27.526Z] 測試項目 8/10 完成
[2025-11-26T10:50:27.528Z] 開始執行測試項目 9/10: 排行榜檢查
[2025-11-26T10:50:27.529Z] 開始排行榜檢查...
[2025-11-26T10:50:28.784Z] 滾動到 All Times 區域 (y: 340)...
[2025-11-26T10:50:30.299Z] 移動滑鼠到 All Times 區域 (座標: 32, 340)...
[2025-11-26T10:50:31.100Z] 已截圖 All Times 區域: C:\Users\penny\OneDrive\Desktop\stream-lobby\debug\ranking-all-times-2025-11-26T10-49-52-036Z.png
[2025-11-26T10:50:31.102Z] 檢查 All Times 資料...
[2025-11-26T10:50:31.110Z] 滾動到 Weekly Ranking 區域 (y: 412)...
[2025-11-26T10:50:32.628Z] 移動滑鼠到 Weekly Ranking 區域 (座標: 50, 412)...
[2025-11-26T10:50:33.323Z] 已截圖 Weekly Ranking 區域: C:\Users\penny\OneDrive\Desktop\stream-lobby\debug\ranking-weekly-2025-11-26T10-49-52-036Z.png
[2025-11-26T10:50:33.324Z] 檢查 Weekly Ranking 資料...
[2025-11-26T10:50:33.489Z] 測試項目 9/10 完成
[2025-11-26T10:50:33.490Z] 開始執行測試項目 10/10: 直播主照片檢查
[2025-11-26T10:50:33.490Z] 開始直播主照片檢查...
[2025-11-26T10:50:33.562Z] 已點擊 Photo 分頁
[2025-11-26T10:50:33.572Z] 找到 3 張照片（含破圖也算）
[2025-11-26T10:50:33.620Z] 照片統計：總數=3，正常=0，破圖=3（第 1、2、3 張為破圖）
[2025-11-26T10:50:33.708Z] 已點擊第 1 張照片
[2025-11-26T10:50:34.726Z] 偵測到照片大圖彈窗，嘗試關閉...
[2025-11-26T10:50:34.744Z] 照片大圖彈窗已關閉
[2025-11-26T10:50:34.874Z] 已點擊第 2 張照片
[2025-11-26T10:50:35.876Z] ❌ 照片異常：共 3 張，正常 0 張，破圖 3 張（第 1、2、3 張為破圖）
[2025-11-26T10:50:35.877Z] 測試項目 10/10 完成
[2025-11-26T10:50:35.878Z] 所有測試項目執行完成
[2025-11-26T10:50:35.878Z] ✅ 所有 10 個測試項目都已執行
