[2025-11-25T10:11:01.053Z] 📝 日誌文件已創建: C:\Users\penny\OneDrive\Desktop\stream-lobby\logs\server-2025-11-25T10-11-01-053Z.log
[2025-11-25T10:11:01.058Z] 
🚀 檢查工具伺服器運行在 http://localhost:3000
[2025-11-25T10:11:01.060Z] ━━━━━━━━━━━━━━━━━━━━━━━━━━━━━━━━━━━━━━
[2025-11-25T10:11:01.060Z] 📋 測試工具 1 (7項測試): http://localhost:3000/
[2025-11-25T10:11:01.061Z] 🎮 測試工具 2 (10項測試): http://localhost:3000/test2.html
[2025-11-25T10:11:01.062Z] ━━━━━━━━━━━━━━━━━━━━━━━━━━━━━━━━━━━━━━
[2025-11-25T10:11:01.064Z] 📝 所有日誌將保存到: C:\Users\penny\OneDrive\Desktop\stream-lobby\logs\server-2025-11-25T10-11-01-053Z.log

[2025-11-25T10:12:03.180Z] 開始執行測試項目 1/10: gVersion 版號測試
[2025-11-25T10:12:03.182Z] 測試項目 1/10 完成
[2025-11-25T10:12:03.183Z] 開始執行測試項目 2/10: Stream n'Spin 彈窗測試
[2025-11-25T10:12:03.184Z] 開始 Stream n'Spin 彈窗測試...
[2025-11-25T10:12:04.452Z] 測試項目 2/10 完成
[2025-11-25T10:12:04.452Z] 開始執行測試項目 3/10: 更名功能測試
[2025-11-25T10:12:04.453Z] 開始更名功能測試 (點擊帳號名稱 -> 開啟視窗 -> 點擊 X 關閉)...
[2025-11-25T10:12:08.350Z] 測試項目 3/10 完成
[2025-11-25T10:12:08.350Z] 開始執行測試項目 4/8: 排序按鈕測試
[2025-11-25T10:12:08.351Z] 開始排序按鈕測試...
[2025-11-25T10:12:14.191Z] 測試項目 4/10 完成
[2025-11-25T10:12:14.191Z] 開始執行測試項目 5/10: Promotion 圖片檢查
[2025-11-25T10:12:14.192Z] 開始 Promotion 圖片檢查...
[2025-11-25T10:12:16.713Z] 測試項目 5/10 完成
[2025-11-25T10:12:16.713Z] 開始執行測試項目 6/10: All Streamers 圖片檢查
[2025-11-25T10:12:16.714Z] 開始 All Streamers 圖片檢查...
[2025-11-25T10:12:18.197Z] 測試項目 6/10 完成
[2025-11-25T10:12:18.197Z] 開始執行測試項目 7/10: All Streamers 排列按鈕測試
[2025-11-25T10:12:18.198Z] 開始 All Streamers 排列按鈕測試...
[2025-11-25T10:12:23.972Z] 測試項目 7/10 完成
[2025-11-25T10:12:24.479Z] 開始執行測試項目 8/10: 直播主介紹卡片點擊測試
[2025-11-25T10:12:24.480Z] 開始直播主介紹卡片點擊測試...
[2025-11-25T10:12:30.514Z] 測試項目 8/10 完成
[2025-11-25T10:12:30.515Z] 開始執行測試項目 9/10: 排行榜檢查
[2025-11-25T10:12:30.516Z] 開始排行榜檢查...
[2025-11-25T10:12:31.771Z] 滾動到 All Times 區域 (y: 340)...
[2025-11-25T10:12:33.289Z] 移動滑鼠到 All Times 區域 (座標: 32, 340)...
[2025-11-25T10:12:34.001Z] 已截圖 All Times 區域: C:\Users\penny\OneDrive\Desktop\stream-lobby\debug\ranking-all-times-2025-11-25T10-11-55-158Z.png
[2025-11-25T10:12:34.002Z] 檢查 All Times 資料...
[2025-11-25T10:12:34.010Z] All Times 檢查結果: {
  "found": true,
  "hasData": true,
  "textContent": "All Timestrytry01$2,012,000Ash2248$1,110,000Victor8147$601,000",
  "textLength": 62
}
[2025-11-25T10:12:34.014Z] 滾動到 Weekly Ranking 區域 (y: 412)...
[2025-11-25T10:12:35.522Z] 移動滑鼠到 Weekly Ranking 區域 (座標: 50, 412)...
[2025-11-25T10:12:36.203Z] 已截圖 Weekly Ranking 區域: C:\Users\penny\OneDrive\Desktop\stream-lobby\debug\ranking-weekly-2025-11-25T10-11-55-158Z.png
[2025-11-25T10:12:36.205Z] 檢查 Weekly Ranking 資料...
[2025-11-25T10:12:36.212Z] Weekly Ranking 檢查結果: {
  "found": true,
  "hasData": true,
  "textContent": "All Timestrytry01$2,012,000Ash2248$1,110,000Victor8147$601,000",
  "textLength": 62
}
[2025-11-25T10:12:36.373Z] 測試項目 9/10 完成
[2025-11-25T10:12:36.375Z] 開始執行測試項目 10/10: 直播主照片檢查
[2025-11-25T10:12:36.377Z] 開始直播主照片檢查...
[2025-11-25T10:12:37.563Z] 點擊 Photo 分頁...
[2025-11-25T10:12:37.565Z] 滾動到頁面頂部...
[2025-11-25T10:12:38.070Z] 移動滑鼠到 Photo 分頁中心 (座標: 655, 135.5)...
[2025-11-25T10:12:38.381Z] 點擊 Photo 分頁 (座標: 655, 135.5)...
[2025-11-25T10:12:38.888Z] ✓ Photo 分頁已點擊
[2025-11-25T10:12:41.589Z] 點擊照片區域...
[2025-11-25T10:12:42.105Z] 移動滑鼠到照片區域中心 (座標: 245, 395)...
[2025-11-25T10:12:42.415Z] 點擊照片區域 (座標: 245, 395)...
[2025-11-25T10:12:42.928Z] ✓ 照片區域已點擊
[2025-11-25T10:12:44.645Z] 測試項目 10/10 完成
[2025-11-25T10:12:44.645Z] 所有測試項目執行完成
[2025-11-25T10:12:44.646Z] ✅ 所有 10 個測試項目都已執行
[2025-11-25T10:13:26.895Z] 開始執行測試項目 1/10: gVersion 版號測試
[2025-11-25T10:13:26.897Z] 測試項目 1/10 完成
[2025-11-25T10:13:26.898Z] 開始執行測試項目 2/10: Stream n'Spin 彈窗測試
[2025-11-25T10:13:26.898Z] 開始 Stream n'Spin 彈窗測試...
[2025-11-25T10:13:28.133Z] 測試項目 2/10 完成
[2025-11-25T10:13:28.135Z] 開始執行測試項目 3/10: 更名功能測試
[2025-11-25T10:13:28.135Z] 開始更名功能測試 (點擊帳號名稱 -> 開啟視窗 -> 點擊 X 關閉)...
[2025-11-25T10:13:30.606Z] 測試項目 3/10 完成
[2025-11-25T10:13:30.607Z] 開始執行測試項目 4/8: 排序按鈕測試
[2025-11-25T10:13:30.608Z] 開始排序按鈕測試...
[2025-11-25T10:13:36.295Z] 測試項目 4/10 完成
[2025-11-25T10:13:36.296Z] 開始執行測試項目 5/10: Promotion 圖片檢查
[2025-11-25T10:13:36.296Z] 開始 Promotion 圖片檢查...
[2025-11-25T10:13:38.846Z] 測試項目 5/10 完成
[2025-11-25T10:13:38.847Z] 開始執行測試項目 6/10: All Streamers 圖片檢查
[2025-11-25T10:13:38.847Z] 開始 All Streamers 圖片檢查...
[2025-11-25T10:13:40.395Z] 測試項目 6/10 完成
[2025-11-25T10:13:40.396Z] 開始執行測試項目 7/10: All Streamers 排列按鈕測試
[2025-11-25T10:13:40.396Z] 開始 All Streamers 排列按鈕測試...
[2025-11-25T10:13:46.155Z] 測試項目 7/10 完成
[2025-11-25T10:13:46.670Z] 開始執行測試項目 8/10: 直播主介紹卡片點擊測試
[2025-11-25T10:13:46.671Z] 開始直播主介紹卡片點擊測試...
[2025-11-25T10:13:52.709Z] 測試項目 8/10 完成
[2025-11-25T10:13:52.710Z] 開始執行測試項目 9/10: 排行榜檢查
[2025-11-25T10:13:52.710Z] 開始排行榜檢查...
[2025-11-25T10:13:53.921Z] 滾動到 All Times 區域 (y: 340)...
[2025-11-25T10:13:55.429Z] 移動滑鼠到 All Times 區域 (座標: 32, 340)...
[2025-11-25T10:13:56.148Z] 已截圖 All Times 區域: C:\Users\penny\OneDrive\Desktop\stream-lobby\debug\ranking-all-times-2025-11-25T10-13-20-246Z.png
[2025-11-25T10:13:56.149Z] 檢查 All Times 資料...
[2025-11-25T10:13:56.155Z] All Times 檢查結果: {
  "found": true,
  "hasData": true,
  "textContent": "All Timestrytry01$2,012,000Ash2248$1,110,000Victor8147$601,000",
  "textLength": 62
}
[2025-11-25T10:13:56.157Z] 滾動到 Weekly Ranking 區域 (y: 412)...
[2025-11-25T10:13:57.672Z] 移動滑鼠到 Weekly Ranking 區域 (座標: 50, 412)...
[2025-11-25T10:13:58.347Z] 已截圖 Weekly Ranking 區域: C:\Users\penny\OneDrive\Desktop\stream-lobby\debug\ranking-weekly-2025-11-25T10-13-20-246Z.png
[2025-11-25T10:13:58.348Z] 檢查 Weekly Ranking 資料...
[2025-11-25T10:13:58.361Z] Weekly Ranking 檢查結果: {
  "found": true,
  "hasData": true,
  "textContent": "All Timestrytry01$2,012,000Ash2248$1,110,000Victor8147$601,000",
  "textLength": 62
}
[2025-11-25T10:13:58.534Z] 測試項目 9/10 完成
[2025-11-25T10:13:58.534Z] 開始執行測試項目 10/10: 直播主照片檢查
[2025-11-25T10:13:58.535Z] 開始直播主照片檢查...
[2025-11-25T10:13:59.726Z] 點擊 Photo 分頁...
[2025-11-25T10:13:59.728Z] 滾動到頁面頂部...
[2025-11-25T10:14:00.236Z] 移動滑鼠到 Photo 分頁中心 (座標: 655, 135.5)...
[2025-11-25T10:14:00.561Z] 點擊 Photo 分頁 (座標: 655, 135.5)...
[2025-11-25T10:14:01.070Z] ✓ Photo 分頁已點擊
[2025-11-25T10:14:03.805Z] 點擊照片區域...
[2025-11-25T10:14:04.313Z] 移動滑鼠到照片區域中心 (座標: 245, 395)...
[2025-11-25T10:14:04.635Z] 點擊照片區域 (座標: 245, 395)...
[2025-11-25T10:14:05.148Z] ✓ 照片區域已點擊
[2025-11-25T10:14:06.838Z] 測試項目 10/10 完成
[2025-11-25T10:14:06.839Z] 所有測試項目執行完成
[2025-11-25T10:14:06.840Z] ✅ 所有 10 個測試項目都已執行
