[2025-11-20T03:25:30.581Z] 📝 日誌文件已創建: C:\Users\penny\OneDrive\Desktop\stream-lobby\logs\server-2025-11-20T03-25-30-580Z.log
[2025-11-20T03:25:30.586Z] 
🚀 檢查工具伺服器運行在 http://localhost:3000
[2025-11-20T03:25:30.587Z] ━━━━━━━━━━━━━━━━━━━━━━━━━━━━━━━━━━━━━━
[2025-11-20T03:25:30.587Z] 📋 測試工具 1 (7項測試): http://localhost:3000/
[2025-11-20T03:25:30.588Z] 🎮 測試工具 2 (10項測試): http://localhost:3000/test2.html
[2025-11-20T03:25:30.588Z] ━━━━━━━━━━━━━━━━━━━━━━━━━━━━━━━━━━━━━━
[2025-11-20T03:25:30.589Z] 📝 所有日誌將保存到: C:\Users\penny\OneDrive\Desktop\stream-lobby\logs\server-2025-11-20T03-25-30-580Z.log

[2025-11-20T03:26:19.425Z] 開始執行測試項目 1/9: gVersion 版號測試
[2025-11-20T03:26:19.428Z] 測試項目 1/9 完成
[2025-11-20T03:26:19.429Z] 開始執行測試項目 2/9: Stream n'Spin 彈窗測試
[2025-11-20T03:26:19.429Z] 開始 Stream n'Spin 彈窗測試...
[2025-11-20T03:26:22.388Z] 測試項目 2/9 完成
[2025-11-20T03:26:22.389Z] 開始執行測試項目 3/9: 更名功能測試
[2025-11-20T03:26:22.390Z] 開始更名功能測試 (點擊帳號名稱 -> 開啟視窗 -> 點擊 X 關閉)...
[2025-11-20T03:26:24.813Z] 測試項目 3/9 完成
[2025-11-20T03:26:24.813Z] 開始執行測試項目 4/9: 排序按鈕測試
[2025-11-20T03:26:24.814Z] 開始排序按鈕測試...
[2025-11-20T03:26:30.584Z] 測試項目 4/9 完成
[2025-11-20T03:26:30.585Z] 開始執行測試項目 5/9: Promotion 圖片檢查
[2025-11-20T03:26:30.587Z] 開始 Promotion 圖片檢查...
[2025-11-20T03:26:33.089Z] 測試項目 5/9 完成
[2025-11-20T03:26:33.090Z] 開始執行測試項目 6/9: All Streamers 圖片檢查
[2025-11-20T03:26:33.091Z] 開始 All Streamers 圖片檢查...
[2025-11-20T03:26:34.640Z] 測試項目 6/9 完成
[2025-11-20T03:26:34.640Z] 開始執行測試項目 7/9: All Streamers 排列按鈕測試
[2025-11-20T03:26:34.641Z] 開始 All Streamers 排列按鈕測試...
[2025-11-20T03:26:40.515Z] 測試項目 7/9 完成
[2025-11-20T03:26:41.029Z] 開始執行測試項目 8/9: 直播主介紹卡片點擊測試
[2025-11-20T03:26:41.030Z] 開始直播主介紹卡片點擊測試...
[2025-11-20T03:26:47.102Z] 測試項目 8/9 完成
[2025-11-20T03:26:47.605Z] 開始執行測試項目 9/9: Lobby 送禮測試
[2025-11-20T03:26:47.606Z] 開始 Lobby 送禮測試...
[2025-11-20T03:26:47.805Z] 禮物按鈕查找結果: {
  "found": true,
  "x": 1047,
  "y": 444,
  "element": "IMG (by selector)",
  "isClickable": true,
  "hasGiftKeyword": true,
  "debug": "使用選擇器找到禮物按鈕"
}
[2025-11-20T03:26:48.171Z] 方法1成功: Playwright 選擇器點擊
[2025-11-20T03:26:49.176Z] 禮物按鈕已點擊，等待禮物清單出現...
[2025-11-20T03:26:50.184Z] 禮物清單檢查結果 (嘗試 1/5): {
  "overlayFound": true,
  "overlayVisible": false,
  "giftGridFound": true,
  "giftGridVisible": true,
  "giftOverlaysFound": 0,
  "giftOverlaysVisible": 0
}
[2025-11-20T03:26:50.185Z] 禮物清單已出現！
[2025-11-20T03:26:51.194Z] 嘗試點擊選中的禮物...
[2025-11-20T03:26:53.516Z] 方法2失敗: page.click: Timeout 2000ms exceeded.
Call log:
  - waiting for locator('#root > div > div > div._overlay_1fh5q_1 > div > div > div._giftGrid_1fh5q_108 > div._giftItem_1fh5q_122._selected_1fh5q_148')

[2025-11-20T03:26:54.144Z] 方法4成功: 點擊第一個禮物來選中它
[2025-11-20T03:26:54.662Z] 方法4成功: 禮物已選中並點擊
[2025-11-20T03:26:55.167Z] 禮物已選擇，等待確認按鈕出現...
[2025-11-20T03:26:55.680Z] 嘗試點擊 Confirm 按鈕...
[2025-11-20T03:26:55.687Z] Confirm 方法1成功: JavaScript 點擊
[2025-11-20T03:26:55.688Z] Confirm 按鈕已點擊
[2025-11-20T03:26:57.804Z] 測試項目 9/9 完成
[2025-11-20T03:26:57.804Z] 所有測試項目執行完成
[2025-11-20T03:26:57.806Z] ✅ 所有 9 個測試項目都已執行
