[2025-11-26T03:49:15.504Z] 📝 日誌文件已創建: C:\Users\penny\OneDrive\Desktop\stream-lobby\logs\server-2025-11-26T03-49-15-504Z.log
[2025-11-26T03:49:15.510Z] 
🚀 檢查工具伺服器運行在 http://localhost:3000
[2025-11-26T03:49:15.511Z] ━━━━━━━━━━━━━━━━━━━━━━━━━━━━━━━━━━━━━━
[2025-11-26T03:49:15.511Z] 📋 測試工具 1 (7項測試): http://localhost:3000/
[2025-11-26T03:49:15.512Z] 🎮 測試工具 2 (10項測試): http://localhost:3000/test2.html
[2025-11-26T03:49:15.512Z] ━━━━━━━━━━━━━━━━━━━━━━━━━━━━━━━━━━━━━━
[2025-11-26T03:49:15.516Z] 📝 所有日誌將保存到: C:\Users\penny\OneDrive\Desktop\stream-lobby\logs\server-2025-11-26T03-49-15-504Z.log

[2025-11-26T03:50:16.450Z] 開始執行測試項目 1/10: gVersion 版號測試
[2025-11-26T03:50:16.463Z] 測試項目 1/10 完成
[2025-11-26T03:50:16.465Z] 開始執行測試項目 2/10: Stream n'Spin 彈窗測試
[2025-11-26T03:50:16.466Z] 開始 Stream n'Spin 彈窗測試...
[2025-11-26T03:50:19.374Z] 測試項目 2/10 完成
[2025-11-26T03:50:19.376Z] 開始執行測試項目 3/10: 更名功能測試
[2025-11-26T03:50:19.377Z] 開始更名功能測試 (點擊帳號名稱 -> 開啟視窗 -> 點擊 X 關閉)...
[2025-11-26T03:50:21.871Z] 測試項目 3/10 完成
[2025-11-26T03:50:21.872Z] 開始執行測試項目 4/10: 排序按鈕測試
[2025-11-26T03:50:21.873Z] 開始排序按鈕測試...
[2025-11-26T03:50:24.788Z] 測試項目 4/10 完成
[2025-11-26T03:50:24.789Z] 開始執行測試項目 5/10: Promotion 圖片檢查
[2025-11-26T03:50:24.791Z] 開始 Promotion 圖片檢查...
[2025-11-26T03:50:26.011Z] 測試項目 5/10 完成
[2025-11-26T03:50:26.011Z] 開始執行測試項目 6/10: All Streamers 圖片檢查
[2025-11-26T03:50:26.012Z] 開始 All Streamers 圖片檢查...
[2025-11-26T03:50:26.822Z] 測試項目 6/10 完成
[2025-11-26T03:50:26.823Z] 開始執行測試項目 7/10: All Streamers 排列按鈕測試
[2025-11-26T03:50:26.825Z] 開始 All Streamers 排列按鈕測試...
[2025-11-26T03:50:32.753Z] 測試項目 7/10 完成
[2025-11-26T03:50:33.256Z] 開始執行測試項目 8/10: 直播主介紹卡片點擊測試
[2025-11-26T03:50:33.257Z] 開始直播主介紹卡片點擊測試...
[2025-11-26T03:50:39.349Z] 測試項目 8/10 完成
[2025-11-26T03:50:39.351Z] 開始執行測試項目 9/10: 排行榜檢查
[2025-11-26T03:50:39.354Z] 開始排行榜檢查...
[2025-11-26T03:50:40.604Z] 滾動到 All Times 區域 (y: 340)...
[2025-11-26T03:50:42.120Z] 移動滑鼠到 All Times 區域 (座標: 32, 340)...
[2025-11-26T03:50:42.876Z] 已截圖 All Times 區域: C:\Users\penny\OneDrive\Desktop\stream-lobby\debug\ranking-all-times-2025-11-26T03-49-48-941Z.png
[2025-11-26T03:50:42.877Z] 檢查 All Times 資料...
[2025-11-26T03:50:42.884Z] 滾動到 Weekly Ranking 區域 (y: 412)...
[2025-11-26T03:50:44.388Z] 移動滑鼠到 Weekly Ranking 區域 (座標: 50, 412)...
[2025-11-26T03:50:45.104Z] 已截圖 Weekly Ranking 區域: C:\Users\penny\OneDrive\Desktop\stream-lobby\debug\ranking-weekly-2025-11-26T03-49-48-941Z.png
[2025-11-26T03:50:45.106Z] 檢查 Weekly Ranking 資料...
[2025-11-26T03:50:45.308Z] 測試項目 9/10 完成
[2025-11-26T03:50:45.309Z] 開始執行測試項目 10/10: 直播主照片檢查
[2025-11-26T03:50:45.311Z] 開始直播主照片檢查...
[2025-11-26T03:50:45.825Z] 尋找 Photo 分頁按鈕...
[2025-11-26T03:50:46.190Z] ✅ 已點擊 Photo 分頁
[2025-11-26T03:50:46.411Z] 已截圖 (切到 Photo 分頁後): C:\Users\penny\OneDrive\Desktop\stream-lobby\debug\photo-after-tab-2025-11-26T03-49-48-941Z.png
[2025-11-26T03:50:46.413Z] 尋找照片 wrapper 元素 (div[class*="_photoImageWrapper_"]) ...
[2025-11-26T03:50:46.426Z] 找到 photo wrapper 元素數量: 3
[2025-11-26T03:50:46.630Z] 已截圖 (點擊前): C:\Users\penny\OneDrive\Desktop\stream-lobby\debug\photo-before-click-2025-11-26T03-49-48-941Z.png
[2025-11-26T03:50:47.010Z] 第 0 個 wrapper 的 boundingBox: {
  "x": 283,
  "y": 298,
  "width": 390,
  "height": 390
}
[2025-11-26T03:50:47.061Z] ✅ 已點擊第 0 個 wrapper（目前累計點擊 1 張）
[2025-11-26T03:50:47.062Z] 🖱️ 滑鼠點擊該 wrapper 中心: (478, 493)
[2025-11-26T03:50:48.713Z] 第 1 個 wrapper 的 boundingBox: {
  "x": 693,
  "y": 298,
  "width": 390,
  "height": 390
}
[2025-11-26T03:50:48.746Z] ✅ 已點擊第 1 個 wrapper（目前累計點擊 2 張）
[2025-11-26T03:50:48.747Z] 🖱️ 滑鼠點擊該 wrapper 中心: (888, 493)
[2025-11-26T03:50:50.237Z] 已截圖 (兩張 wrapper 點擊後): C:\Users\penny\OneDrive\Desktop\stream-lobby\debug\photo-after-click-2025-11-26T03-49-48-941Z.png
[2025-11-26T03:50:50.238Z] ✅ 直播主照片檢查完成，Photo 分頁=true，已點擊 wrapper 數=2
[2025-11-26T03:50:50.239Z] 測試項目 10/10 完成
[2025-11-26T03:50:50.239Z] 所有測試項目執行完成
[2025-11-26T03:50:50.240Z] ✅ 所有 10 個測試項目都已執行
