[2025-11-26T02:01:40.391Z] 📝 日誌文件已創建: C:\Users\penny\OneDrive\Desktop\stream-lobby\logs\server-2025-11-26T02-01-40-390Z.log
[2025-11-26T02:01:40.396Z] 
🚀 檢查工具伺服器運行在 http://localhost:3000
[2025-11-26T02:01:40.397Z] ━━━━━━━━━━━━━━━━━━━━━━━━━━━━━━━━━━━━━━
[2025-11-26T02:01:40.397Z] 📋 測試工具 1 (7項測試): http://localhost:3000/
[2025-11-26T02:01:40.398Z] 🎮 測試工具 2 (10項測試): http://localhost:3000/test2.html
[2025-11-26T02:01:40.399Z] ━━━━━━━━━━━━━━━━━━━━━━━━━━━━━━━━━━━━━━
[2025-11-26T02:01:40.400Z] 📝 所有日誌將保存到: C:\Users\penny\OneDrive\Desktop\stream-lobby\logs\server-2025-11-26T02-01-40-390Z.log

[2025-11-26T02:02:22.834Z] 開始執行測試項目 1/10: gVersion 版號測試
[2025-11-26T02:02:22.839Z] 測試項目 1/10 完成
[2025-11-26T02:02:22.840Z] 開始執行測試項目 2/10: Stream n'Spin 彈窗測試
[2025-11-26T02:02:22.841Z] 開始 Stream n'Spin 彈窗測試...
[2025-11-26T02:02:25.849Z] 測試項目 2/10 完成
[2025-11-26T02:02:25.850Z] 開始執行測試項目 3/10: 更名功能測試
[2025-11-26T02:02:25.851Z] 開始更名功能測試 (點擊帳號名稱 -> 開啟視窗 -> 點擊 X 關閉)...
[2025-11-26T02:02:28.322Z] 測試項目 3/10 完成
[2025-11-26T02:02:28.322Z] 開始執行測試項目 4/10: 排序按鈕測試
[2025-11-26T02:02:28.323Z] 開始排序按鈕測試...
[2025-11-26T02:02:34.059Z] 測試項目 4/10 完成
[2025-11-26T02:02:34.059Z] 開始執行測試項目 5/10: Promotion 圖片檢查
[2025-11-26T02:02:34.060Z] 開始 Promotion 圖片檢查...
[2025-11-26T02:02:36.663Z] 測試項目 5/10 完成
[2025-11-26T02:02:36.664Z] 開始執行測試項目 6/10: All Streamers 圖片檢查
[2025-11-26T02:02:36.665Z] 開始 All Streamers 圖片檢查...
[2025-11-26T02:02:38.228Z] 測試項目 6/10 完成
[2025-11-26T02:02:38.229Z] 開始執行測試項目 7/10: All Streamers 排列按鈕測試
[2025-11-26T02:02:38.231Z] 開始 All Streamers 排列按鈕測試...
[2025-11-26T02:02:43.926Z] 測試項目 7/10 完成
[2025-11-26T02:02:44.440Z] 開始執行測試項目 8/10: 直播主介紹卡片點擊測試
[2025-11-26T02:02:44.444Z] 開始直播主介紹卡片點擊測試...
[2025-11-26T02:02:50.478Z] 測試項目 8/10 完成
[2025-11-26T02:02:50.479Z] 開始執行測試項目 9/10: 排行榜檢查
[2025-11-26T02:02:50.480Z] 開始排行榜檢查...
[2025-11-26T02:02:51.683Z] 滾動到 All Times 區域 (y: 340)...
[2025-11-26T02:02:53.204Z] 移動滑鼠到 All Times 區域 (座標: 32, 340)...
[2025-11-26T02:02:53.950Z] 已截圖 All Times 區域: C:\Users\penny\OneDrive\Desktop\stream-lobby\debug\ranking-all-times-2025-11-26T02-02-16-421Z.png
[2025-11-26T02:02:53.951Z] 檢查 All Times 資料...
[2025-11-26T02:02:53.958Z] 滾動到 Weekly Ranking 區域 (y: 412)...
[2025-11-26T02:02:55.464Z] 移動滑鼠到 Weekly Ranking 區域 (座標: 50, 412)...
[2025-11-26T02:02:56.169Z] 已截圖 Weekly Ranking 區域: C:\Users\penny\OneDrive\Desktop\stream-lobby\debug\ranking-weekly-2025-11-26T02-02-16-421Z.png
[2025-11-26T02:02:56.170Z] 檢查 Weekly Ranking 資料...
[2025-11-26T02:02:56.376Z] 測試項目 9/10 完成
[2025-11-26T02:02:56.377Z] 開始執行測試項目 10/10: 直播主照片檢查
[2025-11-26T02:02:56.380Z] 開始直播主照片檢查...
[2025-11-26T02:02:57.588Z] 點擊 Photo 分頁...
[2025-11-26T02:02:57.588Z] 滾動到頁面頂部...
[2025-11-26T02:02:58.609Z] ✓ Photo 按鈕已點擊 (Photo) at (888, 536)
[2025-11-26T02:03:00.840Z] 頁面切換驗證: Photo按鈕選中=true, Profile按鈕選中=false
[2025-11-26T02:03:00.841Z] ✓ 已成功切換到 Photo 頁面
[2025-11-26T02:03:00.842Z] 點擊照片區域...
[2025-11-26T02:03:01.351Z] 移動滑鼠到照片區域中心 (座標: 245, 395)...
[2025-11-26T02:03:01.867Z] 點擊照片區域 (座標: 245, 395)...
[2025-11-26T02:03:02.679Z] ✓ 照片區域已點擊
[2025-11-26T02:03:04.450Z] 測試項目 10/10 完成
[2025-11-26T02:03:04.451Z] 所有測試項目執行完成
[2025-11-26T02:03:04.452Z] ✅ 所有 10 個測試項目都已執行
