[2025-11-26T02:07:26.180Z] 📝 日誌文件已創建: C:\Users\penny\OneDrive\Desktop\stream-lobby\logs\server-2025-11-26T02-07-26-179Z.log
[2025-11-26T02:07:26.186Z] 
🚀 檢查工具伺服器運行在 http://localhost:3000
[2025-11-26T02:07:26.187Z] ━━━━━━━━━━━━━━━━━━━━━━━━━━━━━━━━━━━━━━
[2025-11-26T02:07:26.187Z] 📋 測試工具 1 (7項測試): http://localhost:3000/
[2025-11-26T02:07:26.188Z] 🎮 測試工具 2 (10項測試): http://localhost:3000/test2.html
[2025-11-26T02:07:26.189Z] ━━━━━━━━━━━━━━━━━━━━━━━━━━━━━━━━━━━━━━
[2025-11-26T02:07:26.189Z] 📝 所有日誌將保存到: C:\Users\penny\OneDrive\Desktop\stream-lobby\logs\server-2025-11-26T02-07-26-179Z.log

[2025-11-26T02:29:06.698Z] 開始執行測試項目 1/10: gVersion 版號測試
[2025-11-26T02:29:06.707Z] 測試項目 1/10 完成
[2025-11-26T02:29:06.709Z] 開始執行測試項目 2/10: Stream n'Spin 彈窗測試
[2025-11-26T02:29:06.710Z] 開始 Stream n'Spin 彈窗測試...
[2025-11-26T02:29:09.828Z] 測試項目 2/10 完成
[2025-11-26T02:29:09.830Z] 開始執行測試項目 3/10: 更名功能測試
[2025-11-26T02:29:09.831Z] 開始更名功能測試 (點擊帳號名稱 -> 開啟視窗 -> 點擊 X 關閉)...
[2025-11-26T02:29:12.429Z] 測試項目 3/10 完成
[2025-11-26T02:29:12.430Z] 開始執行測試項目 4/10: 排序按鈕測試
[2025-11-26T02:29:12.431Z] 開始排序按鈕測試...
[2025-11-26T02:29:18.740Z] 測試項目 4/10 完成
[2025-11-26T02:29:18.740Z] 開始執行測試項目 5/10: Promotion 圖片檢查
[2025-11-26T02:29:18.741Z] 開始 Promotion 圖片檢查...
[2025-11-26T02:29:22.184Z] 測試項目 5/10 完成
[2025-11-26T02:29:22.185Z] 開始執行測試項目 6/10: All Streamers 圖片檢查
[2025-11-26T02:29:22.188Z] 開始 All Streamers 圖片檢查...
[2025-11-26T02:29:25.347Z] 測試項目 6/10 完成
[2025-11-26T02:29:25.348Z] 開始執行測試項目 7/10: All Streamers 排列按鈕測試
[2025-11-26T02:29:25.350Z] 開始 All Streamers 排列按鈕測試...
[2025-11-26T02:29:31.607Z] 測試項目 7/10 完成
[2025-11-26T02:29:32.121Z] 開始執行測試項目 8/10: 直播主介紹卡片點擊測試
[2025-11-26T02:29:32.122Z] 開始直播主介紹卡片點擊測試...
[2025-11-26T02:29:38.257Z] 測試項目 8/10 完成
[2025-11-26T02:29:38.257Z] 開始執行測試項目 9/10: 排行榜檢查
[2025-11-26T02:29:38.259Z] 開始排行榜檢查...
[2025-11-26T02:29:39.495Z] 滾動到 All Times 區域 (y: 340)...
[2025-11-26T02:29:41.012Z] 移動滑鼠到 All Times 區域 (座標: 32, 340)...
[2025-11-26T02:29:41.797Z] 已截圖 All Times 區域: C:\Users\penny\OneDrive\Desktop\stream-lobby\debug\ranking-all-times-2025-11-26T02-29-00-013Z.png
[2025-11-26T02:29:41.797Z] 檢查 All Times 資料...
[2025-11-26T02:29:41.809Z] 滾動到 Weekly Ranking 區域 (y: 412)...
[2025-11-26T02:29:43.328Z] 移動滑鼠到 Weekly Ranking 區域 (座標: 50, 412)...
[2025-11-26T02:29:44.102Z] 已截圖 Weekly Ranking 區域: C:\Users\penny\OneDrive\Desktop\stream-lobby\debug\ranking-weekly-2025-11-26T02-29-00-013Z.png
[2025-11-26T02:29:44.105Z] 檢查 Weekly Ranking 資料...
[2025-11-26T02:29:44.324Z] 測試項目 9/10 完成
[2025-11-26T02:29:44.326Z] 開始執行測試項目 10/10: 直播主照片檢查
[2025-11-26T02:29:44.327Z] 開始直播主照片檢查...
[2025-11-26T02:29:45.593Z] 點擊 Photo 分頁...
[2025-11-26T02:29:45.594Z] 滾動到頁面頂部...
[2025-11-26T02:29:46.613Z] ✓ Photo 按鈕已點擊 (Photo) at (888, 536)
[2025-11-26T02:29:48.875Z] 頁面切換驗證: Photo按鈕選中=true, Profile按鈕選中=false
[2025-11-26T02:29:48.877Z] ✓ 已成功切換到 Photo 頁面
[2025-11-26T02:29:48.877Z] 點擊照片區域...
[2025-11-26T02:29:48.878Z] 照片區域位置: x=16, y=260, 寬=314, 高=314
[2025-11-26T02:29:48.881Z] 照片區域中心點: (173, 417)
[2025-11-26T02:29:48.881Z] 滾動到照片區域 (y: 260)...
[2025-11-26T02:29:49.905Z] 當前滾動位置: 160px
[2025-11-26T02:29:49.905Z] 照片在視窗中的位置: Y=100px
[2025-11-26T02:29:49.906Z] 移動滑鼠到照片中心 (視窗座標: 173, 257)...
[2025-11-26T02:29:50.763Z] 執行點擊照片 (座標: 173, 257)...
[2025-11-26T02:29:51.778Z] ✓ 照片已點擊 (不論是否有照片資料)
[2025-11-26T02:29:53.488Z] 測試項目 10/10 完成
[2025-11-26T02:29:53.489Z] 所有測試項目執行完成
[2025-11-26T02:29:53.489Z] ✅ 所有 10 個測試項目都已執行
[2025-11-26T02:30:48.169Z] 開始執行測試項目 1/10: gVersion 版號測試
[2025-11-26T02:30:48.176Z] 測試項目 1/10 完成
[2025-11-26T02:30:48.176Z] 開始執行測試項目 2/10: Stream n'Spin 彈窗測試
[2025-11-26T02:30:48.177Z] 開始 Stream n'Spin 彈窗測試...
[2025-11-26T02:30:51.111Z] 測試項目 2/10 完成
[2025-11-26T02:30:51.112Z] 開始執行測試項目 3/10: 更名功能測試
[2025-11-26T02:30:51.112Z] 開始更名功能測試 (點擊帳號名稱 -> 開啟視窗 -> 點擊 X 關閉)...
[2025-11-26T02:30:53.621Z] 測試項目 3/10 完成
[2025-11-26T02:30:53.622Z] 開始執行測試項目 4/10: 排序按鈕測試
[2025-11-26T02:30:53.623Z] 開始排序按鈕測試...
[2025-11-26T02:30:59.353Z] 測試項目 4/10 完成
[2025-11-26T02:30:59.354Z] 開始執行測試項目 5/10: Promotion 圖片檢查
[2025-11-26T02:30:59.354Z] 開始 Promotion 圖片檢查...
[2025-11-26T02:31:01.909Z] 測試項目 5/10 完成
[2025-11-26T02:31:01.910Z] 開始執行測試項目 6/10: All Streamers 圖片檢查
[2025-11-26T02:31:01.911Z] 開始 All Streamers 圖片檢查...
[2025-11-26T02:31:03.436Z] 測試項目 6/10 完成
[2025-11-26T02:31:03.437Z] 開始執行測試項目 7/10: All Streamers 排列按鈕測試
[2025-11-26T02:31:03.437Z] 開始 All Streamers 排列按鈕測試...
[2025-11-26T02:31:09.221Z] 測試項目 7/10 完成
[2025-11-26T02:31:09.728Z] 開始執行測試項目 8/10: 直播主介紹卡片點擊測試
[2025-11-26T02:31:09.729Z] 開始直播主介紹卡片點擊測試...
[2025-11-26T02:31:15.800Z] 測試項目 8/10 完成
[2025-11-26T02:31:15.801Z] 開始執行測試項目 9/10: 排行榜檢查
[2025-11-26T02:31:15.801Z] 開始排行榜檢查...
[2025-11-26T02:31:17.001Z] 滾動到 All Times 區域 (y: 340)...
[2025-11-26T02:31:18.516Z] 移動滑鼠到 All Times 區域 (座標: 32, 340)...
[2025-11-26T02:31:19.265Z] 已截圖 All Times 區域: C:\Users\penny\OneDrive\Desktop\stream-lobby\debug\ranking-all-times-2025-11-26T02-30-41-937Z.png
[2025-11-26T02:31:19.266Z] 檢查 All Times 資料...
[2025-11-26T02:31:19.279Z] 滾動到 Weekly Ranking 區域 (y: 412)...
[2025-11-26T02:31:20.790Z] 移動滑鼠到 Weekly Ranking 區域 (座標: 50, 412)...
[2025-11-26T02:31:21.528Z] 已截圖 Weekly Ranking 區域: C:\Users\penny\OneDrive\Desktop\stream-lobby\debug\ranking-weekly-2025-11-26T02-30-41-937Z.png
[2025-11-26T02:31:21.530Z] 檢查 Weekly Ranking 資料...
[2025-11-26T02:31:21.722Z] 測試項目 9/10 完成
[2025-11-26T02:31:21.723Z] 開始執行測試項目 10/10: 直播主照片檢查
[2025-11-26T02:31:21.723Z] 開始直播主照片檢查...
[2025-11-26T02:31:22.912Z] 點擊 Photo 分頁...
[2025-11-26T02:31:22.912Z] 滾動到頁面頂部...
[2025-11-26T02:31:23.931Z] ✓ Photo 按鈕已點擊 (Photo) at (888, 536)
[2025-11-26T02:31:26.171Z] 頁面切換驗證: Photo按鈕選中=true, Profile按鈕選中=false
[2025-11-26T02:31:26.171Z] ✓ 已成功切換到 Photo 頁面
[2025-11-26T02:31:26.172Z] 點擊照片區域...
[2025-11-26T02:31:26.172Z] 照片區域位置: x=16, y=260, 寬=314, 高=314
[2025-11-26T02:31:26.173Z] 照片區域中心點: (173, 417)
[2025-11-26T02:31:26.173Z] 滾動到照片區域 (y: 260)...
[2025-11-26T02:31:27.181Z] 當前滾動位置: 160px
[2025-11-26T02:31:27.182Z] 照片在視窗中的位置: Y=100px
[2025-11-26T02:31:27.183Z] 移動滑鼠到照片中心 (視窗座標: 173, 257)...
[2025-11-26T02:31:27.998Z] 執行點擊照片 (座標: 173, 257)...
[2025-11-26T02:31:29.013Z] ✓ 照片已點擊 (不論是否有照片資料)
[2025-11-26T02:31:30.730Z] 測試項目 10/10 完成
[2025-11-26T02:31:30.731Z] 所有測試項目執行完成
[2025-11-26T02:31:30.731Z] ✅ 所有 10 個測試項目都已執行
