[2025-11-27T02:19:24.906Z] 📝 日誌文件已創建: C:\Users\penny\OneDrive\Desktop\stream-lobby\logs\server-2025-11-27T02-19-24-895Z.log
[2025-11-27T02:19:24.915Z] 
🚀 檢查工具伺服器運行在 http://localhost:3000
[2025-11-27T02:19:24.916Z] ━━━━━━━━━━━━━━━━━━━━━━━━━━━━━━━━━━━━━━
[2025-11-27T02:19:24.918Z] 📋 測試工具 1 (7項測試): http://localhost:3000/
[2025-11-27T02:19:24.920Z] 🎮 測試工具 2 (10項測試): http://localhost:3000/test2.html
[2025-11-27T02:19:24.922Z] ━━━━━━━━━━━━━━━━━━━━━━━━━━━━━━━━━━━━━━
[2025-11-27T02:19:24.923Z] 📝 所有日誌將保存到: C:\Users\penny\OneDrive\Desktop\stream-lobby\logs\server-2025-11-27T02-19-24-895Z.log

[2025-11-27T02:20:01.749Z] 開始執行測試項目 1/10: gVersion 版號測試
[2025-11-27T02:20:01.763Z] 測試項目 1/10 完成
[2025-11-27T02:20:01.764Z] 開始執行測試項目 2/10: Stream n'Spin 彈窗測試
[2025-11-27T02:20:01.764Z] 開始 Stream n'Spin 彈窗測試...
[2025-11-27T02:20:04.652Z] 測試項目 2/10 完成
[2025-11-27T02:20:04.652Z] 開始執行測試項目 3/10: 更名功能測試
[2025-11-27T02:20:04.653Z] 開始更名功能測試 (點擊帳號名稱 -> 開啟視窗 -> 點擊 X 關閉)...
[2025-11-27T02:20:07.139Z] 測試項目 3/10 完成
[2025-11-27T02:20:07.140Z] 開始執行測試項目 4/10: 排序按鈕測試
[2025-11-27T02:20:07.143Z] 開始排序按鈕測試...
[2025-11-27T02:20:09.902Z] 測試項目 4/10 完成
[2025-11-27T02:20:09.903Z] 開始執行測試項目 5/10: Promotion 圖片檢查
[2025-11-27T02:20:09.904Z] 開始 Promotion 圖片檢查...
[2025-11-27T02:20:11.102Z] 測試項目 5/10 完成
[2025-11-27T02:20:11.102Z] 開始執行測試項目 6/10: All Streamers 圖片檢查
[2025-11-27T02:20:11.103Z] 開始 All Streamers 圖片檢查...
[2025-11-27T02:20:11.868Z] 測試項目 6/10 完成
[2025-11-27T02:20:11.870Z] 開始執行測試項目 7/10: All Streamers 排列按鈕測試
[2025-11-27T02:20:11.871Z] 開始 All Streamers 排列按鈕測試...
[2025-11-27T02:20:17.621Z] 測試項目 7/10 完成
[2025-11-27T02:20:18.124Z] 開始執行測試項目 8/10: 直播主介紹卡片點擊測試
[2025-11-27T02:20:18.126Z] 開始直播主介紹卡片點擊測試...
[2025-11-27T02:20:24.112Z] 測試項目 8/10 完成
[2025-11-27T02:20:24.113Z] 開始執行測試項目 9/10: 排行榜檢查
[2025-11-27T02:20:24.114Z] 開始排行榜檢查...
[2025-11-27T02:20:25.310Z] 滾動到 All Times 區域 (y: 340)...
[2025-11-27T02:20:26.822Z] 移動滑鼠到 All Times 區域 (座標: 32, 340)...
[2025-11-27T02:20:27.561Z] 已截圖 All Times 區域: C:\Users\penny\OneDrive\Desktop\stream-lobby\debug\ranking-all-times-2025-11-27T02-19-55-416Z.png
[2025-11-27T02:20:27.562Z] 檢查 All Times 資料...
[2025-11-27T02:20:27.567Z] 滾動到 Weekly Ranking 區域 (y: 412)...
[2025-11-27T02:20:29.088Z] 移動滑鼠到 Weekly Ranking 區域 (座標: 50, 412)...
[2025-11-27T02:20:29.752Z] 已截圖 Weekly Ranking 區域: C:\Users\penny\OneDrive\Desktop\stream-lobby\debug\ranking-weekly-2025-11-27T02-19-55-416Z.png
[2025-11-27T02:20:29.753Z] 檢查 Weekly Ranking 資料...
[2025-11-27T02:20:29.916Z] 測試項目 9/10 完成
[2025-11-27T02:20:29.917Z] 開始執行測試項目 10/10: 直播主照片檢查
[2025-11-27T02:20:29.917Z] 開始直播主照片檢查...
[2025-11-27T02:20:29.987Z] 已點擊 Photo 分頁
[2025-11-27T02:20:29.995Z] 找到 3 張照片（含破圖也算）
[2025-11-27T02:20:30.084Z] 照片統計：總數=3，正常=0，破圖=3（第 1、2、3 張為破圖）
[2025-11-27T02:20:30.169Z] 已點擊第 1 張照片
[2025-11-27T02:20:31.186Z] 偵測到照片大圖彈窗，嘗試關閉...
[2025-11-27T02:20:31.200Z] 照片大圖彈窗已透過 Esc 關閉
[2025-11-27T02:20:31.305Z] 已點擊第 2 張照片
[2025-11-27T02:20:32.317Z] 偵測到照片大圖彈窗，嘗試關閉...
[2025-11-27T02:20:32.325Z] 照片大圖彈窗已透過 Esc 關閉
[2025-11-27T02:20:32.326Z] ❌ 照片異常：共 3 張，正常 0 張，破圖 3 張（第 1、2、3 張為破圖）
[2025-11-27T02:20:32.326Z] 測試項目 10/10 完成
[2025-11-27T02:20:32.327Z] 所有測試項目執行完成
[2025-11-27T02:20:32.327Z] ✅ 所有 10 個測試項目都已執行
