[2025-11-25T08:56:39.454Z] 📝 日誌文件已創建: C:\Users\penny\OneDrive\Desktop\stream-lobby\logs\server-2025-11-25T08-56-39-450Z.log
[2025-11-25T08:56:39.476Z] 
🚀 檢查工具伺服器運行在 http://localhost:3000
[2025-11-25T08:56:39.478Z] ━━━━━━━━━━━━━━━━━━━━━━━━━━━━━━━━━━━━━━
[2025-11-25T08:56:39.479Z] 📋 測試工具 1 (7項測試): http://localhost:3000/
[2025-11-25T08:56:39.481Z] 🎮 測試工具 2 (10項測試): http://localhost:3000/test2.html
[2025-11-25T08:56:39.484Z] ━━━━━━━━━━━━━━━━━━━━━━━━━━━━━━━━━━━━━━
[2025-11-25T08:56:39.488Z] 📝 所有日誌將保存到: C:\Users\penny\OneDrive\Desktop\stream-lobby\logs\server-2025-11-25T08-56-39-450Z.log

[2025-11-25T08:58:17.505Z] 開始執行測試項目 1/9: gVersion 版號測試
[2025-11-25T08:58:17.530Z] 測試項目 1/9 完成
[2025-11-25T08:58:17.534Z] 開始執行測試項目 2/9: Stream n'Spin 彈窗測試
[2025-11-25T08:58:17.537Z] 開始 Stream n'Spin 彈窗測試...
[2025-11-25T08:58:21.060Z] 測試項目 2/9 完成
[2025-11-25T08:58:21.062Z] 開始執行測試項目 3/9: 更名功能測試
[2025-11-25T08:58:21.067Z] 開始更名功能測試 (點擊帳號名稱 -> 開啟視窗 -> 點擊 X 關閉)...
[2025-11-25T08:58:24.160Z] 測試項目 3/9 完成
[2025-11-25T08:58:24.185Z] 開始執行測試項目 4/8: 排序按鈕測試
[2025-11-25T08:58:24.192Z] 開始排序按鈕測試...
[2025-11-25T08:58:30.671Z] 測試項目 4/9 完成
[2025-11-25T08:58:30.673Z] 開始執行測試項目 5/9: Promotion 圖片檢查
[2025-11-25T08:58:30.675Z] 開始 Promotion 圖片檢查...
[2025-11-25T08:58:34.194Z] 測試項目 5/9 完成
[2025-11-25T08:58:34.197Z] 開始執行測試項目 6/9: All Streamers 圖片檢查
[2025-11-25T08:58:34.201Z] 開始 All Streamers 圖片檢查...
[2025-11-25T08:58:36.509Z] 測試項目 6/9 完成
[2025-11-25T08:58:36.510Z] 開始執行測試項目 7/9: All Streamers 排列按鈕測試
[2025-11-25T08:58:36.514Z] 開始 All Streamers 排列按鈕測試...
[2025-11-25T08:58:43.553Z] 測試項目 7/9 完成
[2025-11-25T08:58:44.071Z] 開始執行測試項目 8/9: 直播主介紹卡片點擊測試
[2025-11-25T08:58:44.183Z] 開始直播主介紹卡片點擊測試...
[2025-11-25T08:58:51.205Z] 測試項目 8/9 完成
[2025-11-25T08:58:51.207Z] 開始執行測試項目 9/9: 排行榜檢查
[2025-11-25T08:58:51.211Z] 開始排行榜檢查...
[2025-11-25T08:58:52.645Z] 滾動到 All Times 區域 (y: 340)...
[2025-11-25T08:58:54.166Z] 移動滑鼠到 All Times 區域 (座標: 32, 340)...
[2025-11-25T08:58:55.152Z] 已截圖 All Times 區域: C:\Users\penny\OneDrive\Desktop\stream-lobby\debug\ranking-all-times-2025-11-25T08-58-06-060Z.png
[2025-11-25T08:58:55.164Z] 檢查 All Times 資料...
[2025-11-25T08:58:55.181Z] All Times 檢查結果: {
  "found": true,
  "hasData": true,
  "textContent": "All Timestrytry01$2,012,000Ash2248$1,110,000Victor8147$601,000",
  "textLength": 62
}
[2025-11-25T08:58:55.190Z] 滾動到 Weekly Ranking 區域 (y: 412)...
[2025-11-25T08:58:56.718Z] 移動滑鼠到 Weekly Ranking 區域 (座標: 50, 412)...
[2025-11-25T08:58:57.600Z] 已截圖 Weekly Ranking 區域: C:\Users\penny\OneDrive\Desktop\stream-lobby\debug\ranking-weekly-2025-11-25T08-58-06-060Z.png
[2025-11-25T08:58:57.603Z] 檢查 Weekly Ranking 資料...
[2025-11-25T08:58:57.620Z] Weekly Ranking 檢查結果: {
  "found": true,
  "hasData": true,
  "textContent": "All Timestrytry01$2,012,000Ash2248$1,110,000Victor8147$601,000",
  "textLength": 62
}
[2025-11-25T08:58:57.965Z] 測試項目 9/9 完成
[2025-11-25T08:58:57.966Z] 所有測試項目執行完成
[2025-11-25T08:58:57.967Z] ✅ 所有 9 個測試項目都已執行
